Archive member included to satisfy reference by file (symbol)

c:/nxp/mcuxpressoide_11.8.0_1165/ide/plugins/com.nxp.mcuxpresso.tools.win32_11.8.0.202306131047/tools/bin/../lib/gcc/arm-none-eabi/12.2.1/../../../../arm-none-eabi/lib/thumb/v6-m/nofp\libcr_nohost_nf.a(_cr__main.o)
                              ./startup/startup_mkl25z4.o (__main)
c:/nxp/mcuxpressoide_11.8.0_1165/ide/plugins/com.nxp.mcuxpresso.tools.win32_11.8.0.202306131047/tools/bin/../lib/gcc/arm-none-eabi/12.2.1/../../../../arm-none-eabi/lib/thumb/v6-m/nofp\libcr_nohost_nf.a(_cr_assert.o)
                              ./drivers/fsl_clock.o (__assertion_failed)
c:/nxp/mcuxpressoide_11.8.0_1165/ide/plugins/com.nxp.mcuxpresso.tools.win32_11.8.0.202306131047/tools/bin/../lib/gcc/arm-none-eabi/12.2.1/../../../../arm-none-eabi/lib/thumb/v6-m/nofp\libcr_nohost_nf.a(__ciob.o)
                              c:/nxp/mcuxpressoide_11.8.0_1165/ide/plugins/com.nxp.mcuxpresso.tools.win32_11.8.0.202306131047/tools/bin/../lib/gcc/arm-none-eabi/12.2.1/../../../../arm-none-eabi/lib/thumb/v6-m/nofp\libcr_nohost_nf.a(_cr_assert.o) (__Ciob)
c:/nxp/mcuxpressoide_11.8.0_1165/ide/plugins/com.nxp.mcuxpresso.tools.win32_11.8.0.202306131047/tools/bin/../lib/gcc/arm-none-eabi/12.2.1/../../../../arm-none-eabi/lib/thumb/v6-m/nofp\libcr_nohost_nf.a(__sys_appexit.o)
                              c:/nxp/mcuxpressoide_11.8.0_1165/ide/plugins/com.nxp.mcuxpresso.tools.win32_11.8.0.202306131047/tools/bin/../lib/gcc/arm-none-eabi/12.2.1/../../../../arm-none-eabi/lib/thumb/v6-m/nofp\libcr_nohost_nf.a(_cr_assert.o) (__sys_appexit)
c:/nxp/mcuxpressoide_11.8.0_1165/ide/plugins/com.nxp.mcuxpresso.tools.win32_11.8.0.202306131047/tools/bin/../lib/gcc/arm-none-eabi/12.2.1/../../../../arm-none-eabi/lib/thumb/v6-m/nofp\libcr_c.a(memcpy.o)
                              ./freertos/queue.o (memcpy)
c:/nxp/mcuxpressoide_11.8.0_1165/ide/plugins/com.nxp.mcuxpresso.tools.win32_11.8.0.202306131047/tools/bin/../lib/gcc/arm-none-eabi/12.2.1/../../../../arm-none-eabi/lib/thumb/v6-m/nofp\libcr_c.a(memset.o)
                              ./freertos/tasks.o (memset)
c:/nxp/mcuxpressoide_11.8.0_1165/ide/plugins/com.nxp.mcuxpresso.tools.win32_11.8.0.202306131047/tools/bin/../lib/gcc/arm-none-eabi/12.2.1/../../../../arm-none-eabi/lib/thumb/v6-m/nofp\libcr_c.a(_deferredlazyseek.o)
                              c:/nxp/mcuxpressoide_11.8.0_1165/ide/plugins/com.nxp.mcuxpresso.tools.win32_11.8.0.202306131047/tools/bin/../lib/gcc/arm-none-eabi/12.2.1/../../../../arm-none-eabi/lib/thumb/v6-m/nofp\libcr_nohost_nf.a(_cr_assert.o) (__flsbuf)
c:/nxp/mcuxpressoide_11.8.0_1165/ide/plugins/com.nxp.mcuxpresso.tools.win32_11.8.0.202306131047/tools/bin/../lib/gcc/arm-none-eabi/12.2.1/../../../../arm-none-eabi/lib/thumb/v6-m/nofp\libcr_c.a(_fflush.o)
                              c:/nxp/mcuxpressoide_11.8.0_1165/ide/plugins/com.nxp.mcuxpresso.tools.win32_11.8.0.202306131047/tools/bin/../lib/gcc/arm-none-eabi/12.2.1/../../../../arm-none-eabi/lib/thumb/v6-m/nofp\libcr_c.a(_deferredlazyseek.o) (_fflush)
c:/nxp/mcuxpressoide_11.8.0_1165/ide/plugins/com.nxp.mcuxpresso.tools.win32_11.8.0.202306131047/tools/bin/../lib/gcc/arm-none-eabi/12.2.1/../../../../arm-none-eabi/lib/thumb/v6-m/nofp\libcr_c.a(_writebuf.o)
                              c:/nxp/mcuxpressoide_11.8.0_1165/ide/plugins/com.nxp.mcuxpresso.tools.win32_11.8.0.202306131047/tools/bin/../lib/gcc/arm-none-eabi/12.2.1/../../../../arm-none-eabi/lib/thumb/v6-m/nofp\libcr_c.a(_deferredlazyseek.o) (_Cwritebuf)
c:/nxp/mcuxpressoide_11.8.0_1165/ide/plugins/com.nxp.mcuxpresso.tools.win32_11.8.0.202306131047/tools/bin/../lib/gcc/arm-none-eabi/12.2.1/../../../../arm-none-eabi/lib/thumb/v6-m/nofp\libcr_c.a(alloc.o)
                              c:/nxp/mcuxpressoide_11.8.0_1165/ide/plugins/com.nxp.mcuxpresso.tools.win32_11.8.0.202306131047/tools/bin/../lib/gcc/arm-none-eabi/12.2.1/../../../../arm-none-eabi/lib/thumb/v6-m/nofp\libcr_c.a(_deferredlazyseek.o) (_Csys_alloc)
c:/nxp/mcuxpressoide_11.8.0_1165/ide/plugins/com.nxp.mcuxpresso.tools.win32_11.8.0.202306131047/tools/bin/../lib/gcc/arm-none-eabi/12.2.1/../../../../arm-none-eabi/lib/thumb/v6-m/nofp\libcr_c.a(fputs.o)
                              c:/nxp/mcuxpressoide_11.8.0_1165/ide/plugins/com.nxp.mcuxpresso.tools.win32_11.8.0.202306131047/tools/bin/../lib/gcc/arm-none-eabi/12.2.1/../../../../arm-none-eabi/lib/thumb/v6-m/nofp\libcr_nohost_nf.a(_cr_assert.o) (fputs)
c:/nxp/mcuxpressoide_11.8.0_1165/ide/plugins/com.nxp.mcuxpresso.tools.win32_11.8.0.202306131047/tools/bin/../lib/gcc/arm-none-eabi/12.2.1/../../../../arm-none-eabi/lib/thumb/v6-m/nofp\libcr_c.a(fseek.o)
                              c:/nxp/mcuxpressoide_11.8.0_1165/ide/plugins/com.nxp.mcuxpresso.tools.win32_11.8.0.202306131047/tools/bin/../lib/gcc/arm-none-eabi/12.2.1/../../../../arm-none-eabi/lib/thumb/v6-m/nofp\libcr_c.a(_deferredlazyseek.o) (fseek)
[...]
Memory Configuration

Name             Origin             Length             Attributes
PROGRAM_FLASH    0x00000000         0x00020000         xr
SRAM             0x1ffff000         0x00004000         xrw
*default*        0x00000000         0xffffffff

Linker script and memory map

LOAD ./utilities/fsl_debug_console.o
LOAD ./startup/startup_mkl25z4.o
LOAD ./source/i2c.o
LOAD ./source/led.o
LOAD ./source/main.o
LOAD ./source/mtb.o
LOAD ./source/semihost_hardfault.o
LOAD ./source/task.o
LOAD ./source/touch.o
LOAD ./freertos/croutine.o
LOAD ./freertos/event_groups.o
LOAD ./freertos/fsl_tickless_lptmr.o
LOAD ./freertos/fsl_tickless_systick.o
LOAD ./freertos/heap_4.o
LOAD ./freertos/list.o
LOAD ./freertos/port.o
LOAD ./freertos/queue.o
LOAD ./freertos/tasks.o
LOAD ./freertos/timers.o
LOAD ./drivers/fsl_clock.o
LOAD ./drivers/fsl_common.o
LOAD ./drivers/fsl_flash.o
LOAD ./drivers/fsl_gpio.o
LOAD ./drivers/fsl_lpsci.o
LOAD ./drivers/fsl_lpsci_freertos.o
LOAD ./drivers/fsl_smc.o
LOAD ./drivers/fsl_uart.o
LOAD ./drivers/fsl_uart_freertos.o
LOAD ./board/board.o
LOAD ./board/clock_config.o
LOAD ./board/peripherals.o
LOAD ./board/pin_mux.o
LOAD ./CMSIS/system_MKL25Z4.o
START GROUP
LOAD c:/nxp/mcuxpressoide_11.8.0_1165/ide/plugins/com.nxp.mcuxpresso.tools.win32_11.8.0.202306131047/tools/bin/../lib/gcc/arm-none-eabi/12.2.1/../../../../arm-none-eabi/lib/thumb/v6-m/nofp\libcr_nohost_nf.a
LOAD c:/nxp/mcuxpressoide_11.8.0_1165/ide/plugins/com.nxp.mcuxpresso.tools.win32_11.8.0.202306131047/tools/bin/../lib/gcc/arm-none-eabi/12.2.1/../../../../arm-none-eabi/lib/thumb/v6-m/nofp\libcr_c.a
LOAD c:/nxp/mcuxpressoide_11.8.0_1165/ide/plugins/com.nxp.mcuxpresso.tools.win32_11.8.0.202306131047/tools/bin/../lib/gcc/arm-none-eabi/12.2.1/thumb/v6-m/nofp\libcr_eabihelpers.a
LOAD c:/nxp/mcuxpressoide_11.8.0_1165/ide/plugins/com.nxp.mcuxpresso.tools.win32_11.8.0.202306131047/tools/bin/../lib/gcc/arm-none-eabi/12.2.1/thumb/v6-m/nofp\libgcc.a
END GROUP
                0x00000000                __base_PROGRAM_FLASH = 0x0
                0x00000000                __base_Flash = 0x0
                0x00020000                __top_PROGRAM_FLASH = 0x20000
                0x00020000                __top_Flash = 0x20000
                0x1ffff000                __base_SRAM = 0x1ffff000
                0x1ffff000                __base_RAM = 0x1ffff000
                0x20003000                __top_SRAM = 0x20003000
                0x20003000                __top_RAM = 0x20003000

.text           0x00000000     0x6c58
 FILL mask 0xff
                0x00000000                __vectors_start__ = ABSOLUTE (.)
 *(SORT_BY_ALIGNMENT(.isr_vector))
 .isr_vector    0x00000000       0xc0 ./startup/startup_mkl25z4.o
                0x00000000                g_pfnVectors
                0x00000000                __Vectors
                0x000000c0                . = ALIGN (0x4)
                0x000000c0                __section_table_start = .
                0x000000c0                __data_section_table = .
                0x000000c0        0x4 LONG 0x6c58 LOADADDR (.data)
                0x000000c4        0x4 LONG 0x1ffff080 ADDR (.data)
                0x000000c8        0x4 LONG 0x70 SIZEOF (.data)
                0x000000cc                __data_section_table_end = .
                0x000000cc                __bss_section_table = .
                0x000000cc        0x4 LONG 0x1ffff0f0 ADDR (.bss)
                0x000000d0        0x4 LONG 0x2a94 SIZEOF (.bss)
                0x000000d4                __bss_section_table_end = .
                0x000000d4                __section_table_end = .
 *(SORT_BY_ALIGNMENT(.after_vectors*))
 .after_vectors.reset
                0x000000d4       0x4c ./startup/startup_mkl25z4.o
                0x000000d4                ResetISR
 .after_vectors.init_data
                0x00000120       0x12 ./startup/startup_mkl25z4.o
                0x00000120                data_init
 .after_vectors.init_bss
                0x00000132       0x10 ./startup/startup_mkl25z4.o
                0x00000132                bss_init
 .after_vectors
                0x00000142      0x10c ./startup/startup_mkl25z4.o
                0x00000142                NMI_Handler
                0x0000014c                I2C0_DriverIRQHandler
                0x0000014c                DMA0_DriverIRQHandler
                0x0000014c                SPI1_DriverIRQHandler
                0x0000014c                LPTMR0_DriverIRQHandler
                0x0000014c                Reserved39_DriverIRQHandler
                0x0000014c                PIT_DriverIRQHandler
                0x0000014c                PORTD_DriverIRQHandler
                0x0000014c                DMA2_DriverIRQHandler
                0x0000014c                CMP0_DriverIRQHandler
                0x0000014c                TPM2_DriverIRQHandler
                0x0000014c                ADC0_DriverIRQHandler
                0x0000014c                SPI0_DriverIRQHandler
                0x0000014c                TSI0_DriverIRQHandler
                0x0000014c                RTC_Seconds_DriverIRQHandler
                0x0000014c                I2C1_DriverIRQHandler
                0x0000014c                DMA1_DriverIRQHandler
                0x0000014c                LLWU_DriverIRQHandler
                0x0000014c                MCG_DriverIRQHandler
                0x0000014c                RTC_DriverIRQHandler
                0x0000014c                TPM1_DriverIRQHandler
                0x0000014c                PORTA_DriverIRQHandler
                0x0000014c                FTFA_DriverIRQHandler
                0x0000014c                IntDefaultHandler
                0x0000014c                USB0_DriverIRQHandler
                0x0000014c                DAC0_DriverIRQHandler
                0x0000014c                Reserved45_DriverIRQHandler
                0x0000014c                LVD_LVW_DriverIRQHandler
                0x0000014c                TPM0_DriverIRQHandler
                0x0000014c                DMA3_DriverIRQHandler
                0x0000014c                Reserved20_DriverIRQHandler
                0x0000014e                DMA0_IRQHandler
                0x00000156                DMA1_IRQHandler
                0x0000015e                DMA2_IRQHandler
                0x00000166                DMA3_IRQHandler
                0x0000016e                Reserved20_IRQHandler
                0x00000176                FTFA_IRQHandler
                0x0000017e                LVD_LVW_IRQHandler
                0x00000186                LLWU_IRQHandler
                0x0000018e                I2C0_IRQHandler
                0x00000196                I2C1_IRQHandler
                0x0000019e                SPI0_IRQHandler
                0x000001a6                SPI1_IRQHandler
                0x000001ae                UART0_IRQHandler
                0x000001b6                UART1_IRQHandler
                0x000001be                UART2_IRQHandler
                0x000001c6                ADC0_IRQHandler
                0x000001ce                CMP0_IRQHandler
                0x000001d6                TPM0_IRQHandler
                0x000001de                TPM1_IRQHandler
                0x000001e6                TPM2_IRQHandler
                0x000001ee                RTC_IRQHandler
                0x000001f6                RTC_Seconds_IRQHandler
                0x000001fe                PIT_IRQHandler
                0x00000206                Reserved39_IRQHandler
                0x0000020e                USB0_IRQHandler
                0x00000216                DAC0_IRQHandler
                0x0000021e                TSI0_IRQHandler
                0x00000226                MCG_IRQHandler
                0x0000022e                LPTMR0_IRQHandler
                0x00000236                Reserved45_IRQHandler
                0x0000023e                PORTA_IRQHandler
                0x00000246                PORTD_IRQHandler
                0x00000400                . = 0x400
 *fill*         0x0000024e      0x1b2 ff
                0x00000400                PROVIDE (__FLASH_CONFIG_START__ = .)
 *(SORT_BY_ALIGNMENT(.FlashConfig))
 .FlashConfig   0x00000400       0x10 ./startup/startup_mkl25z4.o
                0x00000400                Flash_Config
                0x00000410                PROVIDE (__FLASH_CONFIG_END__ = .)
                0x00000001                ASSERT (! ((__FLASH_CONFIG_START__ == __FLASH_CONFIG_END__)), Linker Flash Config Support Enabled, but no .FlashConfig section provided within application)
 *(SORT_BY_ALIGNMENT(.text*))
 .text.vPortStartFirstTask
                0x00000410       0x38 ./freertos/port.o
 *fill*         0x00000448        0x8 ff
 .text.PendSV_Handler
                0x00000450       0x48 ./freertos/port.o
                0x00000450                PendSV_Handler
 .text.DbgConsole_Init
                0x00000498       0xf4 ./utilities/fsl_debug_console.o
                0x00000498                DbgConsole_Init
 .text.__sys_write
                0x0000058c       0x58 ./utilities/fsl_debug_console.o
                0x0000058c                __sys_write
 .text.i2c_init
                0x000005e4       0x84 ./source/i2c.o
                0x000005e4                i2c_init
 .text.i2c_busy
                0x00000668      0x17c ./source/i2c.o
                0x00000668                i2c_busy
 .text.i2c_wait
                0x000007e4       0x58 ./source/i2c.o
                0x000007e4                i2c_wait
 .text.i2c_read_byte
                0x0000083c       0xc4 ./source/i2c.o
                0x0000083c                i2c_read_byte
 .text.Init_RGB_LED_PWM
                0x00000900      0x12c ./source/led.o
                0x00000900                Init_RGB_LED_PWM
 .text.dim_led  0x00000a2c      0x1f4 ./source/led.o
                0x00000a2c                dim_led
 .text.main     0x00000c20       0x80 ./source/main.o
                0x00000c20                main
 .text.HardFault_Handler
                0x00000ca0       0x38 ./source/semihost_hardfault.o
                0x00000ca0                HardFault_Handler
 .text.forward  0x00000cd8      0x108 ./source/task.o
                0x00000cd8                forward
 .text.reverse  0x00000de0      0x1fc ./source/task.o
                0x00000de0                reverse
 .text.Touch_Init
                0x00000fdc       0x30 ./source/touch.o
                0x00000fdc                Touch_Init
 .text.Touch_Scan_LH
                0x0000100c       0x5c ./source/touch.o
                0x0000100c                Touch_Scan_LH
 .text.prvSetupTimerInterrupt
                0x00001068       0x40 ./freertos/fsl_tickless_lptmr.o
                0x00001068                prvSetupTimerInterrupt
 .text.pvPortMalloc
                0x000010a8      0x150 ./freertos/heap_4.o
                0x000010a8                pvPortMalloc
 .text.vPortFree
                0x000011f8       0x94 ./freertos/heap_4.o
                0x000011f8                vPortFree
 .text.prvHeapInit
                0x0000128c       0xc0 ./freertos/heap_4.o
 .text.prvInsertBlockIntoFreeList
                0x0000134c       0xb0 ./freertos/heap_4.o
 .text.pxPortInitialiseStack
                0x000013fc       0x54 ./freertos/port.o
                0x000013fc                pxPortInitialiseStack
 .text.prvTaskExitError
                0x00001450       0x1c ./freertos/port.o
 .text.xPortStartScheduler
                0x0000146c       0x44 ./freertos/port.o
                0x0000146c                xPortStartScheduler
 .text.vPortYield
                0x000014b0       0x20 ./freertos/port.o
                0x000014b0                vPortYield
 .text.vPortEnterCritical
                0x000014d0       0x24 ./freertos/port.o
                0x000014d0                vPortEnterCritical
 .text.vPortExitCritical
                0x000014f4       0x30 ./freertos/port.o
                0x000014f4                vPortExitCritical
 .text.SysTick_Handler
                0x00001524       0x34 ./freertos/port.o
                0x00001524                SysTick_Handler
 .text.vQueueAddToRegistry
                0x00001558       0x50 ./freertos/queue.o
                0x00001558                vQueueAddToRegistry
 .text.prvInitialiseNewTask
                0x000015a8      0x124 ./freertos/tasks.o
 .text.prvAddNewTaskToReadyList
                0x000016cc       0xd0 ./freertos/tasks.o
 .text.vTaskDelay
                0x0000179c       0x4c ./freertos/tasks.o
                0x0000179c                vTaskDelay
 .text.vTaskSuspend
                0x000017e8       0xb8 ./freertos/tasks.o
                0x000017e8                vTaskSuspend
 .text.prvTaskIsTaskSuspended
                0x000018a0       0x64 ./freertos/tasks.o
 .text.vTaskResume
                0x00001904       0x9c ./freertos/tasks.o
                0x00001904                vTaskResume
 .text.vTaskStartScheduler
                0x000019a0       0x7c ./freertos/tasks.o
                0x000019a0                vTaskStartScheduler
 .text.vTaskSuspendAll
                0x00001a1c       0x18 ./freertos/tasks.o
                0x00001a1c                vTaskSuspendAll
 .text.xTaskResumeAll
                0x00001a34      0x118 ./freertos/tasks.o
                0x00001a34                xTaskResumeAll
 .text.xTaskGetTickCount
                0x00001b4c       0x1c ./freertos/tasks.o
                0x00001b4c                xTaskGetTickCount
 .text.xTaskIncrementTick
                0x00001b68      0x150 ./freertos/tasks.o
                0x00001b68                xTaskIncrementTick
 .text.vTaskSwitchContext
                0x00001cb8       0xa4 ./freertos/tasks.o
                0x00001cb8                vTaskSwitchContext
 .text.vTaskPlaceOnEventList
                0x00001d5c       0x40 ./freertos/tasks.o
                0x00001d5c                vTaskPlaceOnEventList
 .text.vTaskPlaceOnEventListRestricted
                0x00001d9c       0x50 ./freertos/tasks.o
                0x00001d9c                vTaskPlaceOnEventListRestricted
 .text.xTaskRemoveFromEventList
                0x00001dec       0xbc ./freertos/tasks.o
                0x00001dec                xTaskRemoveFromEventList
 .text.vTaskSetTimeOutState
                0x00001ea8       0x34 ./freertos/tasks.o
                0x00001ea8                vTaskSetTimeOutState
 .text.xTaskCheckForTimeOut
                0x00001edc       0xa0 ./freertos/tasks.o
                0x00001edc                xTaskCheckForTimeOut
 .text.vTaskMissedYield
                0x00001f7c       0x14 ./freertos/tasks.o
                0x00001f7c                vTaskMissedYield
 .text.prvIdleTask
                0x00001f90       0x20 ./freertos/tasks.o
 .text.prvInitialiseTaskLists
                0x00001fb0       0x88 ./freertos/tasks.o
 .text.prvCheckTasksWaitingTermination
                0x00002038       0x78 ./freertos/tasks.o
 .text.prvResetNextTaskUnblockTime
                0x000020b0       0x48 ./freertos/tasks.o
 .text.xTaskGetSchedulerState
                0x000020f8       0x38 ./freertos/tasks.o
                0x000020f8                xTaskGetSchedulerState
 .text.vTaskPriorityInherit
                0x00002130       0xbc ./freertos/tasks.o
                0x00002130                vTaskPriorityInherit
 .text.xTaskPriorityDisinherit
                0x000021ec       0xbc ./freertos/tasks.o
                0x000021ec                xTaskPriorityDisinherit
 .text.pvTaskIncrementMutexHeldCount
                0x000022a8       0x24 ./freertos/tasks.o
                0x000022a8                pvTaskIncrementMutexHeldCount
 .text.xTaskGenericNotify
                0x000022cc      0x11c ./freertos/tasks.o
                0x000022cc                xTaskGenericNotify
 .text.xTaskGenericNotifyFromISR
                0x000023e8      0x158 ./freertos/tasks.o
                0x000023e8                xTaskGenericNotifyFromISR
 .text.prvAddCurrentTaskToDelayedList
                0x00002540       0xa8 ./freertos/tasks.o
 .text.xTimerCreateTimerTask
                0x000025e8       0x54 ./freertos/timers.o
                0x000025e8                xTimerCreateTimerTask
 .text.xTimerGenericCommand
                0x0000263c       0x98 ./freertos/timers.o
                0x0000263c                xTimerGenericCommand
 .text.prvProcessExpiredTimer
                0x000026d4       0x74 ./freertos/timers.o
 .text.prvProcessTimerOrBlockTask
                0x00002748       0x8c ./freertos/timers.o
 .text.prvGetNextExpireTime
                0x000027d4       0x40 ./freertos/timers.o
 .text.prvSampleTimeNow
                0x00002814       0x40 ./freertos/timers.o
 .text.prvInsertTimerInActiveList
                0x00002854       0x84 ./freertos/timers.o
 .text.prvProcessReceivedCommands
                0x000028d8      0x134 ./freertos/timers.o
 .text.prvSwitchTimerLists
                0x00002a0c       0xb8 ./freertos/timers.o
 .text.prvCheckForValidListAndQueue
                0x00002ac4       0x74 ./freertos/timers.o
 .text.CLOCK_SetEr32kClock
                0x00002b38       0x34 ./drivers/fsl_clock.o
 .text.CLOCK_SetPllFllSelClock
                0x00002b6c       0x38 ./drivers/fsl_clock.o
 .text.CLOCK_GetMcgExtClkFreq
                0x00002ba4       0x28 ./drivers/fsl_clock.o
 .text.CLOCK_GetFllExtRefClkFreq
                0x00002bcc       0xa8 ./drivers/fsl_clock.o
 .text.CLOCK_GetFllRefClkFreq
                0x00002c74       0x2c ./drivers/fsl_clock.o
 .text.CLOCK_GetOscRangeFromFreq
                0x00002ca0       0x4c ./drivers/fsl_clock.o
 .text.CLOCK_GetPllFllSelClkFreq
                0x00002cec       0x4c ./drivers/fsl_clock.o
                0x00002cec                CLOCK_GetPllFllSelClkFreq
 .text.CLOCK_SetSimConfig
                0x00002d38       0x38 ./drivers/fsl_clock.o
                0x00002d38                CLOCK_SetSimConfig
 .text.CLOCK_GetFllFreq
                0x00002d70       0x84 ./drivers/fsl_clock.o
                0x00002d70                CLOCK_GetFllFreq
 .text.CLOCK_GetPll0Freq
                0x00002df4       0x70 ./drivers/fsl_clock.o
                0x00002df4                CLOCK_GetPll0Freq
 .text.CLOCK_SetInternalRefClkConfig
                0x00002e64      0x124 ./drivers/fsl_clock.o
                0x00002e64                CLOCK_SetInternalRefClkConfig
 .text.CLOCK_EnablePll0
                0x00002f88       0x94 ./drivers/fsl_clock.o
                0x00002f88                CLOCK_EnablePll0
 .text.CLOCK_InitOsc0
                0x0000301c       0x94 ./drivers/fsl_clock.o
                0x0000301c                CLOCK_InitOsc0
 .text.CLOCK_SetPbeMode
                0x000030b0       0xb0 ./drivers/fsl_clock.o
                0x000030b0                CLOCK_SetPbeMode
 .text.CLOCK_BootToPeeMode
                0x00003160       0x70 ./drivers/fsl_clock.o
                0x00003160                CLOCK_BootToPeeMode
 .text.CLOCK_EnableClock
                0x000031d0       0x34 ./drivers/fsl_lpsci.o
 .text.LPSCI_GetInstance
                0x00003204       0x48 ./drivers/fsl_lpsci.o
                0x00003204                LPSCI_GetInstance
 .text.LPSCI_Init
                0x0000324c      0x258 ./drivers/fsl_lpsci.o
                0x0000324c                LPSCI_Init
 .text.LPSCI_GetDefaultConfig
                0x000034a4       0x44 ./drivers/fsl_lpsci.o
                0x000034a4                LPSCI_GetDefaultConfig
 .text.LPSCI_ClearStatusFlags
                0x000034e8       0x94 ./drivers/fsl_lpsci.o
                0x000034e8                LPSCI_ClearStatusFlags
 .text.LPSCI_WriteBlocking
                0x0000357c       0x4c ./drivers/fsl_lpsci.o
                0x0000357c                LPSCI_WriteBlocking
 .text.LPSCI_ReadBlocking
                0x000035c8       0xc0 ./drivers/fsl_lpsci.o
                0x000035c8                LPSCI_ReadBlocking
 .text.UART0_DriverIRQHandler
                0x00003688       0x24 ./drivers/fsl_lpsci.o
                0x00003688                UART0_DriverIRQHandler
 .text.CLOCK_EnableClock
                0x000036ac       0x34 ./drivers/fsl_uart.o
 .text.UART_GetInstance
                0x000036e0       0x54 ./drivers/fsl_uart.o
                0x000036e0                UART_GetInstance
 .text.UART_Init
                0x00003734      0x1e0 ./drivers/fsl_uart.o
                0x00003734                UART_Init
 .text.UART_GetDefaultConfig
                0x00003914       0x44 ./drivers/fsl_uart.o
                0x00003914                UART_GetDefaultConfig
 .text.UART_ReadBlocking
                0x00003958       0x98 ./drivers/fsl_uart.o
                0x00003958                UART_ReadBlocking
 .text.UART1_DriverIRQHandler
                0x000039f0       0x24 ./drivers/fsl_uart.o
                0x000039f0                UART1_DriverIRQHandler
 .text.UART2_DriverIRQHandler
                0x00003a14       0x24 ./drivers/fsl_uart.o
                0x00003a14                UART2_DriverIRQHandler
 .text.CLOCK_SetLpsci0Clock
                0x00003a38       0x38 ./board/board.o
 .text.BOARD_InitDebugConsole
                0x00003a70       0x30 ./board/board.o
                0x00003a70                BOARD_InitDebugConsole
 .text.CLOCK_SetSimSafeDivs
                0x00003aa0       0x20 ./board/clock_config.o
 .text.CLOCK_SetXtal0Freq
                0x00003ac0       0x1c ./board/clock_config.o
 .text.CLOCK_CONFIG_SetFllExtRefDiv
                0x00003adc       0x3c ./board/clock_config.o
 .text.BOARD_BootClockRUN
                0x00003b18       0x64 ./board/clock_config.o
                0x00003b18                BOARD_BootClockRUN
 .text.CLOCK_EnableClock
                0x00003b7c       0x34 ./board/pin_mux.o
 .text.PORT_SetPinMux
                0x00003bb0       0x40 ./board/pin_mux.o
 .text.BOARD_InitPins
                0x00003bf0       0x4c ./board/pin_mux.o
                0x00003bf0                BOARD_InitPins
 .text.SystemInit
                0x00003c3c       0x18 ./CMSIS/system_MKL25Z4.o
                0x00003c3c                SystemInit
 .text.__assertion_failed
                0x00003c54       0x50 c:/nxp/mcuxpressoide_11.8.0_1165/ide/plugins/com.nxp.mcuxpresso.tools.win32_11.8.0.202306131047/tools/bin/../lib/gcc/arm-none-eabi/12.2.1/../../../../arm-none-eabi/lib/thumb/v6-m/nofp\libcr_nohost_nf.a(_cr_assert.o)
                0x00003c54                __assertion_failed
 .text._deferredlazyseek
                0x00003ca4       0x40 c:/nxp/mcuxpressoide_11.8.0_1165/ide/plugins/com.nxp.mcuxpresso.tools.win32_11.8.0.202306131047/tools/bin/../lib/gcc/arm-none-eabi/12.2.1/../../../../arm-none-eabi/lib/thumb/v6-m/nofp\libcr_c.a(_deferredlazyseek.o)
                0x00003ca4                _deferredlazyseek
 .text.__flsbuf
                0x00003ce4      0x150 c:/nxp/mcuxpressoide_11.8.0_1165/ide/plugins/com.nxp.mcuxpresso.tools.win32_11.8.0.202306131047/tools/bin/../lib/gcc/arm-none-eabi/12.2.1/../../../../arm-none-eabi/lib/thumb/v6-m/nofp\libcr_c.a(_deferredlazyseek.o)
                0x00003ce4                __flsbuf
 .text._fflush  0x00003e34       0x5c c:/nxp/mcuxpressoide_11.8.0_1165/ide/plugins/com.nxp.mcuxpresso.tools.win32_11.8.0.202306131047/tools/bin/../lib/gcc/arm-none-eabi/12.2.1/../../../../arm-none-eabi/lib/thumb/v6-m/nofp\libcr_c.a(_fflush.o)
                0x00003e34                _fflush
 .text._Cwritebuf
                0x00003e90       0x68 c:/nxp/mcuxpressoide_11.8.0_1165/ide/plugins/com.nxp.mcuxpresso.tools.win32_11.8.0.202306131047/tools/bin/../lib/gcc/arm-none-eabi/12.2.1/../../../../arm-none-eabi/lib/thumb/v6-m/nofp\libcr_c.a(_writebuf.o)
                0x00003e90                _Cwritebuf
 .text.malloc   0x00003ef8       0xdc c:/nxp/mcuxpressoide_11.8.0_1165/ide/plugins/com.nxp.mcuxpresso.tools.win32_11.8.0.202306131047/tools/bin/../lib/gcc/arm-none-eabi/12.2.1/../../../../arm-none-eabi/lib/thumb/v6-m/nofp\libcr_c.a(alloc.o)
                0x00003ef8                malloc
 .text._Csys_alloc
                0x00003fd4       0x20 c:/nxp/mcuxpressoide_11.8.0_1165/ide/plugins/com.nxp.mcuxpresso.tools.win32_11.8.0.202306131047/tools/bin/../lib/gcc/arm-none-eabi/12.2.1/../../../../arm-none-eabi/lib/thumb/v6-m/nofp\libcr_c.a(alloc.o)
                0x00003fd4                _Csys_alloc
 .text.fseek    0x00003ff4       0xec c:/nxp/mcuxpressoide_11.8.0_1165/ide/plugins/com.nxp.mcuxpresso.tools.win32_11.8.0.202306131047/tools/bin/../lib/gcc/arm-none-eabi/12.2.1/../../../../arm-none-eabi/lib/thumb/v6-m/nofp\libcr_c.a(fseek.o)
                0x00003ff4                fseek
 .text.ftell    0x000040e0       0x4c c:/nxp/mcuxpressoide_11.8.0_1165/ide/plugins/com.nxp.mcuxpresso.tools.win32_11.8.0.202306131047/tools/bin/../lib/gcc/arm-none-eabi/12.2.1/../../../../arm-none-eabi/lib/thumb/v6-m/nofp\libcr_c.a(ftell.o)
                0x000040e0                ftell
 .text._initio  0x0000412c       0x7c c:/nxp/mcuxpressoide_11.8.0_1165/ide/plugins/com.nxp.mcuxpresso.tools.win32_11.8.0.202306131047/tools/bin/../lib/gcc/arm-none-eabi/12.2.1/../../../../arm-none-eabi/lib/thumb/v6-m/nofp\libcr_c.a(initio.o)
                0x0000412c                _initio
 .text.__vfprintf
                0x000041a8      0xd88 c:/nxp/mcuxpressoide_11.8.0_1165/ide/plugins/com.nxp.mcuxpresso.tools.win32_11.8.0.202306131047/tools/bin/../lib/gcc/arm-none-eabi/12.2.1/../../../../arm-none-eabi/lib/thumb/v6-m/nofp\libcr_c.a(printf.o)
                0x000041a8                __vfprintf
 .text._vsnprintf
                0x00004f30       0x70 c:/nxp/mcuxpressoide_11.8.0_1165/ide/plugins/com.nxp.mcuxpresso.tools.win32_11.8.0.202306131047/tools/bin/../lib/gcc/arm-none-eabi/12.2.1/../../../../arm-none-eabi/lib/thumb/v6-m/nofp\libcr_c.a(printf.o)
                0x00004f30                _vsnprintf
 .text._printf  0x00004fa0       0x50 c:/nxp/mcuxpressoide_11.8.0_1165/ide/plugins/com.nxp.mcuxpresso.tools.win32_11.8.0.202306131047/tools/bin/../lib/gcc/arm-none-eabi/12.2.1/../../../../arm-none-eabi/lib/thumb/v6-m/nofp\libcr_c.a(printf.o)
                0x00004fa0                _printf
 .text.setvbuf  0x00004ff0       0x4c c:/nxp/mcuxpressoide_11.8.0_1165/ide/plugins/com.nxp.mcuxpresso.tools.win32_11.8.0.202306131047/tools/bin/../lib/gcc/arm-none-eabi/12.2.1/../../../../arm-none-eabi/lib/thumb/v6-m/nofp\libcr_c.a(setvbuf.o)
                0x00004ff0                setvbuf
 .text.strlen   0x0000503c       0x5c c:/nxp/mcuxpressoide_11.8.0_1165/ide/plugins/com.nxp.mcuxpresso.tools.win32_11.8.0.202306131047/tools/bin/../lib/gcc/arm-none-eabi/12.2.1/../../../../arm-none-eabi/lib/thumb/v6-m/nofp\libcr_c.a(strlen.o)
                0x0000503c                strlen
 .text._sbrk    0x00005098       0x44 c:/nxp/mcuxpressoide_11.8.0_1165/ide/plugins/com.nxp.mcuxpresso.tools.win32_11.8.0.202306131047/tools/bin/../lib/gcc/arm-none-eabi/12.2.1/../../../../arm-none-eabi/lib/thumb/v6-m/nofp\libcr_c.a(_cr_sbrk.o)
                0x00005098                _sbrk
 .text._fdopen  0x000050dc       0x74 c:/nxp/mcuxpressoide_11.8.0_1165/ide/plugins/com.nxp.mcuxpresso.tools.win32_11.8.0.202306131047/tools/bin/../lib/gcc/arm-none-eabi/12.2.1/../../../../arm-none-eabi/lib/thumb/v6-m/nofp\libcr_c.a(_fdopen.o)
                0x000050dc                _fdopen
 .text.fclose   0x00005150       0x5c c:/nxp/mcuxpressoide_11.8.0_1165/ide/plugins/com.nxp.mcuxpresso.tools.win32_11.8.0.202306131047/tools/bin/../lib/gcc/arm-none-eabi/12.2.1/../../../../arm-none-eabi/lib/thumb/v6-m/nofp\libcr_c.a(fclose.o)
                0x00005150                fclose
 .text.fflush   0x000051ac       0x40 c:/nxp/mcuxpressoide_11.8.0_1165/ide/plugins/com.nxp.mcuxpresso.tools.win32_11.8.0.202306131047/tools/bin/../lib/gcc/arm-none-eabi/12.2.1/../../../../arm-none-eabi/lib/thumb/v6-m/nofp\libcr_c.a(fflush.o)
                0x000051ac                fflush
 .text.__check_heap_overflow
                0x000051ec       0x18 c:/nxp/mcuxpressoide_11.8.0_1165/ide/plugins/com.nxp.mcuxpresso.tools.win32_11.8.0.202306131047/tools/bin/../lib/gcc/arm-none-eabi/12.2.1/../../../../arm-none-eabi/lib/thumb/v6-m/nofp\libcr_c.a(_cr_check_heap.o)
                0x000051ec                __check_heap_overflow
 .text._do_fflush
                0x00005204       0x48 c:/nxp/mcuxpressoide_11.8.0_1165/ide/plugins/com.nxp.mcuxpresso.tools.win32_11.8.0.202306131047/tools/bin/../lib/gcc/arm-none-eabi/12.2.1/../../../../arm-none-eabi/lib/thumb/v6-m/nofp\libcr_c.a(_do_fflush.o)
                0x00005204                _do_fflush
 .text.__aeabi_dmul
                0x0000524c      0x194 c:/nxp/mcuxpressoide_11.8.0_1165/ide/plugins/com.nxp.mcuxpresso.tools.win32_11.8.0.202306131047/tools/bin/../lib/gcc/arm-none-eabi/12.2.1/thumb/v6-m/nofp\libcr_eabihelpers.a(double.o)
                0x0000524c                __aeabi_dmul
 .text.__aeabi_dsub
                0x000053e0      0x1d4 c:/nxp/mcuxpressoide_11.8.0_1165/ide/plugins/com.nxp.mcuxpresso.tools.win32_11.8.0.202306131047/tools/bin/../lib/gcc/arm-none-eabi/12.2.1/thumb/v6-m/nofp\libcr_eabihelpers.a(double.o)
                0x000053e0                __aeabi_dsub
 .text.__aeabi_dadd
                0x000055b4      0x150 c:/nxp/mcuxpressoide_11.8.0_1165/ide/plugins/com.nxp.mcuxpresso.tools.win32_11.8.0.202306131047/tools/bin/../lib/gcc/arm-none-eabi/12.2.1/thumb/v6-m/nofp\libcr_eabihelpers.a(double.o)
                0x000055b4                __aeabi_dadd
 .text.__aeabi_d2uiz
                0x00005704       0x38 c:/nxp/mcuxpressoide_11.8.0_1165/ide/plugins/com.nxp.mcuxpresso.tools.win32_11.8.0.202306131047/tools/bin/../lib/gcc/arm-none-eabi/12.2.1/thumb/v6-m/nofp\libcr_eabihelpers.a(double.o)
                0x00005704                __aeabi_d2uiz
 .text.__aeabi_fmul
                0x0000573c       0xd0 c:/nxp/mcuxpressoide_11.8.0_1165/ide/plugins/com.nxp.mcuxpresso.tools.win32_11.8.0.202306131047/tools/bin/../lib/gcc/arm-none-eabi/12.2.1/thumb/v6-m/nofp\libcr_eabihelpers.a(float.o)
                0x0000573c                __aeabi_fmul
 .text.__aeabi_fdiv
                0x0000580c       0xe4 c:/nxp/mcuxpressoide_11.8.0_1165/ide/plugins/com.nxp.mcuxpresso.tools.win32_11.8.0.202306131047/tools/bin/../lib/gcc/arm-none-eabi/12.2.1/thumb/v6-m/nofp\libcr_eabihelpers.a(float.o)
                0x0000580c                __aeabi_fdiv
 .text.UART_EnableTx
                0x000058f0       0x40 ./utilities/fsl_debug_console.o
 .text.UART_EnableRx
                0x00005930       0x40 ./utilities/fsl_debug_console.o
 .text.LPSCI_EnableTx
                0x00005970       0x40 ./utilities/fsl_debug_console.o
 .text.LPSCI_EnableRx
                0x000059b0       0x40 ./utilities/fsl_debug_console.o
 .text.vListInitialise
                0x000059f0       0x3c ./freertos/list.o
                0x000059f0                vListInitialise
 .text.vListInitialiseItem
                0x00005a2c       0x16 ./freertos/list.o
                0x00005a2c                vListInitialiseItem
 .text.vListInsertEnd
                0x00005a42       0x44 ./freertos/list.o
                0x00005a42                vListInsertEnd
 .text.vListInsert
                0x00005a86       0x6c ./freertos/list.o
                0x00005a86                vListInsert
 .text.uxListRemove
                0x00005af2       0x50 ./freertos/list.o
                0x00005af2                uxListRemove
 .text.SVC_Handler
                0x00005b42        0xa ./freertos/port.o
                0x00005b42                SVC_Handler
 .text.ulSetInterruptMaskFromISR
                0x00005b4c        0xc ./freertos/port.o
                0x00005b4c                ulSetInterruptMaskFromISR
 .text.vClearInterruptMaskFromISR
                0x00005b58        0x8 ./freertos/port.o
                0x00005b58                vClearInterruptMaskFromISR
 .text.xQueueGenericReset
                0x00005b60       0xaa ./freertos/queue.o
                0x00005b60                xQueueGenericReset
 .text.xQueueGenericCreate
                0x00005c0a       0x66 ./freertos/queue.o
                0x00005c0a                xQueueGenericCreate
 .text.prvInitialiseNewQueue
                0x00005c70       0x4e ./freertos/queue.o
 .text.xQueueGenericSend
                0x00005cbe      0x190 ./freertos/queue.o
                0x00005cbe                xQueueGenericSend
 .text.xQueueGenericSendFromISR
                0x00005e4e       0xe8 ./freertos/queue.o
                0x00005e4e                xQueueGenericSendFromISR
 .text.xQueueGenericReceive
                0x00005f36      0x1ce ./freertos/queue.o
                0x00005f36                xQueueGenericReceive
 .text.prvCopyDataToQueue
                0x00006104       0xd6 ./freertos/queue.o
 .text.prvCopyDataFromQueue
                0x000061da       0x4c ./freertos/queue.o
 .text.prvUnlockQueue
                0x00006226       0xbc ./freertos/queue.o
 .text.prvIsQueueEmpty
                0x000062e2       0x2c ./freertos/queue.o
 .text.prvIsQueueFull
                0x0000630e       0x30 ./freertos/queue.o
 .text.vQueueWaitForMessageRestricted
                0x0000633e       0x66 ./freertos/queue.o
                0x0000633e                vQueueWaitForMessageRestricted
 .text.xTaskCreate
                0x000063a4       0x90 ./freertos/tasks.o
                0x000063a4                xTaskCreate
 .text.prvDeleteTCB
                0x00006434       0x22 ./freertos/tasks.o
 .text.prvTimerTask
                0x00006456       0x2a ./freertos/timers.o
 .text.OSC_SetExtRefClkConfig
                0x00006480       0x3e ./drivers/fsl_clock.o
 .text.OSC_SetCapLoad
                0x000064be       0x42 ./drivers/fsl_clock.o
 .text.CLOCK_GetPll0RefFreq
                0x00006500       0x10 ./drivers/fsl_clock.o
 .text.CLOCK_SetExternalRefClkConfig
                0x00006510       0x16 ./drivers/fsl_clock.o
                0x00006510                CLOCK_SetExternalRefClkConfig
 .text.LPSCI_GetStatusFlags
                0x00006526       0x26 ./drivers/fsl_lpsci.o
                0x00006526                LPSCI_GetStatusFlags
 .text.UART_GetStatusFlags
                0x0000654c       0x26 ./drivers/fsl_uart.o
                0x0000654c                UART_GetStatusFlags
 .text.UART_WriteBlocking
                0x00006572       0x3c ./drivers/fsl_uart.o
                0x00006572                UART_WriteBlocking
 .text.__main   0x000065ae        0xc c:/nxp/mcuxpressoide_11.8.0_1165/ide/plugins/com.nxp.mcuxpresso.tools.win32_11.8.0.202306131047/tools/bin/../lib/gcc/arm-none-eabi/12.2.1/../../../../arm-none-eabi/lib/thumb/v6-m/nofp\libcr_nohost_nf.a(_cr__main.o)
                0x000065ae                __main
 .text.__sys_appexit
                0x000065ba        0x2 c:/nxp/mcuxpressoide_11.8.0_1165/ide/plugins/com.nxp.mcuxpresso.tools.win32_11.8.0.202306131047/tools/bin/../lib/gcc/arm-none-eabi/12.2.1/../../../../arm-none-eabi/lib/thumb/v6-m/nofp\libcr_nohost_nf.a(__sys_appexit.o)
                0x000065ba                __sys_appexit
                0x000065ba                __exit
 .text.memcpy   0x000065bc        0x8 c:/nxp/mcuxpressoide_11.8.0_1165/ide/plugins/com.nxp.mcuxpresso.tools.win32_11.8.0.202306131047/tools/bin/../lib/gcc/arm-none-eabi/12.2.1/../../../../arm-none-eabi/lib/thumb/v6-m/nofp\libcr_c.a(memcpy.o)
                0x000065bc                memcpy
 .text.memset   0x000065c4        0x8 c:/nxp/mcuxpressoide_11.8.0_1165/ide/plugins/com.nxp.mcuxpresso.tools.win32_11.8.0.202306131047/tools/bin/../lib/gcc/arm-none-eabi/12.2.1/../../../../arm-none-eabi/lib/thumb/v6-m/nofp\libcr_c.a(memset.o)
                0x000065c4                memset
 .text.free     0x000065cc       0x2c c:/nxp/mcuxpressoide_11.8.0_1165/ide/plugins/com.nxp.mcuxpresso.tools.win32_11.8.0.202306131047/tools/bin/../lib/gcc/arm-none-eabi/12.2.1/../../../../arm-none-eabi/lib/thumb/v6-m/nofp\libcr_c.a(alloc.o)
                0x000065cc                free
 .text.fputs    0x000065f8       0x2e c:/nxp/mcuxpressoide_11.8.0_1165/ide/plugins/com.nxp.mcuxpresso.tools.win32_11.8.0.202306131047/tools/bin/../lib/gcc/arm-none-eabi/12.2.1/../../../../arm-none-eabi/lib/thumb/v6-m/nofp\libcr_c.a(fputs.o)
                0x000065f8                fputs
 .text.no_fp_display
                0x00006626        0x4 c:/nxp/mcuxpressoide_11.8.0_1165/ide/plugins/com.nxp.mcuxpresso.tools.win32_11.8.0.202306131047/tools/bin/../lib/gcc/arm-none-eabi/12.2.1/../../../../arm-none-eabi/lib/thumb/v6-m/nofp\libcr_c.a(printf.o)
 .text.remove   0x0000662a       0x12 c:/nxp/mcuxpressoide_11.8.0_1165/ide/plugins/com.nxp.mcuxpresso.tools.win32_11.8.0.202306131047/tools/bin/../lib/gcc/arm-none-eabi/12.2.1/../../../../arm-none-eabi/lib/thumb/v6-m/nofp\libcr_c.a(remove.o)
                0x0000662a                remove
 .text.__aeabi_division_idivmod
                0x0000663c       0x78 c:/nxp/mcuxpressoide_11.8.0_1165/ide/plugins/com.nxp.mcuxpresso.tools.win32_11.8.0.202306131047/tools/bin/../lib/gcc/arm-none-eabi/12.2.1/thumb/v6-m/nofp\libcr_eabihelpers.a(division_32.o)
                0x0000663c                __aeabi_idivmod
                0x0000663c                __aeabi_idiv
                0x00006642                __aeabi_uidivmod
                0x00006642                __aeabi_uidiv
 .text.__aeabi_division_idiv0
                0x000066b4        0x2 c:/nxp/mcuxpressoide_11.8.0_1165/ide/plugins/com.nxp.mcuxpresso.tools.win32_11.8.0.202306131047/tools/bin/../lib/gcc/arm-none-eabi/12.2.1/thumb/v6-m/nofp\libcr_eabihelpers.a(division_idiv0.o)
                0x000066b4                __aeabi_idiv0
 .text.__bhs_ui2d
                0x000066b6       0x5e c:/nxp/mcuxpressoide_11.8.0_1165/ide/plugins/com.nxp.mcuxpresso.tools.win32_11.8.0.202306131047/tools/bin/../lib/gcc/arm-none-eabi/12.2.1/thumb/v6-m/nofp\libcr_eabihelpers.a(double.o)
                0x000066b6                __bhs_ui2d
 .text.__aeabi_i2d
                0x00006714       0x18 c:/nxp/mcuxpressoide_11.8.0_1165/ide/plugins/com.nxp.mcuxpresso.tools.win32_11.8.0.202306131047/tools/bin/../lib/gcc/arm-none-eabi/12.2.1/thumb/v6-m/nofp\libcr_eabihelpers.a(double.o)
                0x00006714                __aeabi_i2d
 .text.__aeabi_f2uiz
                0x0000672c       0x2a c:/nxp/mcuxpressoide_11.8.0_1165/ide/plugins/com.nxp.mcuxpresso.tools.win32_11.8.0.202306131047/tools/bin/../lib/gcc/arm-none-eabi/12.2.1/thumb/v6-m/nofp\libcr_eabihelpers.a(float.o)
                0x0000672c                __aeabi_f2uiz
 .text.__bhs_ui2f
                0x00006756       0x60 c:/nxp/mcuxpressoide_11.8.0_1165/ide/plugins/com.nxp.mcuxpresso.tools.win32_11.8.0.202306131047/tools/bin/../lib/gcc/arm-none-eabi/12.2.1/thumb/v6-m/nofp\libcr_eabihelpers.a(float.o)
                0x00006756                __bhs_ui2f
 .text.__aeabi_i2f
                0x000067b6       0x18 c:/nxp/mcuxpressoide_11.8.0_1165/ide/plugins/com.nxp.mcuxpresso.tools.win32_11.8.0.202306131047/tools/bin/../lib/gcc/arm-none-eabi/12.2.1/thumb/v6-m/nofp\libcr_eabihelpers.a(float.o)
                0x000067b6                __aeabi_i2f
 .text.__aeabi_llong_lmul
                0x000067ce       0x2e c:/nxp/mcuxpressoide_11.8.0_1165/ide/plugins/com.nxp.mcuxpresso.tools.win32_11.8.0.202306131047/tools/bin/../lib/gcc/arm-none-eabi/12.2.1/thumb/v6-m/nofp\libcr_eabihelpers.a(llong.o)
                0x000067ce                __aeabi_lmul
 .text.__aeabi_memcpy
                0x000067fc       0x2c c:/nxp/mcuxpressoide_11.8.0_1165/ide/plugins/com.nxp.mcuxpresso.tools.win32_11.8.0.202306131047/tools/bin/../lib/gcc/arm-none-eabi/12.2.1/thumb/v6-m/nofp\libcr_eabihelpers.a(memcpy.o)
                0x000067fc                __aeabi_memcpy4
                0x000067fc                __aeabi_memcpy8
                0x000067fc                __aeabi_memcpy
 .text.__aeabi_memset_lowlevel
                0x00006828       0x2a c:/nxp/mcuxpressoide_11.8.0_1165/ide/plugins/com.nxp.mcuxpresso.tools.win32_11.8.0.202306131047/tools/bin/../lib/gcc/arm-none-eabi/12.2.1/thumb/v6-m/nofp\libcr_eabihelpers.a(memcpy.o)
                0x00006828                __aeabi_lowlevel_memset
 .text.__gnu_thumb1_case_uqi
                0x00006852       0x10 c:/nxp/mcuxpressoide_11.8.0_1165/ide/plugins/com.nxp.mcuxpresso.tools.win32_11.8.0.202306131047/tools/bin/../lib/gcc/arm-none-eabi/12.2.1/thumb/v6-m/nofp\libcr_eabihelpers.a(thumb1_switch_helpers.o)
                0x00006852                __gnu_thumb1_case_uqi
 .text.__gnu_thumb1_case_shi
                0x00006862       0x10 c:/nxp/mcuxpressoide_11.8.0_1165/ide/plugins/com.nxp.mcuxpresso.tools.win32_11.8.0.202306131047/tools/bin/../lib/gcc/arm-none-eabi/12.2.1/thumb/v6-m/nofp\libcr_eabihelpers.a(thumb1_switch_helpers.o)
                0x00006862                __gnu_thumb1_case_shi
 .text.__gnu_thumb1_case_uhi
                0x00006872       0x10 c:/nxp/mcuxpressoide_11.8.0_1165/ide/plugins/com.nxp.mcuxpresso.tools.win32_11.8.0.202306131047/tools/bin/../lib/gcc/arm-none-eabi/12.2.1/thumb/v6-m/nofp\libcr_eabihelpers.a(thumb1_switch_helpers.o)
                0x00006872                __gnu_thumb1_case_uhi
 .text.__sys_close
                0x00006882        0x6 c:/nxp/mcuxpressoide_11.8.0_1165/ide/plugins/com.nxp.mcuxpresso.tools.win32_11.8.0.202306131047/tools/bin/../lib/gcc/arm-none-eabi/12.2.1/../../../../arm-none-eabi/lib/thumb/v6-m/nofp\libcr_nohost_nf.a(__sys_close.o)
                0x00006882                __sys_close
 .text.__sys_flen
                0x00006888        0x6 c:/nxp/mcuxpressoide_11.8.0_1165/ide/plugins/com.nxp.mcuxpresso.tools.win32_11.8.0.202306131047/tools/bin/../lib/gcc/arm-none-eabi/12.2.1/../../../../arm-none-eabi/lib/thumb/v6-m/nofp\libcr_nohost_nf.a(__sys_flen.o)
                0x00006888                __sys_flen
 .text.__sys_istty
                0x0000688e        0x6 c:/nxp/mcuxpressoide_11.8.0_1165/ide/plugins/com.nxp.mcuxpresso.tools.win32_11.8.0.202306131047/tools/bin/../lib/gcc/arm-none-eabi/12.2.1/../../../../arm-none-eabi/lib/thumb/v6-m/nofp\libcr_nohost_nf.a(__sys_istty.o)
                0x0000688e                __sys_istty
 .text.__sys_remove
                0x00006894        0x6 c:/nxp/mcuxpressoide_11.8.0_1165/ide/plugins/com.nxp.mcuxpresso.tools.win32_11.8.0.202306131047/tools/bin/../lib/gcc/arm-none-eabi/12.2.1/../../../../arm-none-eabi/lib/thumb/v6-m/nofp\libcr_nohost_nf.a(__sys_remove.o)
                0x00006894                __sys_remove
 .text.__sys_seek
                0x0000689a        0x6 c:/nxp/mcuxpressoide_11.8.0_1165/ide/plugins/com.nxp.mcuxpresso.tools.win32_11.8.0.202306131047/tools/bin/../lib/gcc/arm-none-eabi/12.2.1/../../../../arm-none-eabi/lib/thumb/v6-m/nofp\libcr_nohost_nf.a(__sys_seek.o)
                0x0000689a                __sys_seek
 .text.__sys_tmpnam
                0x000068a0        0x6 c:/nxp/mcuxpressoide_11.8.0_1165/ide/plugins/com.nxp.mcuxpresso.tools.win32_11.8.0.202306131047/tools/bin/../lib/gcc/arm-none-eabi/12.2.1/../../../../arm-none-eabi/lib/thumb/v6-m/nofp\libcr_nohost_nf.a(__sys_tmpnam.o)
                0x000068a0                __sys_tmpnam
 *freertos*/tasks.o(SORT_BY_ALIGNMENT(.rodata*))
 *fill*         0x000068a6        0x2 ff
 .rodata.vTaskStartScheduler.str1.4
                0x000068a8        0x5 ./freertos/tasks.o
 *fill*         0x000068ad        0x3 ff
 .rodata.xTaskGenericNotify
                0x000068b0       0x14 ./freertos/tasks.o
 .rodata.xTaskGenericNotifyFromISR
                0x000068c4       0x14 ./freertos/tasks.o
 *(SORT_BY_ALIGNMENT(.rodata) SORT_BY_ALIGNMENT(.rodata.*) SORT_BY_ALIGNMENT(.constdata) SORT_BY_ALIGNMENT(.constdata.*))
 .rodata.main.str1.4
                0x000068d8       0x2e ./source/main.o
 *fill*         0x00006906        0x2 ff
 .rodata.forward.str1.4
                0x00006908       0x60 ./source/task.o
 .rodata.reverse.str1.4
                0x00006968       0x10 ./source/task.o
 .rodata.xTimerCreateTimerTask.str1.4
                0x00006978        0x8 ./freertos/timers.o
 .rodata.prvProcessReceivedCommands
                0x00006980       0x28 ./freertos/timers.o
 .rodata.prvCheckForValidListAndQueue.str1.4
                0x000069a8        0x5 ./freertos/timers.o
 *fill*         0x000069ad        0x3 ff
 .rodata.CLOCK_GetMcgExtClkFreq.str1.4
                0x000069b0       0x1e ./drivers/fsl_clock.o
 *fill*         0x000069ce        0x2 ff
 .rodata.CLOCK_GetPll0Freq.str1.4
                0x000069d0       0x1d ./drivers/fsl_clock.o
 *fill*         0x000069ed        0x3 ff
 .rodata.CLOCK_EnablePll0.str1.4
                0x000069f0       0x19 ./drivers/fsl_clock.o
 *fill*         0x00006a09        0x3 ff
 .rodata.CLOCK_SetPbeMode.str1.4
                0x00006a0c       0x1a ./drivers/fsl_clock.o
 *fill*         0x00006a26        0x2 ff
 .rodata.CLOCK_BootToPeeMode.str1.4
                0x00006a28       0x1a ./drivers/fsl_clock.o
 *fill*         0x00006a42        0x2 ff
 .rodata.fllFactorTable.1
                0x00006a44       0x10 ./drivers/fsl_clock.o
 .rodata.LPSCI_GetInstance.str1.4
                0x00006a54       0x36 ./drivers/fsl_lpsci.o
 *fill*         0x00006a8a        0x2 ff
 .rodata.LPSCI_Init.str1.4
                0x00006a8c       0x43 ./drivers/fsl_lpsci.o
 *fill*         0x00006acf        0x1 ff
 .rodata.LPSCI_GetDefaultConfig.str1.4
                0x00006ad0       0x19 ./drivers/fsl_lpsci.o
 *fill*         0x00006ae9        0x3 ff
 .rodata.LPSCI_WriteBlocking.str1.4
                0x00006aec       0x17 ./drivers/fsl_lpsci.o
 *fill*         0x00006b03        0x1 ff
 .rodata.LPSCI_ReadBlocking.str1.4
                0x00006b04       0x17 ./drivers/fsl_lpsci.o
 *fill*         0x00006b1b        0x1 ff
 .rodata.s_uartBases
                0x00006b1c        0xc ./drivers/fsl_uart.o
 .rodata.s_uartClock
                0x00006b28        0xc ./drivers/fsl_uart.o
 .rodata.UART_GetInstance.str1.4
                0x00006b34       0x2b ./drivers/fsl_uart.o
 *fill*         0x00006b5f        0x1 ff
 .rodata.UART_Init.str1.4
                0x00006b60       0x3e ./drivers/fsl_uart.o
 *fill*         0x00006b9e        0x2 ff
 .rodata.UART_GetDefaultConfig.str1.4
                0x00006ba0       0x18 ./drivers/fsl_uart.o
 .rodata.UART_ReadBlocking.str1.4
                0x00006bb8       0x16 ./drivers/fsl_uart.o
 *fill*         0x00006bce        0x2 ff
 .rodata.mcgConfig_BOARD_BootClockRUN
                0x00006bd0        0xa ./board/clock_config.o
                0x00006bd0                mcgConfig_BOARD_BootClockRUN
 *fill*         0x00006bda        0x2 ff
 .rodata.simConfig_BOARD_BootClockRUN
                0x00006bdc        0x8 ./board/clock_config.o
                0x00006bdc                simConfig_BOARD_BootClockRUN
 .rodata.oscConfig_BOARD_BootClockRUN
                0x00006be4        0x8 ./board/clock_config.o
                0x00006be4                oscConfig_BOARD_BootClockRUN
 .rodata.__num_Ciob_streams
                0x00006bec        0x4 c:/nxp/mcuxpressoide_11.8.0_1165/ide/plugins/com.nxp.mcuxpresso.tools.win32_11.8.0.202306131047/tools/bin/../lib/gcc/arm-none-eabi/12.2.1/../../../../arm-none-eabi/lib/thumb/v6-m/nofp\libcr_nohost_nf.a(__ciob.o)
                0x00006bec                __num_Ciob_streams
 .rodata.__assertion_failed.str1.1
                0x00006bf0       0x15 c:/nxp/mcuxpressoide_11.8.0_1165/ide/plugins/com.nxp.mcuxpresso.tools.win32_11.8.0.202306131047/tools/bin/../lib/gcc/arm-none-eabi/12.2.1/../../../../arm-none-eabi/lib/thumb/v6-m/nofp\libcr_nohost_nf.a(_cr_assert.o)
 .rodata._Csys_alloc.str1.1
                0x00006c05       0x18 c:/nxp/mcuxpressoide_11.8.0_1165/ide/plugins/com.nxp.mcuxpresso.tools.win32_11.8.0.202306131047/tools/bin/../lib/gcc/arm-none-eabi/12.2.1/../../../../arm-none-eabi/lib/thumb/v6-m/nofp\libcr_c.a(alloc.o)
 .rodata._initio.str1.1
                0x00006c1d        0x4 c:/nxp/mcuxpressoide_11.8.0_1165/ide/plugins/com.nxp.mcuxpresso.tools.win32_11.8.0.202306131047/tools/bin/../lib/gcc/arm-none-eabi/12.2.1/../../../../arm-none-eabi/lib/thumb/v6-m/nofp\libcr_c.a(initio.o)
 .rodata.__vfprintf.str1.1
                0x00006c21       0x35 c:/nxp/mcuxpressoide_11.8.0_1165/ide/plugins/com.nxp.mcuxpresso.tools.win32_11.8.0.202306131047/tools/bin/../lib/gcc/arm-none-eabi/12.2.1/../../../../arm-none-eabi/lib/thumb/v6-m/nofp\libcr_c.a(printf.o)
                                 0x38 (size before relaxing)
                0x00006c58                . = ALIGN (0x4)
 *fill*         0x00006c56        0x2 ff

.glue_7         0x00006c58        0x0
 .glue_7        0x00006c58        0x0 linker stubs

.glue_7t        0x00006c58        0x0
 .glue_7t       0x00006c58        0x0 linker stubs

.vfp11_veneer   0x00006c58        0x0
 .vfp11_veneer  0x00006c58        0x0 linker stubs

.v4_bx          0x00006c58        0x0
 .v4_bx         0x00006c58        0x0 linker stubs

.iplt           0x00006c58        0x0
 .iplt          0x00006c58        0x0 ./utilities/fsl_debug_console.o

.rel.dyn        0x00006c58        0x0
 .rel.iplt      0x00006c58        0x0 ./utilities/fsl_debug_console.o

.ARM.extab
 *(SORT_BY_ALIGNMENT(.ARM.extab*) SORT_BY_ALIGNMENT(.gnu.linkonce.armextab.*))

.ARM.exidx      0x00006c58        0x0
                0x00006c58                __exidx_start = .
 *(SORT_BY_ALIGNMENT(.ARM.exidx*) SORT_BY_ALIGNMENT(.gnu.linkonce.armexidx.*))
                0x00006c58                __exidx_end = .
                0x00006c58                _etext = .

.m_usb_data
 *(SORT_BY_ALIGNMENT(m_usb_bdt))

.mtb_buffer_default
                0x1ffff000       0x80
 *(SORT_BY_ALIGNMENT(.mtb*))
 .mtb.$RAM1     0x1ffff000       0x80 ./source/mtb.o
                0x1ffff000                __mtb_buffer__

.uninit_RESERVED
                0x1ffff080        0x0
                0x1ffff080                _start_uninit_RESERVED = .
 *(SORT_BY_ALIGNMENT(.bss.$RESERVED*))
                0x1ffff080                . = ALIGN (0x4)
                0x1ffff080                _end_uninit_RESERVED = .

.data           0x1ffff080       0x70 load address 0x00006c58
 FILL mask 0xff
                0x1ffff080                _data = .
                [!provide]                PROVIDE (__start_data_RAM = .)
                [!provide]                PROVIDE (__start_data_SRAM = .)
 *(SORT_BY_ALIGNMENT(vtable))
 *(SORT_BY_ALIGNMENT(.ramfunc*))
 *(SORT_BY_ALIGNMENT(CodeQuickAccess))
 *(SORT_BY_ALIGNMENT(DataQuickAccess))
 *(SORT_BY_ALIGNMENT(RamFunction))
 *(SORT_BY_ALIGNMENT(.data*))
 .data.RGB_Table
                0x1ffff080       0x64 ./source/task.o
                0x1ffff080                RGB_Table
 .data.uxCriticalNesting
                0x1ffff0e4        0x4 ./freertos/port.o
 .data.s_slowIrcFreq
                0x1ffff0e8        0x4 ./drivers/fsl_clock.o
 .data.SystemCoreClock
                0x1ffff0ec        0x4 ./CMSIS/system_MKL25Z4.o
                0x1ffff0ec                SystemCoreClock
                0x1ffff0f0                . = ALIGN (0x4)
                0x1ffff0f0                _edata = .
                [!provide]                PROVIDE (__end_data_RAM = .)
                [!provide]                PROVIDE (__end_data_SRAM = .)

.igot.plt       0x1ffff0f0        0x0 load address 0x00006cc8
 .igot.plt      0x1ffff0f0        0x0 ./utilities/fsl_debug_console.o

.bss            0x1ffff0f0     0x2a94
                0x1ffff0f0                _bss = .
                [!provide]                PROVIDE (__start_bss_RAM = .)
                [!provide]                PROVIDE (__start_bss_SRAM = .)
 *(SORT_BY_ALIGNMENT(.bss*))
 .bss.s_debugConsole
                0x1ffff0f0       0x10 ./utilities/fsl_debug_console.o
 .bss.lock_detect
                0x1ffff100        0x4 ./source/i2c.o
                0x1ffff100                lock_detect
 .bss.i2c_lock  0x1ffff104        0x4 ./source/i2c.o
                0x1ffff104                i2c_lock
 .bss.forward_handle
                0x1ffff108        0x4 ./source/task.o
                0x1ffff108                forward_handle
 .bss.reverse_handle
                0x1ffff10c        0x4 ./source/task.o
                0x1ffff10c                reverse_handle
 .bss.ucHeap    0x1ffff110     0x2800 ./freertos/heap_4.o
 .bss.xStart    0x20001910        0x8 ./freertos/heap_4.o
 .bss.pxEnd     0x20001918        0x4 ./freertos/heap_4.o
 .bss.xFreeBytesRemaining
                0x2000191c        0x4 ./freertos/heap_4.o
 .bss.xMinimumEverFreeBytesRemaining
                0x20001920        0x4 ./freertos/heap_4.o
 .bss.xBlockAllocatedBit
                0x20001924        0x4 ./freertos/heap_4.o
 .bss.xQueueRegistry
                0x20001928       0x40 ./freertos/queue.o
                0x20001928                xQueueRegistry
 .bss.pxCurrentTCB
                0x20001968        0x4 ./freertos/tasks.o
                0x20001968                pxCurrentTCB
 .bss.pxReadyTasksLists
                0x2000196c       0x64 ./freertos/tasks.o
 .bss.xDelayedTaskList1
                0x200019d0       0x14 ./freertos/tasks.o
 .bss.xDelayedTaskList2
                0x200019e4       0x14 ./freertos/tasks.o
 .bss.pxDelayedTaskList
                0x200019f8        0x4 ./freertos/tasks.o
 .bss.pxOverflowDelayedTaskList
                0x200019fc        0x4 ./freertos/tasks.o
 .bss.xPendingReadyList
                0x20001a00       0x14 ./freertos/tasks.o
 .bss.xTasksWaitingTermination
                0x20001a14       0x14 ./freertos/tasks.o
 .bss.uxDeletedTasksWaitingCleanUp
                0x20001a28        0x4 ./freertos/tasks.o
 .bss.xSuspendedTaskList
                0x20001a2c       0x14 ./freertos/tasks.o
 .bss.uxCurrentNumberOfTasks
                0x20001a40        0x4 ./freertos/tasks.o
 .bss.xTickCount
                0x20001a44        0x4 ./freertos/tasks.o
 .bss.uxTopReadyPriority
                0x20001a48        0x4 ./freertos/tasks.o
 .bss.xSchedulerRunning
                0x20001a4c        0x4 ./freertos/tasks.o
 .bss.uxPendedTicks
                0x20001a50        0x4 ./freertos/tasks.o
 .bss.xYieldPending
                0x20001a54        0x4 ./freertos/tasks.o
 .bss.xNumOfOverflows
                0x20001a58        0x4 ./freertos/tasks.o
 .bss.uxTaskNumber
                0x20001a5c        0x4 ./freertos/tasks.o
 .bss.xNextTaskUnblockTime
                0x20001a60        0x4 ./freertos/tasks.o
 .bss.xIdleTaskHandle
                0x20001a64        0x4 ./freertos/tasks.o
 .bss.uxSchedulerSuspended
                0x20001a68        0x4 ./freertos/tasks.o
 .bss.xActiveTimerList1
                0x20001a6c       0x14 ./freertos/timers.o
 .bss.xActiveTimerList2
                0x20001a80       0x14 ./freertos/timers.o
 .bss.pxCurrentTimerList
                0x20001a94        0x4 ./freertos/timers.o
 .bss.pxOverflowTimerList
                0x20001a98        0x4 ./freertos/timers.o
 .bss.xTimerQueue
                0x20001a9c        0x4 ./freertos/timers.o
 .bss.xTimerTaskHandle
                0x20001aa0        0x4 ./freertos/timers.o
 .bss.xLastTime.0
                0x20001aa4        0x4 ./freertos/timers.o
 .bss.g_xtal0Freq
                0x20001aa8        0x4 ./drivers/fsl_clock.o
                0x20001aa8                g_xtal0Freq
 .bss.s_lpsciHandle
                0x20001aac        0x4 ./drivers/fsl_lpsci.o
 .bss.s_lpsciIsr
                0x20001ab0        0x4 ./drivers/fsl_lpsci.o
 .bss.s_uartHandle
                0x20001ab4        0xc ./drivers/fsl_uart.o
 .bss.s_uartIsr
                0x20001ac0        0x4 ./drivers/fsl_uart.o
 .bss.__Ciob    0x20001ac4       0xb4 c:/nxp/mcuxpressoide_11.8.0_1165/ide/plugins/com.nxp.mcuxpresso.tools.win32_11.8.0.202306131047/tools/bin/../lib/gcc/arm-none-eabi/12.2.1/../../../../arm-none-eabi/lib/thumb/v6-m/nofp\libcr_nohost_nf.a(__ciob.o)
                0x20001ac4                __Ciob
 .bss.__end_of_heap
                0x20001b78        0x4 c:/nxp/mcuxpressoide_11.8.0_1165/ide/plugins/com.nxp.mcuxpresso.tools.win32_11.8.0.202306131047/tools/bin/../lib/gcc/arm-none-eabi/12.2.1/../../../../arm-none-eabi/lib/thumb/v6-m/nofp\libcr_c.a(__init_alloc.o)
                0x20001b78                __end_of_heap
 .bss.__heaps   0x20001b7c        0x4 c:/nxp/mcuxpressoide_11.8.0_1165/ide/plugins/com.nxp.mcuxpresso.tools.win32_11.8.0.202306131047/tools/bin/../lib/gcc/arm-none-eabi/12.2.1/../../../../arm-none-eabi/lib/thumb/v6-m/nofp\libcr_c.a(__init_alloc.o)
                0x20001b7c                __heaps
 .bss.errno     0x20001b80        0x4 c:/nxp/mcuxpressoide_11.8.0_1165/ide/plugins/com.nxp.mcuxpresso.tools.win32_11.8.0.202306131047/tools/bin/../lib/gcc/arm-none-eabi/12.2.1/../../../../arm-none-eabi/lib/thumb/v6-m/nofp\libcr_c.a(errno.o)
                0x20001b80                errno
 *(SORT_BY_ALIGNMENT(COMMON))
                0x20001b84                . = ALIGN (0x4)
                0x20001b84                _ebss = .
                [!provide]                PROVIDE (__end_bss_RAM = .)
                [!provide]                PROVIDE (__end_bss_SRAM = .)
                [!provide]                PROVIDE (end = .)

.noinit         0x20001b84        0x0
                0x20001b84                _noinit = .
                [!provide]                PROVIDE (__start_noinit_RAM = .)
                [!provide]                PROVIDE (__start_noinit_SRAM = .)
 *(SORT_BY_ALIGNMENT(.noinit*))
                0x20001b84                . = ALIGN (0x4)
                0x20001b84                _end_noinit = .
                [!provide]                PROVIDE (__end_noinit_RAM = .)
                [!provide]                PROVIDE (__end_noinit_SRAM = .)
                0x00000400                _HeapSize = 0x400

.heap           0x20001b84      0x400
                0x20001b84                _pvHeapStart = .
                0x20001f84                . = (. + _HeapSize)
 *fill*         0x20001b84      0x400 
                0x20001f84                . = ALIGN (0x4)
                0x20001f84                _pvHeapLimit = .
                0x00000400                _StackSize = 0x400

.heap2stackfill
                0x20001f84      0x400
                0x20002384                . = (. + _StackSize)
 *fill*         0x20001f84      0x400 

.stack          0x20002c00        0x0
                0x20002c00                _vStackBase = .
                0x20002c00                . = ALIGN (0x4)
                0x20003000                _vStackTop = (. + _StackSize)
                0x00000000                _image_start = LOADADDR (.text)
                0x00006cc8                _image_end = (LOADADDR (.data) + SIZEOF (.data))
                0x00006cc8                _image_size = (_image_end - _image_start)
OUTPUT(LIDAR_park_assist_PES.axf elf32-littlearm)
LOAD linker stubs

.debug_info     0x00000000     0xb8fc
 .debug_info    0x00000000      0x989 ./utilities/fsl_debug_console.o
 .debug_info    0x00000989      0x63a ./startup/startup_mkl25z4.o
 .debug_info    0x00000fc3      0x4e1 ./source/i2c.o
 .debug_info    0x000014a4      0x484 ./source/led.o
 .debug_info    0x00001928      0x1d3 ./source/main.o
 .debug_info    0x00001afb       0x54 ./source/mtb.o
 .debug_info    0x00001b4f       0x3d ./source/semihost_hardfault.o
 .debug_info    0x00001b8c      0x44e ./source/task.o
 .debug_info    0x00001fda      0x2f0 ./source/touch.o
 .debug_info    0x000022ca       0xb5 ./freertos/fsl_tickless_lptmr.o
 .debug_info    0x0000237f      0x2fd ./freertos/heap_4.o
 .debug_info    0x0000267c      0x292 ./freertos/list.o
 .debug_info    0x0000290e      0x238 ./freertos/port.o
 .debug_info    0x00002b46      0xfcb ./freertos/queue.o
 .debug_info    0x00003b11     0x1879 ./freertos/tasks.o
 .debug_info    0x0000538a      0xcef ./freertos/timers.o
 .debug_info    0x00006079     0x19b4 ./drivers/fsl_clock.o
 .debug_info    0x00007a2d     0x13b6 ./drivers/fsl_lpsci.o
 .debug_info    0x00008de3     0x1356 ./drivers/fsl_uart.o
 .debug_info    0x0000a139      0x3af ./board/board.o
 .debug_info    0x0000a4e8      0xb38 ./board/clock_config.o
 .debug_info    0x0000b020      0x51c ./board/pin_mux.o
 .debug_info    0x0000b53c      0x3c0 ./CMSIS/system_MKL25Z4.o

.debug_abbrev   0x00000000     0x2813
 .debug_abbrev  0x00000000      0x251 ./utilities/fsl_debug_console.o
 .debug_abbrev  0x00000251      0x17f ./startup/startup_mkl25z4.o
 .debug_abbrev  0x000003d0      0x1c6 ./source/i2c.o
 .debug_abbrev  0x00000596      0x122 ./source/led.o
 .debug_abbrev  0x000006b8      0x12d ./source/main.o
 .debug_abbrev  0x000007e5       0x45 ./source/mtb.o
 .debug_abbrev  0x0000082a       0x2f ./source/semihost_hardfault.o
 .debug_abbrev  0x00000859      0x1b5 ./source/task.o
 .debug_abbrev  0x00000a0e       0xfb ./source/touch.o
 .debug_abbrev  0x00000b09       0x67 ./freertos/fsl_tickless_lptmr.o
 .debug_abbrev  0x00000b70      0x1a1 ./freertos/heap_4.o
 .debug_abbrev  0x00000d11       0xee ./freertos/list.o
 .debug_abbrev  0x00000dff      0x19e ./freertos/port.o
 .debug_abbrev  0x00000f9d      0x2a6 ./freertos/queue.o
 .debug_abbrev  0x00001243      0x32d ./freertos/tasks.o
 .debug_abbrev  0x00001570      0x287 ./freertos/timers.o
 .debug_abbrev  0x000017f7      0x385 ./drivers/fsl_clock.o
 .debug_abbrev  0x00001b7c      0x314 ./drivers/fsl_lpsci.o
 .debug_abbrev  0x00001e90      0x330 ./drivers/fsl_uart.o
 .debug_abbrev  0x000021c0      0x151 ./board/board.o
 .debug_abbrev  0x00002311      0x241 ./board/clock_config.o
 .debug_abbrev  0x00002552      0x18d ./board/pin_mux.o
 .debug_abbrev  0x000026df      0x134 ./CMSIS/system_MKL25Z4.o

.debug_aranges  0x00000000      0xce0
 .debug_aranges
                0x00000000       0x58 ./utilities/fsl_debug_console.o
 .debug_aranges
                0x00000058      0x160 ./startup/startup_mkl25z4.o
 .debug_aranges
                0x000001b8       0x58 ./source/i2c.o
 .debug_aranges
                0x00000210       0x30 ./source/led.o
 .debug_aranges
                0x00000240       0x20 ./source/main.o
 .debug_aranges
                0x00000260       0x18 ./source/mtb.o
 .debug_aranges
                0x00000278       0x20 ./source/semihost_hardfault.o
 .debug_aranges
                0x00000298       0x28 ./source/task.o
 .debug_aranges
                0x000002c0       0x28 ./source/touch.o
 .debug_aranges
                0x000002e8       0x20 ./freertos/fsl_tickless_lptmr.o
 .debug_aranges
                0x00000308       0x50 ./freertos/heap_4.o
 .debug_aranges
                0x00000358       0x40 ./freertos/list.o
 .debug_aranges
                0x00000398       0x80 ./freertos/port.o
 .debug_aranges
                0x00000418      0x118 ./freertos/queue.o
 .debug_aranges
                0x00000530      0x1e8 ./freertos/tasks.o
 .debug_aranges
                0x00000718       0xc8 ./freertos/timers.o
 .debug_aranges
                0x000007e0      0x1d8 ./drivers/fsl_clock.o
 .debug_aranges
                0x000009b8      0x118 ./drivers/fsl_lpsci.o
 .debug_aranges
                0x00000ad0      0x130 ./drivers/fsl_uart.o
 .debug_aranges
                0x00000c00       0x28 ./board/board.o
 .debug_aranges
                0x00000c28       0x58 ./board/clock_config.o
 .debug_aranges
                0x00000c80       0x38 ./board/pin_mux.o
 .debug_aranges
                0x00000cb8       0x28 ./CMSIS/system_MKL25Z4.o

.debug_rnglists
                0x00000000      0x986
 .debug_rnglists
                0x00000000       0x3e ./utilities/fsl_debug_console.o
 .debug_rnglists
                0x0000003e      0x103 ./startup/startup_mkl25z4.o
 .debug_rnglists
                0x00000141       0x42 ./source/i2c.o
 .debug_rnglists
                0x00000183       0x22 ./source/led.o
 .debug_rnglists
                0x000001a5       0x14 ./source/main.o
 .debug_rnglists
                0x000001b9       0x13 ./source/semihost_hardfault.o
 .debug_rnglists
                0x000001cc       0x1b ./source/task.o
 .debug_rnglists
                0x000001e7       0x19 ./source/touch.o
 .debug_rnglists
                0x00000200       0x13 ./freertos/fsl_tickless_lptmr.o
 .debug_rnglists
                0x00000213       0x3b ./freertos/heap_4.o
 .debug_rnglists
                0x0000024e       0x2b ./freertos/list.o
 .debug_rnglists
                0x00000279       0x5b ./freertos/port.o
 .debug_rnglists
                0x000002d4       0xd6 ./freertos/queue.o
 .debug_rnglists
                0x000003aa      0x185 ./freertos/tasks.o
 .debug_rnglists
                0x0000052f       0x96 ./freertos/timers.o
 .debug_rnglists
                0x000005c5      0x16f ./drivers/fsl_clock.o
 .debug_rnglists
                0x00000734       0xd6 ./drivers/fsl_lpsci.o
 .debug_rnglists
                0x0000080a       0xe7 ./drivers/fsl_uart.o
 .debug_rnglists
                0x000008f1       0x19 ./board/board.o
 .debug_rnglists
                0x0000090a       0x3d ./board/clock_config.o
 .debug_rnglists
                0x00000947       0x25 ./board/pin_mux.o
 .debug_rnglists
                0x0000096c       0x1a ./CMSIS/system_MKL25Z4.o

.debug_macro    0x00000000     0xf4a1
 .debug_macro   0x00000000      0x13a ./utilities/fsl_debug_console.o
 .debug_macro   0x0000013a      0xad2 ./utilities/fsl_debug_console.o
 .debug_macro   0x00000c0c       0x10 ./utilities/fsl_debug_console.o
 .debug_macro   0x00000c1c       0x16 ./utilities/fsl_debug_console.o
 .debug_macro   0x00000c32       0x10 ./utilities/fsl_debug_console.o
 .debug_macro   0x00000c42      0x12e ./utilities/fsl_debug_console.o
 .debug_macro   0x00000d70       0x28 ./utilities/fsl_debug_console.o
 .debug_macro   0x00000d98       0xc4 ./utilities/fsl_debug_console.o
 .debug_macro   0x00000e5c       0x16 ./utilities/fsl_debug_console.o
 .debug_macro   0x00000e72       0x22 ./utilities/fsl_debug_console.o
 .debug_macro   0x00000e94      0x5b3 ./utilities/fsl_debug_console.o
 .debug_macro   0x00001447       0x10 ./utilities/fsl_debug_console.o
 .debug_macro   0x00001457       0x3f ./utilities/fsl_debug_console.o
 .debug_macro   0x00001496       0x3a ./utilities/fsl_debug_console.o
 .debug_macro   0x000014d0       0x26 ./utilities/fsl_debug_console.o
 .debug_macro   0x000014f6      0x329 ./utilities/fsl_debug_console.o
 .debug_macro   0x0000181f       0x30 ./utilities/fsl_debug_console.o
 .debug_macro   0x0000184f     0x51e2 ./utilities/fsl_debug_console.o
 .debug_macro   0x00006a31     0x1352 ./utilities/fsl_debug_console.o
 .debug_macro   0x00007d83       0x3a ./utilities/fsl_debug_console.o
 .debug_macro   0x00007dbd       0xf4 ./utilities/fsl_debug_console.o
 .debug_macro   0x00007eb1       0x35 ./utilities/fsl_debug_console.o
 .debug_macro   0x00007ee6       0xd2 ./utilities/fsl_debug_console.o
 .debug_macro   0x00007fb8       0x2e ./utilities/fsl_debug_console.o
 .debug_macro   0x00007fe6       0x10 ./utilities/fsl_debug_console.o
 .debug_macro   0x00007ff6       0x10 ./utilities/fsl_debug_console.o
 .debug_macro   0x00008006       0x29 ./startup/startup_mkl25z4.o
 .debug_macro   0x0000802f       0x91 ./source/i2c.o
 .debug_macro   0x000080c0       0x3f ./source/i2c.o
 .debug_macro   0x000080ff       0x34 ./source/i2c.o
 .debug_macro   0x00008133     0x51e2 ./source/i2c.o
 .debug_macro   0x0000d315       0x40 ./source/i2c.o
 .debug_macro   0x0000d355       0xc5 ./source/led.o
 .debug_macro   0x0000d41a       0x94 ./source/led.o
 .debug_macro   0x0000d4ae      0x1f6 ./source/main.o
 .debug_macro   0x0000d6a4       0x16 ./source/main.o
 .debug_macro   0x0000d6ba      0x18b ./source/main.o
 .debug_macro   0x0000d845      0x168 ./source/main.o
 .debug_macro   0x0000d9ad       0xb6 ./source/main.o
 .debug_macro   0x0000da63       0x10 ./source/main.o
 .debug_macro   0x0000da73       0x1f ./source/main.o
 .debug_macro   0x0000da92      0x361 ./source/main.o
 .debug_macro   0x0000ddf3       0xc0 ./source/main.o
 .debug_macro   0x0000deb3       0x8c ./source/main.o
 .debug_macro   0x0000df3f       0x91 ./source/main.o
 .debug_macro   0x0000dfd0       0x16 ./source/main.o
 .debug_macro   0x0000dfe6       0x1c ./source/main.o
 .debug_macro   0x0000e002       0x10 ./source/main.o
 .debug_macro   0x0000e012      0x112 ./source/main.o
 .debug_macro   0x0000e124       0x10 ./source/main.o
 .debug_macro   0x0000e134       0x2f ./source/mtb.o
 .debug_macro   0x0000e163       0x82 ./source/mtb.o
 .debug_macro   0x0000e1e5       0x10 ./source/mtb.o
 .debug_macro   0x0000e1f5       0x11 ./source/semihost_hardfault.o
 .debug_macro   0x0000e206      0x1e7 ./source/task.o
 .debug_macro   0x0000e3ed      0x12d ./source/touch.o
 .debug_macro   0x0000e51a       0x1c ./source/touch.o
 .debug_macro   0x0000e536       0xbd ./freertos/fsl_tickless_lptmr.o
 .debug_macro   0x0000e5f3       0x8e ./freertos/fsl_tickless_lptmr.o
 .debug_macro   0x0000e681       0xe0 ./freertos/heap_4.o
 .debug_macro   0x0000e761       0xb9 ./freertos/list.o
 .debug_macro   0x0000e81a       0xcf ./freertos/port.o
 .debug_macro   0x0000e8e9      0x122 ./freertos/queue.o
 .debug_macro   0x0000ea0b       0x94 ./freertos/queue.o
 .debug_macro   0x0000ea9f      0x182 ./freertos/tasks.o
 .debug_macro   0x0000ec21       0x11 ./freertos/tasks.o
 .debug_macro   0x0000ec32       0xec ./freertos/timers.o
 .debug_macro   0x0000ed1e      0x196 ./drivers/fsl_clock.o
 .debug_macro   0x0000eeb4       0xec ./drivers/fsl_lpsci.o
 .debug_macro   0x0000efa0       0xf2 ./drivers/fsl_uart.o
 .debug_macro   0x0000f092      0x12b ./board/board.o
 .debug_macro   0x0000f1bd       0x16 ./board/board.o
 .debug_macro   0x0000f1d3      0x123 ./board/clock_config.o
 .debug_macro   0x0000f2f6      0x107 ./board/pin_mux.o
 .debug_macro   0x0000f3fd       0x10 ./board/pin_mux.o
 .debug_macro   0x0000f40d       0x94 ./CMSIS/system_MKL25Z4.o

.debug_line     0x00000000     0x91e4
 .debug_line    0x00000000      0x4de ./utilities/fsl_debug_console.o
 .debug_line    0x000004de      0x310 ./startup/startup_mkl25z4.o
 .debug_line    0x000007ee      0x436 ./source/i2c.o
 .debug_line    0x00000c24      0x404 ./source/led.o
 .debug_line    0x00001028      0x4d8 ./source/main.o
 .debug_line    0x00001500       0xd1 ./source/mtb.o
 .debug_line    0x000015d1       0x59 ./source/semihost_hardfault.o
 .debug_line    0x0000162a      0x5df ./source/task.o
 .debug_line    0x00001c09      0x3bb ./source/touch.o
 .debug_line    0x00001fc4      0x255 ./freertos/fsl_tickless_lptmr.o
 .debug_line    0x00002219      0x493 ./freertos/heap_4.o
 .debug_line    0x000026ac      0x319 ./freertos/list.o
 .debug_line    0x000029c5      0x3d0 ./freertos/port.o
 .debug_line    0x00002d95      0xc90 ./freertos/queue.o
 .debug_line    0x00003a25     0x153a ./freertos/tasks.o
 .debug_line    0x00004f5f      0x72c ./freertos/timers.o
 .debug_line    0x0000568b     0x1304 ./drivers/fsl_clock.o
 .debug_line    0x0000698f      0xd58 ./drivers/fsl_lpsci.o
 .debug_line    0x000076e7      0xd34 ./drivers/fsl_uart.o
 .debug_line    0x0000841b      0x36c ./board/board.o
 .debug_line    0x00008787      0x3db ./board/clock_config.o
 .debug_line    0x00008b62      0x34f ./board/pin_mux.o
 .debug_line    0x00008eb1      0x333 ./CMSIS/system_MKL25Z4.o

.debug_str      0x00000000    0x3ccb6
 .debug_str     0x00000000    0x315d5 ./utilities/fsl_debug_console.o
                              0x31833 (size before relaxing)
 .debug_str     0x000315d5      0x3bf ./startup/startup_mkl25z4.o
                               0x3220 (size before relaxing)
 .debug_str     0x00031994      0x302 ./source/i2c.o
                              0x29037 (size before relaxing)
 .debug_str     0x00031c96      0x26d ./source/led.o
                              0x290a5 (size before relaxing)
 .debug_str     0x00031f03     0x45f8 ./source/main.o
                              0x35136 (size before relaxing)
 .debug_str     0x000364fb      0x532 ./source/mtb.o
                               0x3323 (size before relaxing)
 .debug_str     0x00036a2d       0x1f ./source/semihost_hardfault.o
                               0x2e10 (size before relaxing)
 .debug_str     0x00036a4c      0x111 ./source/task.o
                              0x34c75 (size before relaxing)
 .debug_str     0x00036b5d       0x62 ./source/touch.o
                              0x30ae0 (size before relaxing)
 .debug_str     0x00036bbf      0x44c ./freertos/fsl_tickless_lptmr.o
                               0x7c56 (size before relaxing)
 .debug_str     0x0003700b      0x29d ./freertos/heap_4.o
                               0x7b1b (size before relaxing)
 .debug_str     0x000372a8      0x11e ./freertos/list.o
                               0x740e (size before relaxing)
 .debug_str     0x000373c6      0x18e ./freertos/port.o
                               0x7e17 (size before relaxing)
 .debug_str     0x00037554     0x106d ./freertos/queue.o
                               0x8b2f (size before relaxing)
 .debug_str     0x000385c1     0x11ab ./freertos/tasks.o
                               0x96fc (size before relaxing)
 .debug_str     0x0003976c      0x4b0 ./freertos/timers.o
                               0x9033 (size before relaxing)
 .debug_str     0x00039c1c     0x17a1 ./drivers/fsl_clock.o
                              0x322f0 (size before relaxing)
 .debug_str     0x0003b3bd      0xb07 ./drivers/fsl_lpsci.o
                              0x318e6 (size before relaxing)
 .debug_str     0x0003bec4      0x7e1 ./drivers/fsl_uart.o
                              0x31909 (size before relaxing)
 .debug_str     0x0003c6a5       0x35 ./board/board.o
                              0x31375 (size before relaxing)
 .debug_str     0x0003c6da      0x3c6 ./board/clock_config.o
                              0x312ba (size before relaxing)
 .debug_str     0x0003caa0      0x1d2 ./board/pin_mux.o
                              0x30950 (size before relaxing)
 .debug_str     0x0003cc72       0x44 ./CMSIS/system_MKL25Z4.o
                              0x2fc52 (size before relaxing)

.comment        0x00000000       0x45
 .comment       0x00000000       0x45 ./utilities/fsl_debug_console.o
                                 0x46 (size before relaxing)
 .comment       0x00000045       0x46 ./startup/startup_mkl25z4.o
 .comment       0x00000045       0x46 ./source/i2c.o
 .comment       0x00000045       0x46 ./source/led.o
 .comment       0x00000045       0x46 ./source/main.o
 .comment       0x00000045       0x46 ./source/mtb.o
 .comment       0x00000045       0x46 ./source/semihost_hardfault.o
 .comment       0x00000045       0x46 ./source/task.o
 .comment       0x00000045       0x46 ./source/touch.o
 .comment       0x00000045       0x46 ./freertos/fsl_tickless_lptmr.o
 .comment       0x00000045       0x46 ./freertos/heap_4.o
 .comment       0x00000045       0x46 ./freertos/list.o
 .comment       0x00000045       0x46 ./freertos/port.o
 .comment       0x00000045       0x46 ./freertos/queue.o
 .comment       0x00000045       0x46 ./freertos/tasks.o
 .comment       0x00000045       0x46 ./freertos/timers.o
 .comment       0x00000045       0x46 ./drivers/fsl_clock.o
 .comment       0x00000045       0x46 ./drivers/fsl_lpsci.o
 .comment       0x00000045       0x46 ./drivers/fsl_uart.o
 .comment       0x00000045       0x46 ./board/board.o
 .comment       0x00000045       0x46 ./board/clock_config.o
 .comment       0x00000045       0x46 ./board/pin_mux.o
 .comment       0x00000045       0x46 ./CMSIS/system_MKL25Z4.o
 .comment       0x00000045       0x46 c:/nxp/mcuxpressoide_11.8.0_1165/ide/plugins/com.nxp.mcuxpresso.tools.win32_11.8.0.202306131047/tools/bin/../lib/gcc/arm-none-eabi/12.2.1/../../../../arm-none-eabi/lib/thumb/v6-m/nofp\libcr_nohost_nf.a(_cr__main.o)
 .comment       0x00000045       0x46 c:/nxp/mcuxpressoide_11.8.0_1165/ide/plugins/com.nxp.mcuxpresso.tools.win32_11.8.0.202306131047/tools/bin/../lib/gcc/arm-none-eabi/12.2.1/../../../../arm-none-eabi/lib/thumb/v6-m/nofp\libcr_nohost_nf.a(_cr_assert.o)
 .comment       0x00000045       0x46 c:/nxp/mcuxpressoide_11.8.0_1165/ide/plugins/com.nxp.mcuxpresso.tools.win32_11.8.0.202306131047/tools/bin/../lib/gcc/arm-none-eabi/12.2.1/../../../../arm-none-eabi/lib/thumb/v6-m/nofp\libcr_nohost_nf.a(__ciob.o)
 .comment       0x00000045       0x46 c:/nxp/mcuxpressoide_11.8.0_1165/ide/plugins/com.nxp.mcuxpresso.tools.win32_11.8.0.202306131047/tools/bin/../lib/gcc/arm-none-eabi/12.2.1/../../../../arm-none-eabi/lib/thumb/v6-m/nofp\libcr_nohost_nf.a(__sys_appexit.o)
 .comment       0x00000045       0x46 c:/nxp/mcuxpressoide_11.8.0_1165/ide/plugins/com.nxp.mcuxpresso.tools.win32_11.8.0.202306131047/tools/bin/../lib/gcc/arm-none-eabi/12.2.1/../../../../arm-none-eabi/lib/thumb/v6-m/nofp\libcr_c.a(memcpy.o)
 .comment       0x00000045       0x46 c:/nxp/mcuxpressoide_11.8.0_1165/ide/plugins/com.nxp.mcuxpresso.tools.win32_11.8.0.202306131047/tools/bin/../lib/gcc/arm-none-eabi/12.2.1/../../../../arm-none-eabi/lib/thumb/v6-m/nofp\libcr_c.a(memset.o)
 .comment       0x00000045       0x46 c:/nxp/mcuxpressoide_11.8.0_1165/ide/plugins/com.nxp.mcuxpresso.tools.win32_11.8.0.202306131047/tools/bin/../lib/gcc/arm-none-eabi/12.2.1/../../../../arm-none-eabi/lib/thumb/v6-m/nofp\libcr_c.a(_deferredlazyseek.o)
 .comment       0x00000045       0x46 c:/nxp/mcuxpressoide_11.8.0_1165/ide/plugins/com.nxp.mcuxpresso.tools.win32_11.8.0.202306131047/tools/bin/../lib/gcc/arm-none-eabi/12.2.1/../../../../arm-none-eabi/lib/thumb/v6-m/nofp\libcr_c.a(_fflush.o)
 .comment       0x00000045       0x46 c:/nxp/mcuxpressoide_11.8.0_1165/ide/plugins/com.nxp.mcuxpresso.tools.win32_11.8.0.202306131047/tools/bin/../lib/gcc/arm-none-eabi/12.2.1/../../../../arm-none-eabi/lib/thumb/v6-m/nofp\libcr_c.a(_writebuf.o)
 .comment       0x00000045       0x46 c:/nxp/mcuxpressoide_11.8.0_1165/ide/plugins/com.nxp.mcuxpresso.tools.win32_11.8.0.202306131047/tools/bin/../lib/gcc/arm-none-eabi/12.2.1/../../../../arm-none-eabi/lib/thumb/v6-m/nofp\libcr_c.a(alloc.o)
 .comment       0x00000045       0x46 c:/nxp/mcuxpressoide_11.8.0_1165/ide/plugins/com.nxp.mcuxpresso.tools.win32_11.8.0.202306131047/tools/bin/../lib/gcc/arm-none-eabi/12.2.1/../../../../arm-none-eabi/lib/thumb/v6-m/nofp\libcr_c.a(fputs.o)
 .comment       0x00000045       0x46 c:/nxp/mcuxpressoide_11.8.0_1165/ide/plugins/com.nxp.mcuxpresso.tools.win32_11.8.0.202306131047/tools/bin/../lib/gcc/arm-none-eabi/12.2.1/../../../../arm-none-eabi/lib/thumb/v6-m/nofp\libcr_c.a(fseek.o)
 .comment       0x00000045       0x46 c:/nxp/mcuxpressoide_11.8.0_1165/ide/plugins/com.nxp.mcuxpresso.tools.win32_11.8.0.202306131047/tools/bin/../lib/gcc/arm-none-eabi/12.2.1/../../../../arm-none-eabi/lib/thumb/v6-m/nofp\libcr_c.a(ftell.o)
 .comment       0x00000045       0x46 c:/nxp/mcuxpressoide_11.8.0_1165/ide/plugins/com.nxp.mcuxpresso.tools.win32_11.8.0.202306131047/tools/bin/../lib/gcc/arm-none-eabi/12.2.1/../../../../arm-none-eabi/lib/thumb/v6-m/nofp\libcr_c.a(initio.o)
 .comment       0x00000045       0x46 c:/nxp/mcuxpressoide_11.8.0_1165/ide/plugins/com.nxp.mcuxpresso.tools.win32_11.8.0.202306131047/tools/bin/../lib/gcc/arm-none-eabi/12.2.1/../../../../arm-none-eabi/lib/thumb/v6-m/nofp\libcr_c.a(printf.o)
 .comment       0x00000045       0x46 c:/nxp/mcuxpressoide_11.8.0_1165/ide/plugins/com.nxp.mcuxpresso.tools.win32_11.8.0.202306131047/tools/bin/../lib/gcc/arm-none-eabi/12.2.1/../../../../arm-none-eabi/lib/thumb/v6-m/nofp\libcr_c.a(setvbuf.o)
 .comment       0x00000045       0x46 c:/nxp/mcuxpressoide_11.8.0_1165/ide/plugins/com.nxp.mcuxpresso.tools.win32_11.8.0.202306131047/tools/bin/../lib/gcc/arm-none-eabi/12.2.1/../../../../arm-none-eabi/lib/thumb/v6-m/nofp\libcr_c.a(strlen.o)
 .comment       0x00000045       0x46 c:/nxp/mcuxpressoide_11.8.0_1165/ide/plugins/com.nxp.mcuxpresso.tools.win32_11.8.0.202306131047/tools/bin/../lib/gcc/arm-none-eabi/12.2.1/../../../../arm-none-eabi/lib/thumb/v6-m/nofp\libcr_c.a(__init_alloc.o)
 .comment       0x00000045       0x46 c:/nxp/mcuxpressoide_11.8.0_1165/ide/plugins/com.nxp.mcuxpresso.tools.win32_11.8.0.202306131047/tools/bin/../lib/gcc/arm-none-eabi/12.2.1/../../../../arm-none-eabi/lib/thumb/v6-m/nofp\libcr_c.a(_cr_sbrk.o)
 .comment       0x00000045       0x46 c:/nxp/mcuxpressoide_11.8.0_1165/ide/plugins/com.nxp.mcuxpresso.tools.win32_11.8.0.202306131047/tools/bin/../lib/gcc/arm-none-eabi/12.2.1/../../../../arm-none-eabi/lib/thumb/v6-m/nofp\libcr_c.a(_fdopen.o)
 .comment       0x00000045       0x46 c:/nxp/mcuxpressoide_11.8.0_1165/ide/plugins/com.nxp.mcuxpresso.tools.win32_11.8.0.202306131047/tools/bin/../lib/gcc/arm-none-eabi/12.2.1/../../../../arm-none-eabi/lib/thumb/v6-m/nofp\libcr_c.a(errno.o)
 .comment       0x00000045       0x46 c:/nxp/mcuxpressoide_11.8.0_1165/ide/plugins/com.nxp.mcuxpresso.tools.win32_11.8.0.202306131047/tools/bin/../lib/gcc/arm-none-eabi/12.2.1/../../../../arm-none-eabi/lib/thumb/v6-m/nofp\libcr_c.a(fclose.o)
 .comment       0x00000045       0x46 c:/nxp/mcuxpressoide_11.8.0_1165/ide/plugins/com.nxp.mcuxpresso.tools.win32_11.8.0.202306131047/tools/bin/../lib/gcc/arm-none-eabi/12.2.1/../../../../arm-none-eabi/lib/thumb/v6-m/nofp\libcr_c.a(fflush.o)
 .comment       0x00000045       0x46 c:/nxp/mcuxpressoide_11.8.0_1165/ide/plugins/com.nxp.mcuxpresso.tools.win32_11.8.0.202306131047/tools/bin/../lib/gcc/arm-none-eabi/12.2.1/../../../../arm-none-eabi/lib/thumb/v6-m/nofp\libcr_c.a(remove.o)
 .comment       0x00000045       0x46 c:/nxp/mcuxpressoide_11.8.0_1165/ide/plugins/com.nxp.mcuxpresso.tools.win32_11.8.0.202306131047/tools/bin/../lib/gcc/arm-none-eabi/12.2.1/../../../../arm-none-eabi/lib/thumb/v6-m/nofp\libcr_c.a(_cr_check_heap.o)
 .comment       0x00000045       0x46 c:/nxp/mcuxpressoide_11.8.0_1165/ide/plugins/com.nxp.mcuxpresso.tools.win32_11.8.0.202306131047/tools/bin/../lib/gcc/arm-none-eabi/12.2.1/../../../../arm-none-eabi/lib/thumb/v6-m/nofp\libcr_c.a(_do_fflush.o)
 .comment       0x00000045       0x46 c:/nxp/mcuxpressoide_11.8.0_1165/ide/plugins/com.nxp.mcuxpresso.tools.win32_11.8.0.202306131047/tools/bin/../lib/gcc/arm-none-eabi/12.2.1/thumb/v6-m/nofp\libcr_eabihelpers.a(double.o)
 .comment       0x00000045       0x46 c:/nxp/mcuxpressoide_11.8.0_1165/ide/plugins/com.nxp.mcuxpresso.tools.win32_11.8.0.202306131047/tools/bin/../lib/gcc/arm-none-eabi/12.2.1/thumb/v6-m/nofp\libcr_eabihelpers.a(float.o)
 .comment       0x00000045       0x46 c:/nxp/mcuxpressoide_11.8.0_1165/ide/plugins/com.nxp.mcuxpresso.tools.win32_11.8.0.202306131047/tools/bin/../lib/gcc/arm-none-eabi/12.2.1/../../../../arm-none-eabi/lib/thumb/v6-m/nofp\libcr_nohost_nf.a(__sys_close.o)
 .comment       0x00000045       0x46 c:/nxp/mcuxpressoide_11.8.0_1165/ide/plugins/com.nxp.mcuxpresso.tools.win32_11.8.0.202306131047/tools/bin/../lib/gcc/arm-none-eabi/12.2.1/../../../../arm-none-eabi/lib/thumb/v6-m/nofp\libcr_nohost_nf.a(__sys_flen.o)
 .comment       0x00000045       0x46 c:/nxp/mcuxpressoide_11.8.0_1165/ide/plugins/com.nxp.mcuxpresso.tools.win32_11.8.0.202306131047/tools/bin/../lib/gcc/arm-none-eabi/12.2.1/../../../../arm-none-eabi/lib/thumb/v6-m/nofp\libcr_nohost_nf.a(__sys_istty.o)
 .comment       0x00000045       0x46 c:/nxp/mcuxpressoide_11.8.0_1165/ide/plugins/com.nxp.mcuxpresso.tools.win32_11.8.0.202306131047/tools/bin/../lib/gcc/arm-none-eabi/12.2.1/../../../../arm-none-eabi/lib/thumb/v6-m/nofp\libcr_nohost_nf.a(__sys_remove.o)
 .comment       0x00000045       0x46 c:/nxp/mcuxpressoide_11.8.0_1165/ide/plugins/com.nxp.mcuxpresso.tools.win32_11.8.0.202306131047/tools/bin/../lib/gcc/arm-none-eabi/12.2.1/../../../../arm-none-eabi/lib/thumb/v6-m/nofp\libcr_nohost_nf.a(__sys_seek.o)
 .comment       0x00000045       0x46 c:/nxp/mcuxpressoide_11.8.0_1165/ide/plugins/com.nxp.mcuxpresso.tools.win32_11.8.0.202306131047/tools/bin/../lib/gcc/arm-none-eabi/12.2.1/../../../../arm-none-eabi/lib/thumb/v6-m/nofp\libcr_nohost_nf.a(__sys_tmpnam.o)

.ARM.attributes
                0x00000000       0x2a
 .ARM.attributes
                0x00000000       0x2c ./utilities/fsl_debug_console.o
 .ARM.attributes
                0x0000002c       0x2c ./startup/startup_mkl25z4.o
 .ARM.attributes
                0x00000058       0x2c ./source/i2c.o
 .ARM.attributes
                0x00000084       0x2c ./source/led.o
 .ARM.attributes
                0x000000b0       0x2c ./source/main.o
 .ARM.attributes
                0x000000dc       0x2c ./source/mtb.o
 .ARM.attributes
                0x00000108       0x2c ./source/semihost_hardfault.o
 .ARM.attributes
                0x00000134       0x2c ./source/task.o
 .ARM.attributes
                0x00000160       0x2c ./source/touch.o
 .ARM.attributes
                0x0000018c       0x2c ./freertos/fsl_tickless_lptmr.o
 .ARM.attributes
                0x000001b8       0x2c ./freertos/heap_4.o
 .ARM.attributes
                0x000001e4       0x2c ./freertos/list.o
 .ARM.attributes
                0x00000210       0x2c ./freertos/port.o
 .ARM.attributes
                0x0000023c       0x2c ./freertos/queue.o
 .ARM.attributes
                0x00000268       0x2c ./freertos/tasks.o
 .ARM.attributes
                0x00000294       0x2c ./freertos/timers.o
 .ARM.attributes
                0x000002c0       0x2c ./drivers/fsl_clock.o
 .ARM.attributes
                0x000002ec       0x2c ./drivers/fsl_lpsci.o
 .ARM.attributes
                0x00000318       0x2c ./drivers/fsl_uart.o
 .ARM.attributes
                0x00000344       0x2c ./board/board.o
 .ARM.attributes
                0x00000370       0x2c ./board/clock_config.o
 .ARM.attributes
                0x0000039c       0x2c ./board/pin_mux.o
 .ARM.attributes
                0x000003c8       0x2c ./CMSIS/system_MKL25Z4.o
 .ARM.attributes
                0x000003f4       0x2c c:/nxp/mcuxpressoide_11.8.0_1165/ide/plugins/com.nxp.mcuxpresso.tools.win32_11.8.0.202306131047/tools/bin/../lib/gcc/arm-none-eabi/12.2.1/../../../../arm-none-eabi/lib/thumb/v6-m/nofp\libcr_nohost_nf.a(_cr__main.o)
 .ARM.attributes
                0x00000420       0x2c c:/nxp/mcuxpressoide_11.8.0_1165/ide/plugins/com.nxp.mcuxpresso.tools.win32_11.8.0.202306131047/tools/bin/../lib/gcc/arm-none-eabi/12.2.1/../../../../arm-none-eabi/lib/thumb/v6-m/nofp\libcr_nohost_nf.a(_cr_assert.o)
 .ARM.attributes
                0x0000044c       0x2c c:/nxp/mcuxpressoide_11.8.0_1165/ide/plugins/com.nxp.mcuxpresso.tools.win32_11.8.0.202306131047/tools/bin/../lib/gcc/arm-none-eabi/12.2.1/../../../../arm-none-eabi/lib/thumb/v6-m/nofp\libcr_nohost_nf.a(__ciob.o)
 .ARM.attributes
                0x00000478       0x2c c:/nxp/mcuxpressoide_11.8.0_1165/ide/plugins/com.nxp.mcuxpresso.tools.win32_11.8.0.202306131047/tools/bin/../lib/gcc/arm-none-eabi/12.2.1/../../../../arm-none-eabi/lib/thumb/v6-m/nofp\libcr_nohost_nf.a(__sys_appexit.o)
 .ARM.attributes
                0x000004a4       0x2c c:/nxp/mcuxpressoide_11.8.0_1165/ide/plugins/com.nxp.mcuxpresso.tools.win32_11.8.0.202306131047/tools/bin/../lib/gcc/arm-none-eabi/12.2.1/../../../../arm-none-eabi/lib/thumb/v6-m/nofp\libcr_c.a(memcpy.o)
 .ARM.attributes
                0x000004d0       0x2c c:/nxp/mcuxpressoide_11.8.0_1165/ide/plugins/com.nxp.mcuxpresso.tools.win32_11.8.0.202306131047/tools/bin/../lib/gcc/arm-none-eabi/12.2.1/../../../../arm-none-eabi/lib/thumb/v6-m/nofp\libcr_c.a(memset.o)
 .ARM.attributes
                0x000004fc       0x2c c:/nxp/mcuxpressoide_11.8.0_1165/ide/plugins/com.nxp.mcuxpresso.tools.win32_11.8.0.202306131047/tools/bin/../lib/gcc/arm-none-eabi/12.2.1/../../../../arm-none-eabi/lib/thumb/v6-m/nofp\libcr_c.a(_deferredlazyseek.o)
 .ARM.attributes
                0x00000528       0x2c c:/nxp/mcuxpressoide_11.8.0_1165/ide/plugins/com.nxp.mcuxpresso.tools.win32_11.8.0.202306131047/tools/bin/../lib/gcc/arm-none-eabi/12.2.1/../../../../arm-none-eabi/lib/thumb/v6-m/nofp\libcr_c.a(_fflush.o)
 .ARM.attributes
                0x00000554       0x2c c:/nxp/mcuxpressoide_11.8.0_1165/ide/plugins/com.nxp.mcuxpresso.tools.win32_11.8.0.202306131047/tools/bin/../lib/gcc/arm-none-eabi/12.2.1/../../../../arm-none-eabi/lib/thumb/v6-m/nofp\libcr_c.a(_writebuf.o)
 .ARM.attributes
                0x00000580       0x2c c:/nxp/mcuxpressoide_11.8.0_1165/ide/plugins/com.nxp.mcuxpresso.tools.win32_11.8.0.202306131047/tools/bin/../lib/gcc/arm-none-eabi/12.2.1/../../../../arm-none-eabi/lib/thumb/v6-m/nofp\libcr_c.a(alloc.o)
 .ARM.attributes
                0x000005ac       0x2c c:/nxp/mcuxpressoide_11.8.0_1165/ide/plugins/com.nxp.mcuxpresso.tools.win32_11.8.0.202306131047/tools/bin/../lib/gcc/arm-none-eabi/12.2.1/../../../../arm-none-eabi/lib/thumb/v6-m/nofp\libcr_c.a(fputs.o)
 .ARM.attributes
                0x000005d8       0x2c c:/nxp/mcuxpressoide_11.8.0_1165/ide/plugins/com.nxp.mcuxpresso.tools.win32_11.8.0.202306131047/tools/bin/../lib/gcc/arm-none-eabi/12.2.1/../../../../arm-none-eabi/lib/thumb/v6-m/nofp\libcr_c.a(fseek.o)
 .ARM.attributes
                0x00000604       0x2c c:/nxp/mcuxpressoide_11.8.0_1165/ide/plugins/com.nxp.mcuxpresso.tools.win32_11.8.0.202306131047/tools/bin/../lib/gcc/arm-none-eabi/12.2.1/../../../../arm-none-eabi/lib/thumb/v6-m/nofp\libcr_c.a(ftell.o)
 .ARM.attributes
                0x00000630       0x2c c:/nxp/mcuxpressoide_11.8.0_1165/ide/plugins/com.nxp.mcuxpresso.tools.win32_11.8.0.202306131047/tools/bin/../lib/gcc/arm-none-eabi/12.2.1/../../../../arm-none-eabi/lib/thumb/v6-m/nofp\libcr_c.a(initio.o)
 .ARM.attributes
                0x0000065c       0x2c c:/nxp/mcuxpressoide_11.8.0_1165/ide/plugins/com.nxp.mcuxpresso.tools.win32_11.8.0.202306131047/tools/bin/../lib/gcc/arm-none-eabi/12.2.1/../../../../arm-none-eabi/lib/thumb/v6-m/nofp\libcr_c.a(printf.o)
 .ARM.attributes
                0x00000688       0x2c c:/nxp/mcuxpressoide_11.8.0_1165/ide/plugins/com.nxp.mcuxpresso.tools.win32_11.8.0.202306131047/tools/bin/../lib/gcc/arm-none-eabi/12.2.1/../../../../arm-none-eabi/lib/thumb/v6-m/nofp\libcr_c.a(setvbuf.o)
 .ARM.attributes
                0x000006b4       0x2c c:/nxp/mcuxpressoide_11.8.0_1165/ide/plugins/com.nxp.mcuxpresso.tools.win32_11.8.0.202306131047/tools/bin/../lib/gcc/arm-none-eabi/12.2.1/../../../../arm-none-eabi/lib/thumb/v6-m/nofp\libcr_c.a(strlen.o)
 .ARM.attributes
                0x000006e0       0x2c c:/nxp/mcuxpressoide_11.8.0_1165/ide/plugins/com.nxp.mcuxpresso.tools.win32_11.8.0.202306131047/tools/bin/../lib/gcc/arm-none-eabi/12.2.1/../../../../arm-none-eabi/lib/thumb/v6-m/nofp\libcr_c.a(__init_alloc.o)
 .ARM.attributes
                0x0000070c       0x2c c:/nxp/mcuxpressoide_11.8.0_1165/ide/plugins/com.nxp.mcuxpresso.tools.win32_11.8.0.202306131047/tools/bin/../lib/gcc/arm-none-eabi/12.2.1/../../../../arm-none-eabi/lib/thumb/v6-m/nofp\libcr_c.a(_cr_sbrk.o)
 .ARM.attributes
                0x00000738       0x2c c:/nxp/mcuxpressoide_11.8.0_1165/ide/plugins/com.nxp.mcuxpresso.tools.win32_11.8.0.202306131047/tools/bin/../lib/gcc/arm-none-eabi/12.2.1/../../../../arm-none-eabi/lib/thumb/v6-m/nofp\libcr_c.a(_fdopen.o)
 .ARM.attributes
                0x00000764       0x2c c:/nxp/mcuxpressoide_11.8.0_1165/ide/plugins/com.nxp.mcuxpresso.tools.win32_11.8.0.202306131047/tools/bin/../lib/gcc/arm-none-eabi/12.2.1/../../../../arm-none-eabi/lib/thumb/v6-m/nofp\libcr_c.a(errno.o)
 .ARM.attributes
                0x00000790       0x2c c:/nxp/mcuxpressoide_11.8.0_1165/ide/plugins/com.nxp.mcuxpresso.tools.win32_11.8.0.202306131047/tools/bin/../lib/gcc/arm-none-eabi/12.2.1/../../../../arm-none-eabi/lib/thumb/v6-m/nofp\libcr_c.a(fclose.o)
 .ARM.attributes
                0x000007bc       0x2c c:/nxp/mcuxpressoide_11.8.0_1165/ide/plugins/com.nxp.mcuxpresso.tools.win32_11.8.0.202306131047/tools/bin/../lib/gcc/arm-none-eabi/12.2.1/../../../../arm-none-eabi/lib/thumb/v6-m/nofp\libcr_c.a(fflush.o)
 .ARM.attributes
                0x000007e8       0x2c c:/nxp/mcuxpressoide_11.8.0_1165/ide/plugins/com.nxp.mcuxpresso.tools.win32_11.8.0.202306131047/tools/bin/../lib/gcc/arm-none-eabi/12.2.1/../../../../arm-none-eabi/lib/thumb/v6-m/nofp\libcr_c.a(remove.o)
 .ARM.attributes
                0x00000814       0x2c c:/nxp/mcuxpressoide_11.8.0_1165/ide/plugins/com.nxp.mcuxpresso.tools.win32_11.8.0.202306131047/tools/bin/../lib/gcc/arm-none-eabi/12.2.1/../../../../arm-none-eabi/lib/thumb/v6-m/nofp\libcr_c.a(_cr_check_heap.o)
 .ARM.attributes
                0x00000840       0x2c c:/nxp/mcuxpressoide_11.8.0_1165/ide/plugins/com.nxp.mcuxpresso.tools.win32_11.8.0.202306131047/tools/bin/../lib/gcc/arm-none-eabi/12.2.1/../../../../arm-none-eabi/lib/thumb/v6-m/nofp\libcr_c.a(_do_fflush.o)
 .ARM.attributes
                0x0000086c       0x1c c:/nxp/mcuxpressoide_11.8.0_1165/ide/plugins/com.nxp.mcuxpresso.tools.win32_11.8.0.202306131047/tools/bin/../lib/gcc/arm-none-eabi/12.2.1/thumb/v6-m/nofp\libcr_eabihelpers.a(division_32.o)
 .ARM.attributes
                0x00000888       0x1c c:/nxp/mcuxpressoide_11.8.0_1165/ide/plugins/com.nxp.mcuxpresso.tools.win32_11.8.0.202306131047/tools/bin/../lib/gcc/arm-none-eabi/12.2.1/thumb/v6-m/nofp\libcr_eabihelpers.a(division_idiv0.o)
 .ARM.attributes
                0x000008a4       0x2c c:/nxp/mcuxpressoide_11.8.0_1165/ide/plugins/com.nxp.mcuxpresso.tools.win32_11.8.0.202306131047/tools/bin/../lib/gcc/arm-none-eabi/12.2.1/thumb/v6-m/nofp\libcr_eabihelpers.a(double.o)
 .ARM.attributes
                0x000008d0       0x2c c:/nxp/mcuxpressoide_11.8.0_1165/ide/plugins/com.nxp.mcuxpresso.tools.win32_11.8.0.202306131047/tools/bin/../lib/gcc/arm-none-eabi/12.2.1/thumb/v6-m/nofp\libcr_eabihelpers.a(float.o)
 .ARM.attributes
                0x000008fc       0x1c c:/nxp/mcuxpressoide_11.8.0_1165/ide/plugins/com.nxp.mcuxpresso.tools.win32_11.8.0.202306131047/tools/bin/../lib/gcc/arm-none-eabi/12.2.1/thumb/v6-m/nofp\libcr_eabihelpers.a(llong.o)
 .ARM.attributes
                0x00000918       0x1c c:/nxp/mcuxpressoide_11.8.0_1165/ide/plugins/com.nxp.mcuxpresso.tools.win32_11.8.0.202306131047/tools/bin/../lib/gcc/arm-none-eabi/12.2.1/thumb/v6-m/nofp\libcr_eabihelpers.a(memcpy.o)
 .ARM.attributes
                0x00000934       0x1c c:/nxp/mcuxpressoide_11.8.0_1165/ide/plugins/com.nxp.mcuxpresso.tools.win32_11.8.0.202306131047/tools/bin/../lib/gcc/arm-none-eabi/12.2.1/thumb/v6-m/nofp\libcr_eabihelpers.a(thumb1_switch_helpers.o)
 .ARM.attributes
                0x00000950       0x2c c:/nxp/mcuxpressoide_11.8.0_1165/ide/plugins/com.nxp.mcuxpresso.tools.win32_11.8.0.202306131047/tools/bin/../lib/gcc/arm-none-eabi/12.2.1/../../../../arm-none-eabi/lib/thumb/v6-m/nofp\libcr_nohost_nf.a(__sys_close.o)
 .ARM.attributes
                0x0000097c       0x2c c:/nxp/mcuxpressoide_11.8.0_1165/ide/plugins/com.nxp.mcuxpresso.tools.win32_11.8.0.202306131047/tools/bin/../lib/gcc/arm-none-eabi/12.2.1/../../../../arm-none-eabi/lib/thumb/v6-m/nofp\libcr_nohost_nf.a(__sys_flen.o)
 .ARM.attributes
                0x000009a8       0x2c c:/nxp/mcuxpressoide_11.8.0_1165/ide/plugins/com.nxp.mcuxpresso.tools.win32_11.8.0.202306131047/tools/bin/../lib/gcc/arm-none-eabi/12.2.1/../../../../arm-none-eabi/lib/thumb/v6-m/nofp\libcr_nohost_nf.a(__sys_istty.o)
 .ARM.attributes
                0x000009d4       0x2c c:/nxp/mcuxpressoide_11.8.0_1165/ide/plugins/com.nxp.mcuxpresso.tools.win32_11.8.0.202306131047/tools/bin/../lib/gcc/arm-none-eabi/12.2.1/../../../../arm-none-eabi/lib/thumb/v6-m/nofp\libcr_nohost_nf.a(__sys_remove.o)
 .ARM.attributes