../freertos/timers.c:259:12:xTimerCreateTimerTask	24	static
../freertos/timers.c:314:16:xTimerCreate	48	static
../freertos/timers.c:388:13:prvInitialiseNewTimer	24	static
../freertos/timers.c:417:12:xTimerGenericCommand	56	static
../freertos/timers.c:460:14:xTimerGetTimerDaemonTaskHandle	8	static
../freertos/timers.c:469:12:xTimerGetPeriod	24	static
../freertos/timers.c:478:12:xTimerGetExpiryTime	24	static
../freertos/timers.c:489:14:pcTimerGetName	24	static
../freertos/timers.c:498:13:prvProcessExpiredTimer	32	static
../freertos/timers.c:538:13:prvTimerTask	24	static
../freertos/timers.c:574:13:prvProcessTimerOrBlockTask	24	static
../freertos/timers.c:634:19:prvGetNextExpireTime	24	static
../freertos/timers.c:660:19:prvSampleTimeNow	24	static
../freertos/timers.c:683:19:prvInsertTimerInActiveList	32	static
../freertos/timers.c:724:13:prvProcessReceivedCommands	64	static
../freertos/timers.c:871:13:prvSwitchTimerLists	40	static
../freertos/timers.c:930:13:prvCheckForValidListAndQueue	8	static
../freertos/timers.c:981:12:xTimerIsTimerActive	24	static
../freertos/timers.c:1002:7:pvTimerGetTimerID	24	static
../freertos/timers.c:1019:6:vTimerSetTimerID	24	static
../freertos/timers.c:1035:13:xTimerPendFunctionCallFromISR	48	static
../freertos/timers.c:1059:13:xTimerPendFunctionCall	48	static
