Archive member included to satisfy reference by file (symbol)

c:/nxp/mcuxpressoide_11.8.0_1165/ide/plugins/com.nxp.mcuxpresso.tools.win32_11.8.0.202306131047/tools/bin/../lib/gcc/arm-none-eabi/12.2.1/../../../../arm-none-eabi/lib/thumb/v6-m/nofp\libcr_nohost_nf.a(_cr__main.o)
                              ./startup/startup_mkl25z4.o (__main)
c:/nxp/mcuxpressoide_11.8.0_1165/ide/plugins/com.nxp.mcuxpresso.tools.win32_11.8.0.202306131047/tools/bin/../lib/gcc/arm-none-eabi/12.2.1/../../../../arm-none-eabi/lib/thumb/v6-m/nofp\libcr_c.a(memcpy.o)
                              ./freertos/queue.o (memcpy)
c:/nxp/mcuxpressoide_11.8.0_1165/ide/plugins/com.nxp.mcuxpresso.tools.win32_11.8.0.202306131047/tools/bin/../lib/gcc/arm-none-eabi/12.2.1/../../../../arm-none-eabi/lib/thumb/v6-m/nofp\libcr_c.a(memset.o)
                              ./freertos/tasks.o (memset)
c:/nxp/mcuxpressoide_11.8.0_1165/ide/plugins/com.nxp.mcuxpresso.tools.win32_11.8.0.202306131047/tools/bin/../lib/gcc/arm-none-eabi/12.2.1/../../../../arm-none-eabi/lib/thumb/v6-m/nofp\libcr_c.a(initio.o)
                              c:/nxp/mcuxpressoide_11.8.0_1165/ide/plugins/com.nxp.mcuxpresso.tools.win32_11.8.0.202306131047/tools/bin/../lib/gcc/arm-none-eabi/12.2.1/../../../../arm-none-eabi/lib/thumb/v6-m/nofp\libcr_nohost_nf.a(_cr__main.o) (_initio)
c:/nxp/mcuxpressoide_11.8.0_1165/ide/plugins/com.nxp.mcuxpresso.tools.win32_11.8.0.202306131047/tools/bin/../lib/gcc/arm-none-eabi/12.2.1/../../../../arm-none-eabi/lib/thumb/v6-m/nofp\libcr_c.a(setvbuf.o)
                              c:/nxp/mcuxpressoide_11.8.0_1165/ide/plugins/com.nxp.mcuxpresso.tools.win32_11.8.0.202306131047/tools/bin/../lib/gcc/arm-none-eabi/12.2.1/../../../../arm-none-eabi/lib/thumb/v6-m/nofp\libcr_c.a(initio.o) (setvbuf)
c:/nxp/mcuxpressoide_11.8.0_1165/ide/plugins/com.nxp.mcuxpresso.tools.win32_11.8.0.202306131047/tools/bin/../lib/gcc/arm-none-eabi/12.2.1/../../../../arm-none-eabi/lib/thumb/v6-m/nofp\libcr_c.a(_fdopen.o)
                              c:/nxp/mcuxpressoide_11.8.0_1165/ide/plugins/com.nxp.mcuxpresso.tools.win32_11.8.0.202306131047/tools/bin/../lib/gcc/arm-none-eabi/12.2.1/../../../../arm-none-eabi/lib/thumb/v6-m/nofp\libcr_c.a(initio.o) (_fdopen)
c:/nxp/mcuxpressoide_11.8.0_1165/ide/plugins/com.nxp.mcuxpresso.tools.win32_11.8.0.202306131047/tools/bin/../lib/gcc/arm-none-eabi/12.2.1/../../../../arm-none-eabi/lib/thumb/v6-m/nofp\libcr_c.a(fclose.o)
                              c:/nxp/mcuxpressoide_11.8.0_1165/ide/plugins/com.nxp.mcuxpresso.tools.win32_11.8.0.202306131047/tools/bin/../lib/gcc/arm-none-eabi/12.2.1/../../../../arm-none-eabi/lib/thumb/v6-m/nofp\libcr_c.a(initio.o) (fclose)
c:/nxp/mcuxpressoide_11.8.0_1165/ide/plugins/com.nxp.mcuxpresso.tools.win32_11.8.0.202306131047/tools/bin/../lib/gcc/arm-none-eabi/12.2.1/../../../../arm-none-eabi/lib/thumb/v6-m/nofp\libcr_c.a(fflush.o)
                              c:/nxp/mcuxpressoide_11.8.0_1165/ide/plugins/com.nxp.mcuxpresso.tools.win32_11.8.0.202306131047/tools/bin/../lib/gcc/arm-none-eabi/12.2.1/../../../../arm-none-eabi/lib/thumb/v6-m/nofp\libcr_c.a(fclose.o) (fflush)
c:/nxp/mcuxpressoide_11.8.0_1165/ide/plugins/com.nxp.mcuxpresso.tools.win32_11.8.0.202306131047/tools/bin/../lib/gcc/arm-none-eabi/12.2.1/../../../../arm-none-eabi/lib/thumb/v6-m/nofp\libcr_c.a(fseek.o)
                              c:/nxp/mcuxpressoide_11.8.0_1165/ide/plugins/com.nxp.mcuxpresso.tools.win32_11.8.0.202306131047/tools/bin/../lib/gcc/arm-none-eabi/12.2.1/../../../../arm-none-eabi/lib/thumb/v6-m/nofp\libcr_c.a(_fdopen.o) (fseek)
c:/nxp/mcuxpressoide_11.8.0_1165/ide/plugins/com.nxp.mcuxpresso.tools.win32_11.8.0.202306131047/tools/bin/../lib/gcc/arm-none-eabi/12.2.1/../../../../arm-none-eabi/lib/thumb/v6-m/nofp\libcr_c.a(ftell.o)
                              c:/nxp/mcuxpressoide_11.8.0_1165/ide/plugins/com.nxp.mcuxpresso.tools.win32_11.8.0.202306131047/tools/bin/../lib/gcc/arm-none-eabi/12.2.1/../../../../arm-none-eabi/lib/thumb/v6-m/nofp\libcr_c.a(fseek.o) (ftell)
c:/nxp/mcuxpressoide_11.8.0_1165/ide/plugins/com.nxp.mcuxpresso.tools.win32_11.8.0.202306131047/tools/bin/../lib/gcc/arm-none-eabi/12.2.1/../../../../arm-none-eabi/lib/thumb/v6-m/nofp\libcr_c.a(remove.o)
                              c:/nxp/mcuxpressoide_11.8.0_1165/ide/plugins/com.nxp.mcuxpresso.tools.win32_11.8.0.202306131047/tools/bin/../lib/gcc/arm-none-eabi/12.2.1/../../../../arm-none-eabi/lib/thumb/v6-m/nofp\libcr_c.a(fclose.o) (remove)
c:/nxp/mcuxpressoide_11.8.0_1165/ide/plugins/com.nxp.mcuxpresso.tools.win32_11.8.0.202306131047/tools/bin/../lib/gcc/arm-none-eabi/12.2.1/../../../../arm-none-eabi/lib/thumb/v6-m/nofp\libcr_c.a(strlen.o)
                              c:/nxp/mcuxpressoide_11.8.0_1165/ide/plugins/com.nxp.mcuxpresso.tools.win32_11.8.0.202306131047/tools/bin/../lib/gcc/arm-none-eabi/12.2.1/../../../../arm-none-eabi/lib/thumb/v6-m/nofp\libcr_c.a(remove.o) (strlen)
[...]
Memory Configuration

Name             Origin             Length             Attributes
PROGRAM_FLASH    0x00000000         0x00020000         xr
SRAM             0x1ffff000         0x00004000         xrw
*default*        0x00000000         0xffffffff

Linker script and memory map

LOAD ./utilities/fsl_debug_console.o
LOAD ./startup/startup_mkl25z4.o
LOAD ./source/i2c.o
LOAD ./source/led.o
LOAD ./source/main.o
LOAD ./source/mtb.o
LOAD ./source/semihost_hardfault.o
LOAD ./source/task.o
LOAD ./source/touch.o
LOAD ./freertos/croutine.o
LOAD ./freertos/event_groups.o
LOAD ./freertos/fsl_tickless_lptmr.o
LOAD ./freertos/fsl_tickless_systick.o
LOAD ./freertos/heap_4.o
LOAD ./freertos/list.o
LOAD ./freertos/port.o
LOAD ./freertos/queue.o
LOAD ./freertos/tasks.o
LOAD ./freertos/timers.o
LOAD ./drivers/fsl_clock.o
LOAD ./drivers/fsl_common.o
LOAD ./drivers/fsl_flash.o
LOAD ./drivers/fsl_gpio.o
LOAD ./drivers/fsl_lpsci.o
LOAD ./drivers/fsl_lpsci_freertos.o
LOAD ./drivers/fsl_smc.o
LOAD ./drivers/fsl_uart.o
LOAD ./drivers/fsl_uart_freertos.o
LOAD ./board/board.o
LOAD ./board/clock_config.o
LOAD ./board/peripherals.o
LOAD ./board/pin_mux.o
LOAD ./CMSIS/system_MKL25Z4.o
START GROUP
LOAD c:/nxp/mcuxpressoide_11.8.0_1165/ide/plugins/com.nxp.mcuxpresso.tools.win32_11.8.0.202306131047/tools/bin/../lib/gcc/arm-none-eabi/12.2.1/../../../../arm-none-eabi/lib/thumb/v6-m/nofp\libcr_nohost_nf.a
LOAD c:/nxp/mcuxpressoide_11.8.0_1165/ide/plugins/com.nxp.mcuxpresso.tools.win32_11.8.0.202306131047/tools/bin/../lib/gcc/arm-none-eabi/12.2.1/../../../../arm-none-eabi/lib/thumb/v6-m/nofp\libcr_c.a
LOAD c:/nxp/mcuxpressoide_11.8.0_1165/ide/plugins/com.nxp.mcuxpresso.tools.win32_11.8.0.202306131047/tools/bin/../lib/gcc/arm-none-eabi/12.2.1/thumb/v6-m/nofp\libcr_eabihelpers.a
LOAD c:/nxp/mcuxpressoide_11.8.0_1165/ide/plugins/com.nxp.mcuxpresso.tools.win32_11.8.0.202306131047/tools/bin/../lib/gcc/arm-none-eabi/12.2.1/thumb/v6-m/nofp\libgcc.a
END GROUP
                0x00000000                __base_PROGRAM_FLASH = 0x0
                0x00000000                __base_Flash = 0x0
                0x00020000                __top_PROGRAM_FLASH = 0x20000
                0x00020000                __top_Flash = 0x20000
                0x1ffff000                __base_SRAM = 0x1ffff000
                0x1ffff000                __base_RAM = 0x1ffff000
                0x20003000                __top_SRAM = 0x20003000
                0x20003000                __top_RAM = 0x20003000

.text           0x00000000     0x3590
 FILL mask 0xff
                0x00000000                __vectors_start__ = ABSOLUTE (.)
 *(SORT_BY_ALIGNMENT(.isr_vector))
 .isr_vector    0x00000000       0xc0 ./startup/startup_mkl25z4.o
                0x00000000                g_pfnVectors
                0x00000000                __Vectors
                0x000000c0                . = ALIGN (0x4)
                0x000000c0                __section_table_start = .
                0x000000c0                __data_section_table = .
                0x000000c0        0x4 LONG 0x3590 LOADADDR (.data)
                0x000000c4        0x4 LONG 0x1ffff080 ADDR (.data)
                0x000000c8        0x4 LONG 0x70 SIZEOF (.data)
                0x000000cc                __data_section_table_end = .
                0x000000cc                __bss_section_table = .
                0x000000cc        0x4 LONG 0x1ffff0f0 ADDR (.bss)
                0x000000d0        0x4 LONG 0x2a8c SIZEOF (.bss)
                0x000000d4                __bss_section_table_end = .
                0x000000d4                __section_table_end = .
 *(SORT_BY_ALIGNMENT(.after_vectors*))
 .after_vectors.reset
                0x000000d4       0x44 ./startup/startup_mkl25z4.o
                0x000000d4                ResetISR
 .after_vectors
                0x00000118      0x10c ./startup/startup_mkl25z4.o
                0x00000118                NMI_Handler
                0x00000122                I2C0_DriverIRQHandler
                0x00000122                DMA0_DriverIRQHandler
                0x00000122                SPI1_DriverIRQHandler
                0x00000122                LPTMR0_DriverIRQHandler
                0x00000122                Reserved39_DriverIRQHandler
                0x00000122                PIT_DriverIRQHandler
                0x00000122                PORTD_DriverIRQHandler
                0x00000122                DMA2_DriverIRQHandler
                0x00000122                CMP0_DriverIRQHandler
                0x00000122                TPM2_DriverIRQHandler
                0x00000122                ADC0_DriverIRQHandler
                0x00000122                SPI0_DriverIRQHandler
                0x00000122                TSI0_DriverIRQHandler
                0x00000122                RTC_Seconds_DriverIRQHandler
                0x00000122                I2C1_DriverIRQHandler
                0x00000122                DMA1_DriverIRQHandler
                0x00000122                LLWU_DriverIRQHandler
                0x00000122                MCG_DriverIRQHandler
                0x00000122                RTC_DriverIRQHandler
                0x00000122                TPM1_DriverIRQHandler
                0x00000122                PORTA_DriverIRQHandler
                0x00000122                FTFA_DriverIRQHandler
                0x00000122                IntDefaultHandler
                0x00000122                USB0_DriverIRQHandler
                0x00000122                DAC0_DriverIRQHandler
                0x00000122                Reserved45_DriverIRQHandler
                0x00000122                LVD_LVW_DriverIRQHandler
                0x00000122                TPM0_DriverIRQHandler
                0x00000122                DMA3_DriverIRQHandler
                0x00000122                Reserved20_DriverIRQHandler
                0x00000124                DMA0_IRQHandler
                0x0000012c                DMA1_IRQHandler
                0x00000134                DMA2_IRQHandler
                0x0000013c                DMA3_IRQHandler
                0x00000144                Reserved20_IRQHandler
                0x0000014c                FTFA_IRQHandler
                0x00000154                LVD_LVW_IRQHandler
                0x0000015c                LLWU_IRQHandler
                0x00000164                I2C0_IRQHandler
                0x0000016c                I2C1_IRQHandler
                0x00000174                SPI0_IRQHandler
                0x0000017c                SPI1_IRQHandler
                0x00000184                UART0_IRQHandler
                0x0000018c                UART1_IRQHandler
                0x00000194                UART2_IRQHandler
                0x0000019c                ADC0_IRQHandler
                0x000001a4                CMP0_IRQHandler
                0x000001ac                TPM0_IRQHandler
                0x000001b4                TPM1_IRQHandler
                0x000001bc                TPM2_IRQHandler
                0x000001c4                RTC_IRQHandler
                0x000001cc                RTC_Seconds_IRQHandler
                0x000001d4                PIT_IRQHandler
                0x000001dc                Reserved39_IRQHandler
                0x000001e4                USB0_IRQHandler
                0x000001ec                DAC0_IRQHandler
                0x000001f4                TSI0_IRQHandler
                0x000001fc                MCG_IRQHandler
                0x00000204                LPTMR0_IRQHandler
                0x0000020c                Reserved45_IRQHandler
                0x00000214                PORTA_IRQHandler
                0x0000021c                PORTD_IRQHandler
 .after_vectors.init_data
                0x00000224       0x16 ./startup/startup_mkl25z4.o
                0x00000224                data_init
 .after_vectors.init_bss
                0x0000023a       0x14 ./startup/startup_mkl25z4.o
                0x0000023a                bss_init
                0x00000400                . = 0x400
 *fill*         0x0000024e      0x1b2 ff
                0x00000400                PROVIDE (__FLASH_CONFIG_START__ = .)
 *(SORT_BY_ALIGNMENT(.FlashConfig))
 .FlashConfig   0x00000400       0x10 ./startup/startup_mkl25z4.o
                0x00000400                Flash_Config
                0x00000410                PROVIDE (__FLASH_CONFIG_END__ = .)
                0x00000001                ASSERT (! ((__FLASH_CONFIG_START__ == __FLASH_CONFIG_END__)), Linker Flash Config Support Enabled, but no .FlashConfig section provided within application)
 *(SORT_BY_ALIGNMENT(.text*))
 .text.vPortStartFirstTask
                0x00000410       0x34 ./freertos/port.o
 *fill*         0x00000444        0xc ff
 .text.PendSV_Handler
                0x00000450       0x44 ./freertos/port.o
                0x00000450                PendSV_Handler
 .text.DbgConsole_Init
                0x00000494       0x98 ./utilities/fsl_debug_console.o
                0x00000494                DbgConsole_Init
 .text.__sys_write
                0x0000052c       0x28 ./utilities/fsl_debug_console.o
                0x0000052c                __sys_write
 .text.i2c_init
                0x00000554       0x58 ./source/i2c.o
                0x00000554                i2c_init
 .text.i2c_busy
                0x000005ac       0xb4 ./source/i2c.o
                0x000005ac                i2c_busy
 .text.i2c_wait
                0x00000660       0x4c ./source/i2c.o
                0x00000660                i2c_wait
 .text.i2c_read_byte
                0x000006ac       0x5c ./source/i2c.o
                0x000006ac                i2c_read_byte
 .text.Init_RGB_LED_PWM
                0x00000708       0xcc ./source/led.o
                0x00000708                Init_RGB_LED_PWM
 .text.dim_led  0x000007d4      0x110 ./source/led.o
                0x000007d4                dim_led
 .text.startup.main
                0x000008e4       0x68 ./source/main.o
                0x000008e4                main
 .text.HardFault_Handler
                0x0000094c       0x38 ./source/semihost_hardfault.o
                0x0000094c                HardFault_Handler
 .text.forward  0x00000984       0x84 ./source/task.o
                0x00000984                forward
 .text.reverse  0x00000a08       0xcc ./source/task.o
                0x00000a08                reverse
 .text.Touch_Init
                0x00000ad4       0x24 ./source/touch.o
                0x00000ad4                Touch_Init
 .text.Touch_Scan_LH
                0x00000af8       0x34 ./source/touch.o
                0x00000af8                Touch_Scan_LH
 .text.prvSetupTimerInterrupt
                0x00000b2c       0x34 ./freertos/fsl_tickless_lptmr.o
                0x00000b2c                prvSetupTimerInterrupt
 .text.prvInsertBlockIntoFreeList
                0x00000b60       0x50 ./freertos/heap_4.o
 .text.pvPortMalloc
                0x00000bb0      0x108 ./freertos/heap_4.o
                0x00000bb0                pvPortMalloc
 .text.vPortFree
                0x00000cb8       0x48 ./freertos/heap_4.o
                0x00000cb8                vPortFree
 .text.prvTaskExitError
                0x00000d00       0x14 ./freertos/port.o
 .text.pxPortInitialiseStack
                0x00000d14       0x20 ./freertos/port.o
                0x00000d14                pxPortInitialiseStack
 .text.xPortStartScheduler
                0x00000d34       0x34 ./freertos/port.o
                0x00000d34                xPortStartScheduler
 .text.vPortYield
                0x00000d68       0x18 ./freertos/port.o
                0x00000d68                vPortYield
 .text.vPortEnterCritical
                0x00000d80       0x18 ./freertos/port.o
                0x00000d80                vPortEnterCritical
 .text.vPortExitCritical
                0x00000d98       0x1c ./freertos/port.o
                0x00000d98                vPortExitCritical
 .text.SysTick_Handler
                0x00000db4       0x24 ./freertos/port.o
                0x00000db4                SysTick_Handler
 .text.vQueueAddToRegistry
                0x00000dd8       0x24 ./freertos/queue.o
                0x00000dd8                vQueueAddToRegistry
 .text.prvAddCurrentTaskToDelayedList
                0x00000dfc       0x70 ./freertos/tasks.o
 .text.prvResetNextTaskUnblockTime
                0x00000e6c       0x28 ./freertos/tasks.o
 .text.xTaskCreate
                0x00000e94      0x19c ./freertos/tasks.o
                0x00000e94                xTaskCreate
 .text.vTaskResume
                0x00001030       0x74 ./freertos/tasks.o
                0x00001030                vTaskResume
 .text.vTaskStartScheduler
                0x000010a4       0x5c ./freertos/tasks.o
                0x000010a4                vTaskStartScheduler
 .text.vTaskSuspendAll
                0x00001100       0x10 ./freertos/tasks.o
                0x00001100                vTaskSuspendAll
 .text.xTaskGetTickCount
                0x00001110        0xc ./freertos/tasks.o
                0x00001110                xTaskGetTickCount
 .text.xTaskIncrementTick
                0x0000111c       0xec ./freertos/tasks.o
                0x0000111c                xTaskIncrementTick
 .text.xTaskResumeAll
                0x00001208       0xd0 ./freertos/tasks.o
                0x00001208                xTaskResumeAll
 .text.vTaskDelay
                0x000012d8       0x34 ./freertos/tasks.o
                0x000012d8                vTaskDelay
 .text.prvIdleTask
                0x0000130c       0x68 ./freertos/tasks.o
 .text.vTaskSwitchContext
                0x00001374       0x6c ./freertos/tasks.o
                0x00001374                vTaskSwitchContext
 .text.vTaskSuspend
                0x000013e0       0x90 ./freertos/tasks.o
                0x000013e0                vTaskSuspend
 .text.vTaskPlaceOnEventList
                0x00001470       0x24 ./freertos/tasks.o
                0x00001470                vTaskPlaceOnEventList
 .text.vTaskPlaceOnEventListRestricted
                0x00001494       0x30 ./freertos/tasks.o
                0x00001494                vTaskPlaceOnEventListRestricted
 .text.xTaskRemoveFromEventList
                0x000014c4       0x74 ./freertos/tasks.o
                0x000014c4                xTaskRemoveFromEventList
 .text.vTaskSetTimeOutState
                0x00001538       0x20 ./freertos/tasks.o
                0x00001538                vTaskSetTimeOutState
 .text.xTaskCheckForTimeOut
                0x00001558       0x5c ./freertos/tasks.o
                0x00001558                xTaskCheckForTimeOut
 .text.vTaskMissedYield
                0x000015b4        0xc ./freertos/tasks.o
                0x000015b4                vTaskMissedYield
 .text.xTaskGetSchedulerState
                0x000015c0       0x20 ./freertos/tasks.o
                0x000015c0                xTaskGetSchedulerState
 .text.vTaskPriorityInherit
                0x000015e0       0x6c ./freertos/tasks.o
                0x000015e0                vTaskPriorityInherit
 .text.xTaskPriorityDisinherit
                0x0000164c       0x6c ./freertos/tasks.o
                0x0000164c                xTaskPriorityDisinherit
 .text.pvTaskIncrementMutexHeldCount
                0x000016b8       0x18 ./freertos/tasks.o
                0x000016b8                pvTaskIncrementMutexHeldCount
 .text.prvInsertTimerInActiveList
                0x000016d0       0x3c ./freertos/timers.o
 .text.prvCheckForValidListAndQueue
                0x0000170c       0x5c ./freertos/timers.o
 .text.xTimerCreateTimerTask
                0x00001768       0x3c ./freertos/timers.o
                0x00001768                xTimerCreateTimerTask
 .text.xTimerGenericCommand
                0x000017a4       0x4c ./freertos/timers.o
                0x000017a4                xTimerGenericCommand
 .text.prvSampleTimeNow
                0x000017f0       0x90 ./freertos/timers.o
 .text.prvTimerTask
                0x00001880      0x158 ./freertos/timers.o
 .text.CLOCK_GetFllRefClkFreq
                0x000019d8       0x4c ./drivers/fsl_clock.o
 .text.CLOCK_SetSimConfig
                0x00001a24       0x4c ./drivers/fsl_clock.o
                0x00001a24                CLOCK_SetSimConfig
 .text.CLOCK_GetFllFreq
                0x00001a70       0x3c ./drivers/fsl_clock.o
                0x00001a70                CLOCK_GetFllFreq
 .text.CLOCK_GetPll0Freq
                0x00001aac       0x34 ./drivers/fsl_clock.o
                0x00001aac                CLOCK_GetPll0Freq
 .text.CLOCK_GetPllFllSelClkFreq
                0x00001ae0       0x24 ./drivers/fsl_clock.o
                0x00001ae0                CLOCK_GetPllFllSelClkFreq
 .text.CLOCK_SetInternalRefClkConfig
                0x00001b04       0x74 ./drivers/fsl_clock.o
                0x00001b04                CLOCK_SetInternalRefClkConfig
 .text.CLOCK_EnablePll0
                0x00001b78       0x30 ./drivers/fsl_clock.o
                0x00001b78                CLOCK_EnablePll0
 .text.CLOCK_InitOsc0
                0x00001ba8       0x68 ./drivers/fsl_clock.o
                0x00001ba8                CLOCK_InitOsc0
 .text.CLOCK_SetPbeMode
                0x00001c10       0x50 ./drivers/fsl_clock.o
                0x00001c10                CLOCK_SetPbeMode
 .text.CLOCK_BootToPeeMode
                0x00001c60       0x28 ./drivers/fsl_clock.o
                0x00001c60                CLOCK_BootToPeeMode
 .text.LPSCI_Init
                0x00001c88      0x130 ./drivers/fsl_lpsci.o
                0x00001c88                LPSCI_Init
 .text.LPSCI_ClearStatusFlags
                0x00001db8       0x5c ./drivers/fsl_lpsci.o
                0x00001db8                LPSCI_ClearStatusFlags
 .text.LPSCI_ReadBlocking
                0x00001e14       0x78 ./drivers/fsl_lpsci.o
                0x00001e14                LPSCI_ReadBlocking
 .text.UART0_DriverIRQHandler
                0x00001e8c       0x1c ./drivers/fsl_lpsci.o
                0x00001e8c                UART0_DriverIRQHandler
 .text.UART_GetInstance
                0x00001ea8       0x20 ./drivers/fsl_uart.o
                0x00001ea8                UART_GetInstance
 .text.UART_Init
                0x00001ec8       0xdc ./drivers/fsl_uart.o
                0x00001ec8                UART_Init
 .text.UART_ReadBlocking
                0x00001fa4       0x60 ./drivers/fsl_uart.o
                0x00001fa4                UART_ReadBlocking
 .text.UART1_DriverIRQHandler
                0x00002004       0x1c ./drivers/fsl_uart.o
                0x00002004                UART1_DriverIRQHandler
 .text.UART2_DriverIRQHandler
                0x00002020       0x1c ./drivers/fsl_uart.o
                0x00002020                UART2_DriverIRQHandler
 .text.BOARD_InitDebugConsole
                0x0000203c       0x38 ./board/board.o
                0x0000203c                BOARD_InitDebugConsole
 .text.BOARD_BootClockRUN
                0x00002074       0x70 ./board/clock_config.o
                0x00002074                BOARD_BootClockRUN
 .text.BOARD_InitPins
                0x000020e4       0x44 ./board/pin_mux.o
                0x000020e4                BOARD_InitPins
 .text.SystemInit
                0x00002128       0x10 ./CMSIS/system_MKL25Z4.o
                0x00002128                SystemInit
 .text._initio  0x00002138       0x7c c:/nxp/mcuxpressoide_11.8.0_1165/ide/plugins/com.nxp.mcuxpresso.tools.win32_11.8.0.202306131047/tools/bin/../lib/gcc/arm-none-eabi/12.2.1/../../../../arm-none-eabi/lib/thumb/v6-m/nofp\libcr_c.a(initio.o)
                0x00002138                _initio
 .text.setvbuf  0x000021b4       0x4c c:/nxp/mcuxpressoide_11.8.0_1165/ide/plugins/com.nxp.mcuxpresso.tools.win32_11.8.0.202306131047/tools/bin/../lib/gcc/arm-none-eabi/12.2.1/../../../../arm-none-eabi/lib/thumb/v6-m/nofp\libcr_c.a(setvbuf.o)
                0x000021b4                setvbuf
 .text._fdopen  0x00002200       0x74 c:/nxp/mcuxpressoide_11.8.0_1165/ide/plugins/com.nxp.mcuxpresso.tools.win32_11.8.0.202306131047/tools/bin/../lib/gcc/arm-none-eabi/12.2.1/../../../../arm-none-eabi/lib/thumb/v6-m/nofp\libcr_c.a(_fdopen.o)
                0x00002200                _fdopen
 .text.fclose   0x00002274       0x5c c:/nxp/mcuxpressoide_11.8.0_1165/ide/plugins/com.nxp.mcuxpresso.tools.win32_11.8.0.202306131047/tools/bin/../lib/gcc/arm-none-eabi/12.2.1/../../../../arm-none-eabi/lib/thumb/v6-m/nofp\libcr_c.a(fclose.o)
                0x00002274                fclose
 .text.fflush   0x000022d0       0x40 c:/nxp/mcuxpressoide_11.8.0_1165/ide/plugins/com.nxp.mcuxpresso.tools.win32_11.8.0.202306131047/tools/bin/../lib/gcc/arm-none-eabi/12.2.1/../../../../arm-none-eabi/lib/thumb/v6-m/nofp\libcr_c.a(fflush.o)
                0x000022d0                fflush
 .text.fseek    0x00002310       0xec c:/nxp/mcuxpressoide_11.8.0_1165/ide/plugins/com.nxp.mcuxpresso.tools.win32_11.8.0.202306131047/tools/bin/../lib/gcc/arm-none-eabi/12.2.1/../../../../arm-none-eabi/lib/thumb/v6-m/nofp\libcr_c.a(fseek.o)
                0x00002310                fseek
 .text.ftell    0x000023fc       0x4c c:/nxp/mcuxpressoide_11.8.0_1165/ide/plugins/com.nxp.mcuxpresso.tools.win32_11.8.0.202306131047/tools/bin/../lib/gcc/arm-none-eabi/12.2.1/../../../../arm-none-eabi/lib/thumb/v6-m/nofp\libcr_c.a(ftell.o)
                0x000023fc                ftell
 .text.strlen   0x00002448       0x5c c:/nxp/mcuxpressoide_11.8.0_1165/ide/plugins/com.nxp.mcuxpresso.tools.win32_11.8.0.202306131047/tools/bin/../lib/gcc/arm-none-eabi/12.2.1/../../../../arm-none-eabi/lib/thumb/v6-m/nofp\libcr_c.a(strlen.o)
                0x00002448                strlen
 .text._do_fflush
                0x000024a4       0x48 c:/nxp/mcuxpressoide_11.8.0_1165/ide/plugins/com.nxp.mcuxpresso.tools.win32_11.8.0.202306131047/tools/bin/../lib/gcc/arm-none-eabi/12.2.1/../../../../arm-none-eabi/lib/thumb/v6-m/nofp\libcr_c.a(_do_fflush.o)
                0x000024a4                _do_fflush
 .text._fflush  0x000024ec       0x5c c:/nxp/mcuxpressoide_11.8.0_1165/ide/plugins/com.nxp.mcuxpresso.tools.win32_11.8.0.202306131047/tools/bin/../lib/gcc/arm-none-eabi/12.2.1/../../../../arm-none-eabi/lib/thumb/v6-m/nofp\libcr_c.a(_fflush.o)
                0x000024ec                _fflush
 .text._Cwritebuf
                0x00002548       0x68 c:/nxp/mcuxpressoide_11.8.0_1165/ide/plugins/com.nxp.mcuxpresso.tools.win32_11.8.0.202306131047/tools/bin/../lib/gcc/arm-none-eabi/12.2.1/../../../../arm-none-eabi/lib/thumb/v6-m/nofp\libcr_c.a(_writebuf.o)
                0x00002548                _Cwritebuf
 .text._deferredlazyseek
                0x000025b0       0x40 c:/nxp/mcuxpressoide_11.8.0_1165/ide/plugins/com.nxp.mcuxpresso.tools.win32_11.8.0.202306131047/tools/bin/../lib/gcc/arm-none-eabi/12.2.1/../../../../arm-none-eabi/lib/thumb/v6-m/nofp\libcr_c.a(_deferredlazyseek.o)
                0x000025b0                _deferredlazyseek
 .text.__aeabi_dmul
                0x000025f0      0x194 c:/nxp/mcuxpressoide_11.8.0_1165/ide/plugins/com.nxp.mcuxpresso.tools.win32_11.8.0.202306131047/tools/bin/../lib/gcc/arm-none-eabi/12.2.1/thumb/v6-m/nofp\libcr_eabihelpers.a(double.o)
                0x000025f0                __aeabi_dmul
 .text.__aeabi_dsub
                0x00002784      0x1d4 c:/nxp/mcuxpressoide_11.8.0_1165/ide/plugins/com.nxp.mcuxpresso.tools.win32_11.8.0.202306131047/tools/bin/../lib/gcc/arm-none-eabi/12.2.1/thumb/v6-m/nofp\libcr_eabihelpers.a(double.o)
                0x00002784                __aeabi_dsub
 .text.__aeabi_dadd
                0x00002958      0x150 c:/nxp/mcuxpressoide_11.8.0_1165/ide/plugins/com.nxp.mcuxpresso.tools.win32_11.8.0.202306131047/tools/bin/../lib/gcc/arm-none-eabi/12.2.1/thumb/v6-m/nofp\libcr_eabihelpers.a(double.o)
                0x00002958                __aeabi_dadd
 .text.__aeabi_d2uiz
                0x00002aa8       0x38 c:/nxp/mcuxpressoide_11.8.0_1165/ide/plugins/com.nxp.mcuxpresso.tools.win32_11.8.0.202306131047/tools/bin/../lib/gcc/arm-none-eabi/12.2.1/thumb/v6-m/nofp\libcr_eabihelpers.a(double.o)
                0x00002aa8                __aeabi_d2uiz
 .text.__aeabi_fmul
                0x00002ae0       0xd0 c:/nxp/mcuxpressoide_11.8.0_1165/ide/plugins/com.nxp.mcuxpresso.tools.win32_11.8.0.202306131047/tools/bin/../lib/gcc/arm-none-eabi/12.2.1/thumb/v6-m/nofp\libcr_eabihelpers.a(float.o)
                0x00002ae0                __aeabi_fmul
 .text.__aeabi_fdiv
                0x00002bb0       0xe4 c:/nxp/mcuxpressoide_11.8.0_1165/ide/plugins/com.nxp.mcuxpresso.tools.win32_11.8.0.202306131047/tools/bin/../lib/gcc/arm-none-eabi/12.2.1/thumb/v6-m/nofp\libcr_eabihelpers.a(float.o)
                0x00002bb0                __aeabi_fdiv
 .text.vListInitialise
                0x00002c94       0x16 ./freertos/list.o
                0x00002c94                vListInitialise
 .text.vListInitialiseItem
                0x00002caa        0x6 ./freertos/list.o
                0x00002caa                vListInitialiseItem
 .text.vListInsertEnd
                0x00002cb0       0x16 ./freertos/list.o
                0x00002cb0                vListInsertEnd
 .text.vListInsert
                0x00002cc6       0x2e ./freertos/list.o
                0x00002cc6                vListInsert
 .text.uxListRemove
                0x00002cf4       0x1e ./freertos/list.o
                0x00002cf4                uxListRemove
 .text.SVC_Handler
                0x00002d12        0x2 ./freertos/port.o
                0x00002d12                SVC_Handler
 .text.ulSetInterruptMaskFromISR
                0x00002d14        0xa ./freertos/port.o
                0x00002d14                ulSetInterruptMaskFromISR
 .text.vClearInterruptMaskFromISR
                0x00002d1e        0x6 ./freertos/port.o
                0x00002d1e                vClearInterruptMaskFromISR
 .text.prvCopyDataToQueue
                0x00002d24       0x70 ./freertos/queue.o
 .text.prvCopyDataFromQueue
                0x00002d94       0x24 ./freertos/queue.o
 .text.prvUnlockQueue
                0x00002db8       0x6a ./freertos/queue.o
 .text.xQueueGenericReset
                0x00002e22       0x68 ./freertos/queue.o
                0x00002e22                xQueueGenericReset
 .text.xQueueGenericCreate
                0x00002e8a       0x3e ./freertos/queue.o
                0x00002e8a                xQueueGenericCreate
 .text.xQueueGenericSend
                0x00002ec8      0x13a ./freertos/queue.o
                0x00002ec8                xQueueGenericSend
 .text.xQueueGenericSendFromISR
                0x00003002       0x94 ./freertos/queue.o
                0x00003002                xQueueGenericSendFromISR
 .text.xQueueGenericReceive
                0x00003096      0x156 ./freertos/queue.o
                0x00003096                xQueueGenericReceive
 .text.vQueueWaitForMessageRestricted
                0x000031ec       0x4a ./freertos/queue.o
                0x000031ec                vQueueWaitForMessageRestricted
 .text.LPSCI_GetDefaultConfig
                0x00003236        0xc ./drivers/fsl_lpsci.o
                0x00003236                LPSCI_GetDefaultConfig
 .text.LPSCI_WriteBlocking
                0x00003242       0x18 ./drivers/fsl_lpsci.o
                0x00003242                LPSCI_WriteBlocking
 .text.UART_GetDefaultConfig
                0x0000325a        0xc ./drivers/fsl_uart.o
                0x0000325a                UART_GetDefaultConfig
 .text.UART_WriteBlocking
                0x00003266       0x18 ./drivers/fsl_uart.o
                0x00003266                UART_WriteBlocking
 .text.__main   0x0000327e        0xc c:/nxp/mcuxpressoide_11.8.0_1165/ide/plugins/com.nxp.mcuxpresso.tools.win32_11.8.0.202306131047/tools/bin/../lib/gcc/arm-none-eabi/12.2.1/../../../../arm-none-eabi/lib/thumb/v6-m/nofp\libcr_nohost_nf.a(_cr__main.o)
                0x0000327e                __main
 .text.memcpy   0x0000328a        0x8 c:/nxp/mcuxpressoide_11.8.0_1165/ide/plugins/com.nxp.mcuxpresso.tools.win32_11.8.0.202306131047/tools/bin/../lib/gcc/arm-none-eabi/12.2.1/../../../../arm-none-eabi/lib/thumb/v6-m/nofp\libcr_c.a(memcpy.o)
                0x0000328a                memcpy
 .text.memset   0x00003292        0x8 c:/nxp/mcuxpressoide_11.8.0_1165/ide/plugins/com.nxp.mcuxpresso.tools.win32_11.8.0.202306131047/tools/bin/../lib/gcc/arm-none-eabi/12.2.1/../../../../arm-none-eabi/lib/thumb/v6-m/nofp\libcr_c.a(memset.o)
                0x00003292                memset
 .text.remove   0x0000329a       0x12 c:/nxp/mcuxpressoide_11.8.0_1165/ide/plugins/com.nxp.mcuxpresso.tools.win32_11.8.0.202306131047/tools/bin/../lib/gcc/arm-none-eabi/12.2.1/../../../../arm-none-eabi/lib/thumb/v6-m/nofp\libcr_c.a(remove.o)
                0x0000329a                remove
 .text.free     0x000032ac       0x2c c:/nxp/mcuxpressoide_11.8.0_1165/ide/plugins/com.nxp.mcuxpresso.tools.win32_11.8.0.202306131047/tools/bin/../lib/gcc/arm-none-eabi/12.2.1/../../../../arm-none-eabi/lib/thumb/v6-m/nofp\libcr_c.a(alloc.o)
                0x000032ac                free
 .text.__aeabi_division_idivmod
                0x000032d8       0x78 c:/nxp/mcuxpressoide_11.8.0_1165/ide/plugins/com.nxp.mcuxpresso.tools.win32_11.8.0.202306131047/tools/bin/../lib/gcc/arm-none-eabi/12.2.1/thumb/v6-m/nofp\libcr_eabihelpers.a(division_32.o)
                0x000032d8                __aeabi_idivmod
                0x000032d8                __aeabi_idiv
                0x000032de                __aeabi_uidivmod
                0x000032de                __aeabi_uidiv
 .text.__aeabi_division_idiv0
                0x00003350        0x2 c:/nxp/mcuxpressoide_11.8.0_1165/ide/plugins/com.nxp.mcuxpresso.tools.win32_11.8.0.202306131047/tools/bin/../lib/gcc/arm-none-eabi/12.2.1/thumb/v6-m/nofp\libcr_eabihelpers.a(division_idiv0.o)
                0x00003350                __aeabi_idiv0
 .text.__bhs_ui2d
                0x00003352       0x5e c:/nxp/mcuxpressoide_11.8.0_1165/ide/plugins/com.nxp.mcuxpresso.tools.win32_11.8.0.202306131047/tools/bin/../lib/gcc/arm-none-eabi/12.2.1/thumb/v6-m/nofp\libcr_eabihelpers.a(double.o)
                0x00003352                __bhs_ui2d
 .text.__aeabi_i2d
                0x000033b0       0x18 c:/nxp/mcuxpressoide_11.8.0_1165/ide/plugins/com.nxp.mcuxpresso.tools.win32_11.8.0.202306131047/tools/bin/../lib/gcc/arm-none-eabi/12.2.1/thumb/v6-m/nofp\libcr_eabihelpers.a(double.o)
                0x000033b0                __aeabi_i2d
 .text.__aeabi_f2uiz
                0x000033c8       0x2a c:/nxp/mcuxpressoide_11.8.0_1165/ide/plugins/com.nxp.mcuxpresso.tools.win32_11.8.0.202306131047/tools/bin/../lib/gcc/arm-none-eabi/12.2.1/thumb/v6-m/nofp\libcr_eabihelpers.a(float.o)
                0x000033c8                __aeabi_f2uiz
 .text.__bhs_ui2f
                0x000033f2       0x60 c:/nxp/mcuxpressoide_11.8.0_1165/ide/plugins/com.nxp.mcuxpresso.tools.win32_11.8.0.202306131047/tools/bin/../lib/gcc/arm-none-eabi/12.2.1/thumb/v6-m/nofp\libcr_eabihelpers.a(float.o)
                0x000033f2                __bhs_ui2f
 .text.__aeabi_i2f
                0x00003452       0x18 c:/nxp/mcuxpressoide_11.8.0_1165/ide/plugins/com.nxp.mcuxpresso.tools.win32_11.8.0.202306131047/tools/bin/../lib/gcc/arm-none-eabi/12.2.1/thumb/v6-m/nofp\libcr_eabihelpers.a(float.o)
                0x00003452                __aeabi_i2f
 .text.__aeabi_llong_lmul
                0x0000346a       0x2e c:/nxp/mcuxpressoide_11.8.0_1165/ide/plugins/com.nxp.mcuxpresso.tools.win32_11.8.0.202306131047/tools/bin/../lib/gcc/arm-none-eabi/12.2.1/thumb/v6-m/nofp\libcr_eabihelpers.a(llong.o)
                0x0000346a                __aeabi_lmul
 .text.__aeabi_memcpy
                0x00003498       0x2c c:/nxp/mcuxpressoide_11.8.0_1165/ide/plugins/com.nxp.mcuxpresso.tools.win32_11.8.0.202306131047/tools/bin/../lib/gcc/arm-none-eabi/12.2.1/thumb/v6-m/nofp\libcr_eabihelpers.a(memcpy.o)
                0x00003498                __aeabi_memcpy4
                0x00003498                __aeabi_memcpy8
                0x00003498                __aeabi_memcpy
 .text.__aeabi_memset_lowlevel
                0x000034c4       0x2a c:/nxp/mcuxpressoide_11.8.0_1165/ide/plugins/com.nxp.mcuxpresso.tools.win32_11.8.0.202306131047/tools/bin/../lib/gcc/arm-none-eabi/12.2.1/thumb/v6-m/nofp\libcr_eabihelpers.a(memcpy.o)
                0x000034c4                __aeabi_lowlevel_memset
 .text.__gnu_thumb1_case_sqi
                0x000034ee       0x10 c:/nxp/mcuxpressoide_11.8.0_1165/ide/plugins/com.nxp.mcuxpresso.tools.win32_11.8.0.202306131047/tools/bin/../lib/gcc/arm-none-eabi/12.2.1/thumb/v6-m/nofp\libcr_eabihelpers.a(thumb1_switch_helpers.o)
                0x000034ee                __gnu_thumb1_case_sqi
 .text.__sys_close
                0x000034fe        0x6 c:/nxp/mcuxpressoide_11.8.0_1165/ide/plugins/com.nxp.mcuxpresso.tools.win32_11.8.0.202306131047/tools/bin/../lib/gcc/arm-none-eabi/12.2.1/../../../../arm-none-eabi/lib/thumb/v6-m/nofp\libcr_nohost_nf.a(__sys_close.o)
                0x000034fe                __sys_close
 .text.__sys_flen
                0x00003504        0x6 c:/nxp/mcuxpressoide_11.8.0_1165/ide/plugins/com.nxp.mcuxpresso.tools.win32_11.8.0.202306131047/tools/bin/../lib/gcc/arm-none-eabi/12.2.1/../../../../arm-none-eabi/lib/thumb/v6-m/nofp\libcr_nohost_nf.a(__sys_flen.o)
                0x00003504                __sys_flen
 .text.__sys_istty
                0x0000350a        0x6 c:/nxp/mcuxpressoide_11.8.0_1165/ide/plugins/com.nxp.mcuxpresso.tools.win32_11.8.0.202306131047/tools/bin/../lib/gcc/arm-none-eabi/12.2.1/../../../../arm-none-eabi/lib/thumb/v6-m/nofp\libcr_nohost_nf.a(__sys_istty.o)
                0x0000350a                __sys_istty
 .text.__sys_remove
                0x00003510        0x6 c:/nxp/mcuxpressoide_11.8.0_1165/ide/plugins/com.nxp.mcuxpresso.tools.win32_11.8.0.202306131047/tools/bin/../lib/gcc/arm-none-eabi/12.2.1/../../../../arm-none-eabi/lib/thumb/v6-m/nofp\libcr_nohost_nf.a(__sys_remove.o)
                0x00003510                __sys_remove
 .text.__sys_seek
                0x00003516        0x6 c:/nxp/mcuxpressoide_11.8.0_1165/ide/plugins/com.nxp.mcuxpresso.tools.win32_11.8.0.202306131047/tools/bin/../lib/gcc/arm-none-eabi/12.2.1/../../../../arm-none-eabi/lib/thumb/v6-m/nofp\libcr_nohost_nf.a(__sys_seek.o)
                0x00003516                __sys_seek
 .text.__sys_tmpnam
                0x0000351c        0x6 c:/nxp/mcuxpressoide_11.8.0_1165/ide/plugins/com.nxp.mcuxpresso.tools.win32_11.8.0.202306131047/tools/bin/../lib/gcc/arm-none-eabi/12.2.1/../../../../arm-none-eabi/lib/thumb/v6-m/nofp\libcr_nohost_nf.a(__sys_tmpnam.o)
                0x0000351c                __sys_tmpnam
 *freertos*/tasks.o(SORT_BY_ALIGNMENT(.rodata*))
 .rodata.vTaskStartScheduler.str1.1
                0x00003522        0x5 ./freertos/tasks.o
 *(SORT_BY_ALIGNMENT(.rodata) SORT_BY_ALIGNMENT(.rodata.*) SORT_BY_ALIGNMENT(.constdata) SORT_BY_ALIGNMENT(.constdata.*))
 *fill*         0x00003527        0x1 ff
 .rodata.s_uartClock
                0x00003528        0xc ./drivers/fsl_uart.o
 .rodata.oscConfig_BOARD_BootClockRUN
                0x00003534        0x8 ./board/clock_config.o
                0x00003534                oscConfig_BOARD_BootClockRUN
 .rodata.simConfig_BOARD_BootClockRUN
                0x0000353c        0x8 ./board/clock_config.o
                0x0000353c                simConfig_BOARD_BootClockRUN
 .rodata.__num_Ciob_streams
                0x00003544        0x4 c:/nxp/mcuxpressoide_11.8.0_1165/ide/plugins/com.nxp.mcuxpresso.tools.win32_11.8.0.202306131047/tools/bin/../lib/gcc/arm-none-eabi/12.2.1/../../../../arm-none-eabi/lib/thumb/v6-m/nofp\libcr_nohost_nf.a(__ciob.o)
                0x00003544                __num_Ciob_streams
 .rodata.fllFactorTable.1
                0x00003548       0x10 ./drivers/fsl_clock.o
 .rodata.main.str1.1
                0x00003558       0x1c ./source/main.o
 .rodata.prvCheckForValidListAndQueue.str1.1
                0x00003574        0x5 ./freertos/timers.o
 .rodata.xTimerCreateTimerTask.str1.1
                0x00003579        0x8 ./freertos/timers.o
 .rodata.mcgConfig_BOARD_BootClockRUN
                0x00003581        0xa ./board/clock_config.o
                0x00003581                mcgConfig_BOARD_BootClockRUN
 .rodata._initio.str1.1
                0x0000358b        0x4 c:/nxp/mcuxpressoide_11.8.0_1165/ide/plugins/com.nxp.mcuxpresso.tools.win32_11.8.0.202306131047/tools/bin/../lib/gcc/arm-none-eabi/12.2.1/../../../../arm-none-eabi/lib/thumb/v6-m/nofp\libcr_c.a(initio.o)
                0x00003590                . = ALIGN (0x4)
 *fill*         0x0000358f        0x1 ff

.glue_7         0x00003590        0x0
 .glue_7        0x00003590        0x0 linker stubs

.glue_7t        0x00003590        0x0
 .glue_7t       0x00003590        0x0 linker stubs

.vfp11_veneer   0x00003590        0x0
 .vfp11_veneer  0x00003590        0x0 linker stubs

.v4_bx          0x00003590        0x0
 .v4_bx         0x00003590        0x0 linker stubs

.iplt           0x00003590        0x0
 .iplt          0x00003590        0x0 ./utilities/fsl_debug_console.o

.rel.dyn        0x00003590        0x0
 .rel.iplt      0x00003590        0x0 ./utilities/fsl_debug_console.o

.ARM.extab
 *(SORT_BY_ALIGNMENT(.ARM.extab*) SORT_BY_ALIGNMENT(.gnu.linkonce.armextab.*))

.ARM.exidx      0x00003590        0x0
                0x00003590                __exidx_start = .
 *(SORT_BY_ALIGNMENT(.ARM.exidx*) SORT_BY_ALIGNMENT(.gnu.linkonce.armexidx.*))
                0x00003590                __exidx_end = .
                0x00003590                _etext = .

.m_usb_data
 *(SORT_BY_ALIGNMENT(m_usb_bdt))

.mtb_buffer_default
                0x1ffff000       0x80
 *(SORT_BY_ALIGNMENT(.mtb*))
 .mtb.$RAM1     0x1ffff000       0x80 ./source/mtb.o
                0x1ffff000                __mtb_buffer__

.uninit_RESERVED
                0x1ffff080        0x0
                0x1ffff080                _start_uninit_RESERVED = .
 *(SORT_BY_ALIGNMENT(.bss.$RESERVED*))
                0x1ffff080                . = ALIGN (0x4)
                0x1ffff080                _end_uninit_RESERVED = .

.data           0x1ffff080       0x70 load address 0x00003590
 FILL mask 0xff
                0x1ffff080                _data = .
                [!provide]                PROVIDE (__start_data_RAM = .)
                [!provide]                PROVIDE (__start_data_SRAM = .)
 *(SORT_BY_ALIGNMENT(vtable))
 *(SORT_BY_ALIGNMENT(.ramfunc*))
 *(SORT_BY_ALIGNMENT(CodeQuickAccess))
 *(SORT_BY_ALIGNMENT(DataQuickAccess))
 *(SORT_BY_ALIGNMENT(RamFunction))
 *(SORT_BY_ALIGNMENT(.data*))
 .data.RGB_Table
                0x1ffff080       0x64 ./source/task.o
                0x1ffff080                RGB_Table
 .data.uxCriticalNesting
                0x1ffff0e4        0x4 ./freertos/port.o
 .data.s_slowIrcFreq
                0x1ffff0e8        0x4 ./drivers/fsl_clock.o
 .data.SystemCoreClock
                0x1ffff0ec        0x4 ./CMSIS/system_MKL25Z4.o
                0x1ffff0ec                SystemCoreClock
                0x1ffff0f0                . = ALIGN (0x4)
                0x1ffff0f0                _edata = .
                [!provide]                PROVIDE (__end_data_RAM = .)
                [!provide]                PROVIDE (__end_data_SRAM = .)

.igot.plt       0x1ffff0f0        0x0 load address 0x00003600
 .igot.plt      0x1ffff0f0        0x0 ./utilities/fsl_debug_console.o

.bss            0x1ffff0f0     0x2a8c
                0x1ffff0f0                _bss = .
                [!provide]                PROVIDE (__start_bss_RAM = .)
                [!provide]                PROVIDE (__start_bss_SRAM = .)
 *(SORT_BY_ALIGNMENT(.bss*))
 .bss.s_debugConsole
                0x1ffff0f0       0x10 ./utilities/fsl_debug_console.o
 .bss.i2c_lock  0x1ffff100        0x4 ./source/i2c.o
                0x1ffff100                i2c_lock
 .bss.lock_detect
                0x1ffff104        0x4 ./source/i2c.o
                0x1ffff104                lock_detect
 .bss.reverse_handle
                0x1ffff108        0x4 ./source/task.o
                0x1ffff108                reverse_handle
 .bss.forward_handle
                0x1ffff10c        0x4 ./source/task.o
                0x1ffff10c                forward_handle
 .bss.xBlockAllocatedBit
                0x1ffff110        0x4 ./freertos/heap_4.o
 .bss.xMinimumEverFreeBytesRemaining
                0x1ffff114        0x4 ./freertos/heap_4.o
 .bss.xFreeBytesRemaining
                0x1ffff118        0x4 ./freertos/heap_4.o
 .bss.pxEnd     0x1ffff11c        0x4 ./freertos/heap_4.o
 .bss.xStart    0x1ffff120        0x8 ./freertos/heap_4.o
 .bss.xQueueRegistry
                0x1ffff128       0x40 ./freertos/queue.o
                0x1ffff128                xQueueRegistry
 .bss.uxSchedulerSuspended
                0x1ffff168        0x4 ./freertos/tasks.o
 .bss.xIdleTaskHandle
                0x1ffff16c        0x4 ./freertos/tasks.o
 .bss.xNextTaskUnblockTime
                0x1ffff170        0x4 ./freertos/tasks.o
 .bss.uxTaskNumber
                0x1ffff174        0x4 ./freertos/tasks.o
 .bss.xNumOfOverflows
                0x1ffff178        0x4 ./freertos/tasks.o
 .bss.xYieldPending
                0x1ffff17c        0x4 ./freertos/tasks.o
 .bss.uxPendedTicks
                0x1ffff180        0x4 ./freertos/tasks.o
 .bss.xSchedulerRunning
                0x1ffff184        0x4 ./freertos/tasks.o
 .bss.uxTopReadyPriority
                0x1ffff188        0x4 ./freertos/tasks.o
 .bss.xTickCount
                0x1ffff18c        0x4 ./freertos/tasks.o
 .bss.uxCurrentNumberOfTasks
                0x1ffff190        0x4 ./freertos/tasks.o
 .bss.xSuspendedTaskList
                0x1ffff194       0x14 ./freertos/tasks.o
 .bss.uxDeletedTasksWaitingCleanUp
                0x1ffff1a8        0x4 ./freertos/tasks.o
 .bss.xTasksWaitingTermination
                0x1ffff1ac       0x14 ./freertos/tasks.o
 .bss.xPendingReadyList
                0x1ffff1c0       0x14 ./freertos/tasks.o
 .bss.pxOverflowDelayedTaskList
                0x1ffff1d4        0x4 ./freertos/tasks.o
 .bss.pxDelayedTaskList
                0x1ffff1d8        0x4 ./freertos/tasks.o
 .bss.xDelayedTaskList2
                0x1ffff1dc       0x14 ./freertos/tasks.o
 .bss.xDelayedTaskList1
                0x1ffff1f0       0x14 ./freertos/tasks.o
 .bss.pxReadyTasksLists
                0x1ffff204       0x64 ./freertos/tasks.o
 .bss.pxCurrentTCB
                0x1ffff268        0x4 ./freertos/tasks.o
                0x1ffff268                pxCurrentTCB
 .bss.xLastTime.0
                0x1ffff26c        0x4 ./freertos/timers.o
 .bss.xTimerTaskHandle
                0x1ffff270        0x4 ./freertos/timers.o
 .bss.xTimerQueue
                0x1ffff274        0x4 ./freertos/timers.o
 .bss.pxOverflowTimerList
                0x1ffff278        0x4 ./freertos/timers.o
 .bss.pxCurrentTimerList
                0x1ffff27c        0x4 ./freertos/timers.o
 .bss.xActiveTimerList2
                0x1ffff280       0x14 ./freertos/timers.o
 .bss.xActiveTimerList1
                0x1ffff294       0x14 ./freertos/timers.o
 .bss.g_xtal0Freq
                0x1ffff2a8        0x4 ./drivers/fsl_clock.o
                0x1ffff2a8                g_xtal0Freq
 .bss.s_lpsciIsr
                0x1ffff2ac        0x4 ./drivers/fsl_lpsci.o
 .bss.s_lpsciHandle
                0x1ffff2b0        0x4 ./drivers/fsl_lpsci.o
 .bss.s_uartIsr
                0x1ffff2b4        0x4 ./drivers/fsl_uart.o
 .bss.s_uartHandle
                0x1ffff2b8        0xc ./drivers/fsl_uart.o
 .bss.errno     0x1ffff2c4        0x4 c:/nxp/mcuxpressoide_11.8.0_1165/ide/plugins/com.nxp.mcuxpresso.tools.win32_11.8.0.202306131047/tools/bin/../lib/gcc/arm-none-eabi/12.2.1/../../../../arm-none-eabi/lib/thumb/v6-m/nofp\libcr_c.a(errno.o)
                0x1ffff2c4                errno
 .bss.__Ciob    0x1ffff2c8       0xb4 c:/nxp/mcuxpressoide_11.8.0_1165/ide/plugins/com.nxp.mcuxpresso.tools.win32_11.8.0.202306131047/tools/bin/../lib/gcc/arm-none-eabi/12.2.1/../../../../arm-none-eabi/lib/thumb/v6-m/nofp\libcr_nohost_nf.a(__ciob.o)
                0x1ffff2c8                __Ciob
 .bss.ucHeap    0x1ffff37c     0x2800 ./freertos/heap_4.o
 *(SORT_BY_ALIGNMENT(COMMON))
                0x20001b7c                . = ALIGN (0x4)
                0x20001b7c                _ebss = .
                [!provide]                PROVIDE (__end_bss_RAM = .)
                [!provide]                PROVIDE (__end_bss_SRAM = .)
                [!provide]                PROVIDE (end = .)

.noinit         0x20001b7c        0x0
                0x20001b7c                _noinit = .
                [!provide]                PROVIDE (__start_noinit_RAM = .)
                [!provide]                PROVIDE (__start_noinit_SRAM = .)
 *(SORT_BY_ALIGNMENT(.noinit*))
                0x20001b7c                . = ALIGN (0x4)
                0x20001b7c                _end_noinit = .
                [!provide]                PROVIDE (__end_noinit_RAM = .)
                [!provide]                PROVIDE (__end_noinit_SRAM = .)
                0x00000400                _HeapSize = 0x400

.heap           0x20001b7c      0x400
                0x20001b7c                _pvHeapStart = .
                0x20001f7c                . = (. + _HeapSize)
 *fill*         0x20001b7c      0x400 
                0x20001f7c                . = ALIGN (0x4)
                0x20001f7c                _pvHeapLimit = .
                0x00000400                _StackSize = 0x400

.heap2stackfill
                0x20001f7c      0x400
                0x2000237c                . = (. + _StackSize)
 *fill*         0x20001f7c      0x400 

.stack          0x20002c00        0x0
                0x20002c00                _vStackBase = .
                0x20002c00                . = ALIGN (0x4)
                0x20003000                _vStackTop = (. + _StackSize)
                0x00000000                _image_start = LOADADDR (.text)
                0x00003600                _image_end = (LOADADDR (.data) + SIZEOF (.data))
                0x00003600                _image_size = (_image_end - _image_start)
OUTPUT(LIDAR_park_assist_PES.axf elf32-littlearm)
LOAD linker stubs

.debug_info     0x00000000     0xf2c2
 .debug_info    0x00000000      0xab6 ./utilities/fsl_debug_console.o
 .debug_info    0x00000ab6      0x654 ./startup/startup_mkl25z4.o
 .debug_info    0x0000110a      0x585 ./source/i2c.o
 .debug_info    0x0000168f      0x5ed ./source/led.o
 .debug_info    0x00001c7c      0x25c ./source/main.o
 .debug_info    0x00001ed8       0x50 ./source/mtb.o
 .debug_info    0x00001f28       0x39 ./source/semihost_hardfault.o
 .debug_info    0x00001f61      0x580 ./source/task.o
 .debug_info    0x000024e1      0x2f1 ./source/touch.o
 .debug_info    0x000027d2       0xc8 ./freertos/fsl_tickless_lptmr.o
 .debug_info    0x0000289a      0x3ab ./freertos/heap_4.o
 .debug_info    0x00002c45      0x2a2 ./freertos/list.o
 .debug_info    0x00002ee7      0x284 ./freertos/port.o
 .debug_info    0x0000316b     0x1a16 ./freertos/queue.o
 .debug_info    0x00004b81     0x2744 ./freertos/tasks.o
 .debug_info    0x000072c5     0x1299 ./freertos/timers.o
 .debug_info    0x0000855e     0x1f0d ./drivers/fsl_clock.o
 .debug_info    0x0000a46b     0x1a6e ./drivers/fsl_lpsci.o
 .debug_info    0x0000bed9     0x19e5 ./drivers/fsl_uart.o
 .debug_info    0x0000d8be      0x3f0 ./board/board.o
 .debug_info    0x0000dcae      0xc78 ./board/clock_config.o
 .debug_info    0x0000e926      0x5b2 ./board/pin_mux.o
 .debug_info    0x0000eed8      0x3ea ./CMSIS/system_MKL25Z4.o

.debug_abbrev   0x00000000     0x3161
 .debug_abbrev  0x00000000      0x2ca ./utilities/fsl_debug_console.o
 .debug_abbrev  0x000002ca      0x180 ./startup/startup_mkl25z4.o
 .debug_abbrev  0x0000044a      0x1c5 ./source/i2c.o
 .debug_abbrev  0x0000060f      0x13c ./source/led.o
 .debug_abbrev  0x0000074b      0x131 ./source/main.o
 .debug_abbrev  0x0000087c       0x43 ./source/mtb.o
 .debug_abbrev  0x000008bf       0x2d ./source/semihost_hardfault.o
 .debug_abbrev  0x000008ec      0x1e0 ./source/task.o
 .debug_abbrev  0x00000acc       0xfc ./source/touch.o
 .debug_abbrev  0x00000bc8       0x7d ./freertos/fsl_tickless_lptmr.o
 .debug_abbrev  0x00000c45      0x243 ./freertos/heap_4.o
 .debug_abbrev  0x00000e88      0x103 ./freertos/list.o
 .debug_abbrev  0x00000f8b      0x1b5 ./freertos/port.o
 .debug_abbrev  0x00001140      0x3b0 ./freertos/queue.o
 .debug_abbrev  0x000014f0      0x458 ./freertos/tasks.o
 .debug_abbrev  0x00001948      0x386 ./freertos/timers.o
 .debug_abbrev  0x00001cce      0x4df ./drivers/fsl_clock.o
 .debug_abbrev  0x000021ad      0x41d ./drivers/fsl_lpsci.o
 .debug_abbrev  0x000025ca      0x42e ./drivers/fsl_uart.o
 .debug_abbrev  0x000029f8      0x187 ./board/board.o
 .debug_abbrev  0x00002b7f      0x2c8 ./board/clock_config.o
 .debug_abbrev  0x00002e47      0x1cf ./board/pin_mux.o
 .debug_abbrev  0x00003016      0x14b ./CMSIS/system_MKL25Z4.o

.debug_loclists
                0x00000000     0x55f1
 .debug_loclists
                0x00000000      0x166 ./utilities/fsl_debug_console.o
 .debug_loclists
                0x00000166      0x176 ./startup/startup_mkl25z4.o
 .debug_loclists
                0x000002dc       0xeb ./source/i2c.o
 .debug_loclists
                0x000003c7      0x190 ./source/led.o
 .debug_loclists
                0x00000557      0x129 ./source/task.o
 .debug_loclists
                0x00000680       0x27 ./source/touch.o
 .debug_loclists
                0x000006a7      0x207 ./freertos/heap_4.o
 .debug_loclists
                0x000008ae       0x82 ./freertos/list.o
 .debug_loclists
                0x00000930       0x86 ./freertos/port.o
 .debug_loclists
                0x000009b6      0xe30 ./freertos/queue.o
 .debug_loclists
                0x000017e6     0x11b9 ./freertos/tasks.o
 .debug_loclists
                0x0000299f      0x74d ./freertos/timers.o
 .debug_loclists
                0x000030ec      0xc96 ./drivers/fsl_clock.o
 .debug_loclists
                0x00003d82      0xbd4 ./drivers/fsl_lpsci.o
 .debug_loclists
                0x00004956      0xb1a ./drivers/fsl_uart.o
 .debug_loclists
                0x00005470       0x2c ./board/board.o
 .debug_loclists
                0x0000549c       0x55 ./board/clock_config.o
 .debug_loclists
                0x000054f1       0x70 ./board/pin_mux.o
 .debug_loclists
                0x00005561       0x90 ./CMSIS/system_MKL25Z4.o

.debug_aranges  0x00000000      0xb30
 .debug_aranges
                0x00000000       0x38 ./utilities/fsl_debug_console.o
 .debug_aranges
                0x00000038      0x160 ./startup/startup_mkl25z4.o
 .debug_aranges
                0x00000198       0x58 ./source/i2c.o
 .debug_aranges
                0x000001f0       0x30 ./source/led.o
 .debug_aranges
                0x00000220       0x20 ./source/main.o
 .debug_aranges
                0x00000240       0x18 ./source/mtb.o
 .debug_aranges
                0x00000258       0x20 ./source/semihost_hardfault.o
 .debug_aranges
                0x00000278       0x28 ./source/task.o
 .debug_aranges
                0x000002a0       0x28 ./source/touch.o
 .debug_aranges
                0x000002c8       0x20 ./freertos/fsl_tickless_lptmr.o
 .debug_aranges
                0x000002e8       0x48 ./freertos/heap_4.o
 .debug_aranges
                0x00000330       0x40 ./freertos/list.o
 .debug_aranges
                0x00000370       0x80 ./freertos/port.o
 .debug_aranges
                0x000003f0       0xf8 ./freertos/queue.o
 .debug_aranges
                0x000004e8      0x1b0 ./freertos/tasks.o
 .debug_aranges
                0x00000698       0x98 ./freertos/timers.o
 .debug_aranges
                0x00000730      0x188 ./drivers/fsl_clock.o
 .debug_aranges
                0x000008b8       0xe0 ./drivers/fsl_lpsci.o
 .debug_aranges
                0x00000998       0xf8 ./drivers/fsl_uart.o
 .debug_aranges
                0x00000a90       0x20 ./board/board.o
 .debug_aranges
                0x00000ab0       0x30 ./board/clock_config.o
 .debug_aranges
                0x00000ae0       0x28 ./board/pin_mux.o
 .debug_aranges
                0x00000b08       0x28 ./CMSIS/system_MKL25Z4.o

.debug_rnglists
                0x00000000      0xb0e
 .debug_rnglists
                0x00000000       0x4a ./utilities/fsl_debug_console.o
 .debug_rnglists
                0x0000004a      0x103 ./startup/startup_mkl25z4.o
 .debug_rnglists
                0x0000014d       0x3e ./source/i2c.o
 .debug_rnglists
                0x0000018b       0x21 ./source/led.o
 .debug_rnglists
                0x000001ac       0x13 ./source/main.o
 .debug_rnglists
                0x000001bf       0x13 ./source/semihost_hardfault.o
 .debug_rnglists
                0x000001d2       0x2d ./source/task.o
 .debug_rnglists
                0x000001ff       0x19 ./source/touch.o
 .debug_rnglists
                0x00000218       0x13 ./freertos/fsl_tickless_lptmr.o
 .debug_rnglists
                0x0000022b       0x3e ./freertos/heap_4.o
 .debug_rnglists
                0x00000269       0x2b ./freertos/list.o
 .debug_rnglists
                0x00000294       0x5b ./freertos/port.o
 .debug_rnglists
                0x000002ef      0x15f ./freertos/queue.o
 .debug_rnglists
                0x0000044e      0x22a ./freertos/tasks.o
 .debug_rnglists
                0x00000678       0xa2 ./freertos/timers.o
 .debug_rnglists
                0x0000071a      0x1a3 ./drivers/fsl_clock.o
 .debug_rnglists
                0x000008bd       0xb3 ./drivers/fsl_lpsci.o
 .debug_rnglists
                0x00000970       0xc4 ./drivers/fsl_uart.o
 .debug_rnglists
                0x00000a34       0x22 ./board/board.o
 .debug_rnglists
                0x00000a56       0x5e ./board/clock_config.o
 .debug_rnglists
                0x00000ab4       0x40 ./board/pin_mux.o
 .debug_rnglists
                0x00000af4       0x1a ./CMSIS/system_MKL25Z4.o

.debug_line     0x00000000     0xa9ca
 .debug_line    0x00000000      0x450 ./utilities/fsl_debug_console.o
 .debug_line    0x00000450      0x3bd ./startup/startup_mkl25z4.o
 .debug_line    0x0000080d      0x4c0 ./source/i2c.o
 .debug_line    0x00000ccd      0x3a7 ./source/led.o
 .debug_line    0x00001074      0x27c ./source/main.o
 .debug_line    0x000012f0       0x30 ./source/mtb.o
 .debug_line    0x00001320       0x5a ./source/semihost_hardfault.o
 .debug_line    0x0000137a      0x3b4 ./source/task.o
 .debug_line    0x0000172e      0x1b8 ./source/touch.o
 .debug_line    0x000018e6      0x118 ./freertos/fsl_tickless_lptmr.o
 .debug_line    0x000019fe      0x55d ./freertos/heap_4.o
 .debug_line    0x00001f5b      0x2a2 ./freertos/list.o
 .debug_line    0x000021fd      0x340 ./freertos/port.o
 .debug_line    0x0000253d     0x145e ./freertos/queue.o
 .debug_line    0x0000399b     0x22a4 ./freertos/tasks.o
 .debug_line    0x00005c3f      0x9f3 ./freertos/timers.o
 .debug_line    0x00006632     0x18c3 ./drivers/fsl_clock.o
 .debug_line    0x00007ef5     0x105a ./drivers/fsl_lpsci.o
 .debug_line    0x00008f4f      0xffe ./drivers/fsl_uart.o
 .debug_line    0x00009f4d      0x273 ./board/board.o
 .debug_line    0x0000a1c0      0x329 ./board/clock_config.o
 .debug_line    0x0000a4e9      0x264 ./board/pin_mux.o
 .debug_line    0x0000a74d      0x27d ./CMSIS/system_MKL25Z4.o

.debug_str      0x00000000     0x54ba
 .debug_str     0x00000000      0xaa8 ./utilities/fsl_debug_console.o
                                0xb20 (size before relaxing)
 .debug_str     0x00000aa8      0x39d ./startup/startup_mkl25z4.o
                                0x4c5 (size before relaxing)
 .debug_str     0x00000e45      0x1a4 ./source/i2c.o
                                0x343 (size before relaxing)
 .debug_str     0x00000fe9      0x10a ./source/led.o
                                0x3ac (size before relaxing)
 .debug_str     0x000010f3       0xce ./source/main.o
                                0x2b0 (size before relaxing)
 .debug_str     0x000011c1       0x1f ./source/mtb.o
                                0x146 (size before relaxing)
 .debug_str     0x000011e0       0x1f ./source/semihost_hardfault.o
                                0x146 (size before relaxing)
 .debug_str     0x000011ff       0xe1 ./source/task.o
                                0x7c5 (size before relaxing)
 .debug_str     0x000012e0       0x30 ./source/touch.o
                                0x2d0 (size before relaxing)
 .debug_str     0x00001310       0x56 ./freertos/fsl_tickless_lptmr.o
                                0x20f (size before relaxing)
 .debug_str     0x00001366      0x1f2 ./freertos/heap_4.o
                                0x3b1 (size before relaxing)
 .debug_str     0x00001558      0x125 ./freertos/list.o
                                0x2fb (size before relaxing)
 .debug_str     0x0000167d      0x134 ./freertos/port.o
                                0x357 (size before relaxing)
 .debug_str     0x000017b1      0x672 ./freertos/queue.o
                                0x9e2 (size before relaxing)
 .debug_str     0x00001e23      0xa5f ./freertos/tasks.o
                               0x109b (size before relaxing)
 .debug_str     0x00002882      0x4c7 ./freertos/timers.o
                                0x95b (size before relaxing)
 .debug_str     0x00002d49      0xfc2 ./drivers/fsl_clock.o
                               0x17af (size before relaxing)
 .debug_str     0x00003d0b      0xb33 ./drivers/fsl_lpsci.o
                               0x1565 (size before relaxing)
 .debug_str     0x0000483e      0x7c8 ./drivers/fsl_uart.o
                               0x1571 (size before relaxing)
 .debug_str     0x00005006       0x35 ./board/board.o
                                0x319 (size before relaxing)
 .debug_str     0x0000503b      0x2fd ./board/clock_config.o
                                0xe3c (size before relaxing)
 .debug_str     0x00005338      0x13e ./board/pin_mux.o
                                0x578 (size before relaxing)
 .debug_str     0x00005476       0x44 ./CMSIS/system_MKL25Z4.o
                                0x300 (size before relaxing)

.comment        0x00000000       0x45
 .comment       0x00000000       0x45 ./utilities/fsl_debug_console.o
                                 0x46 (size before relaxing)
 .comment       0x00000045       0x46 ./startup/startup_mkl25z4.o
 .comment       0x00000045       0x46 ./source/i2c.o
 .comment       0x00000045       0x46 ./source/led.o
 .comment       0x00000045       0x46 ./source/main.o
 .comment       0x00000045       0x46 ./source/mtb.o
 .comment       0x00000045       0x46 ./source/semihost_hardfault.o
 .comment       0x00000045       0x46 ./source/task.o
 .comment       0x00000045       0x46 ./source/touch.o
 .comment       0x00000045       0x46 ./freertos/fsl_tickless_lptmr.o
 .comment       0x00000045       0x46 ./freertos/heap_4.o
 .comment       0x00000045       0x46 ./freertos/list.o
 .comment       0x00000045       0x46 ./freertos/port.o
 .comment       0x00000045       0x46 ./freertos/queue.o
 .comment       0x00000045       0x46 ./freertos/tasks.o
 .comment       0x00000045       0x46 ./freertos/timers.o
 .comment       0x00000045       0x46 ./drivers/fsl_clock.o
 .comment       0x00000045       0x46 ./drivers/fsl_lpsci.o
 .comment       0x00000045       0x46 ./drivers/fsl_uart.o
 .comment       0x00000045       0x46 ./board/board.o
 .comment       0x00000045       0x46 ./board/clock_config.o
 .comment       0x00000045       0x46 ./board/pin_mux.o
 .comment       0x00000045       0x46 ./CMSIS/system_MKL25Z4.o
 .comment       0x00000045       0x46 c:/nxp/mcuxpressoide_11.8.0_1165/ide/plugins/com.nxp.mcuxpresso.tools.win32_11.8.0.202306131047/tools/bin/../lib/gcc/arm-none-eabi/12.2.1/../../../../arm-none-eabi/lib/thumb/v6-m/nofp\libcr_nohost_nf.a(_cr__main.o)
 .comment       0x00000045       0x46 c:/nxp/mcuxpressoide_11.8.0_1165/ide/plugins/com.nxp.mcuxpresso.tools.win32_11.8.0.202306131047/tools/bin/../lib/gcc/arm-none-eabi/12.2.1/../../../../arm-none-eabi/lib/thumb/v6-m/nofp\libcr_c.a(memcpy.o)
 .comment       0x00000045       0x46 c:/nxp/mcuxpressoide_11.8.0_1165/ide/plugins/com.nxp.mcuxpresso.tools.win32_11.8.0.202306131047/tools/bin/../lib/gcc/arm-none-eabi/12.2.1/../../../../arm-none-eabi/lib/thumb/v6-m/nofp\libcr_c.a(memset.o)
 .comment       0x00000045       0x46 c:/nxp/mcuxpressoide_11.8.0_1165/ide/plugins/com.nxp.mcuxpresso.tools.win32_11.8.0.202306131047/tools/bin/../lib/gcc/arm-none-eabi/12.2.1/../../../../arm-none-eabi/lib/thumb/v6-m/nofp\libcr_c.a(initio.o)
 .comment       0x00000045       0x46 c:/nxp/mcuxpressoide_11.8.0_1165/ide/plugins/com.nxp.mcuxpresso.tools.win32_11.8.0.202306131047/tools/bin/../lib/gcc/arm-none-eabi/12.2.1/../../../../arm-none-eabi/lib/thumb/v6-m/nofp\libcr_c.a(setvbuf.o)
 .comment       0x00000045       0x46 c:/nxp/mcuxpressoide_11.8.0_1165/ide/plugins/com.nxp.mcuxpresso.tools.win32_11.8.0.202306131047/tools/bin/../lib/gcc/arm-none-eabi/12.2.1/../../../../arm-none-eabi/lib/thumb/v6-m/nofp\libcr_c.a(_fdopen.o)
 .comment       0x00000045       0x46 c:/nxp/mcuxpressoide_11.8.0_1165/ide/plugins/com.nxp.mcuxpresso.tools.win32_11.8.0.202306131047/tools/bin/../lib/gcc/arm-none-eabi/12.2.1/../../../../arm-none-eabi/lib/thumb/v6-m/nofp\libcr_c.a(fclose.o)
 .comment       0x00000045       0x46 c:/nxp/mcuxpressoide_11.8.0_1165/ide/plugins/com.nxp.mcuxpresso.tools.win32_11.8.0.202306131047/tools/bin/../lib/gcc/arm-none-eabi/12.2.1/../../../../arm-none-eabi/lib/thumb/v6-m/nofp\libcr_c.a(fflush.o)
 .comment       0x00000045       0x46 c:/nxp/mcuxpressoide_11.8.0_1165/ide/plugins/com.nxp.mcuxpresso.tools.win32_11.8.0.202306131047/tools/bin/../lib/gcc/arm-none-eabi/12.2.1/../../../../arm-none-eabi/lib/thumb/v6-m/nofp\libcr_c.a(fseek.o)
 .comment       0x00000045       0x46 c:/nxp/mcuxpressoide_11.8.0_1165/ide/plugins/com.nxp.mcuxpresso.tools.win32_11.8.0.202306131047/tools/bin/../lib/gcc/arm-none-eabi/12.2.1/../../../../arm-none-eabi/lib/thumb/v6-m/nofp\libcr_c.a(ftell.o)
 .comment       0x00000045       0x46 c:/nxp/mcuxpressoide_11.8.0_1165/ide/plugins/com.nxp.mcuxpresso.tools.win32_11.8.0.202306131047/tools/bin/../lib/gcc/arm-none-eabi/12.2.1/../../../../arm-none-eabi/lib/thumb/v6-m/nofp\libcr_c.a(remove.o)
 .comment       0x00000045       0x46 c:/nxp/mcuxpressoide_11.8.0_1165/ide/plugins/com.nxp.mcuxpresso.tools.win32_11.8.0.202306131047/tools/bin/../lib/gcc/arm-none-eabi/12.2.1/../../../../arm-none-eabi/lib/thumb/v6-m/nofp\libcr_c.a(strlen.o)
 .comment       0x00000045       0x46 c:/nxp/mcuxpressoide_11.8.0_1165/ide/plugins/com.nxp.mcuxpresso.tools.win32_11.8.0.202306131047/tools/bin/../lib/gcc/arm-none-eabi/12.2.1/../../../../arm-none-eabi/lib/thumb/v6-m/nofp\libcr_c.a(_do_fflush.o)
 .comment       0x00000045       0x46 c:/nxp/mcuxpressoide_11.8.0_1165/ide/plugins/com.nxp.mcuxpresso.tools.win32_11.8.0.202306131047/tools/bin/../lib/gcc/arm-none-eabi/12.2.1/../../../../arm-none-eabi/lib/thumb/v6-m/nofp\libcr_c.a(_fflush.o)
 .comment       0x00000045       0x46 c:/nxp/mcuxpressoide_11.8.0_1165/ide/plugins/com.nxp.mcuxpresso.tools.win32_11.8.0.202306131047/tools/bin/../lib/gcc/arm-none-eabi/12.2.1/../../../../arm-none-eabi/lib/thumb/v6-m/nofp\libcr_c.a(_writebuf.o)
 .comment       0x00000045       0x46 c:/nxp/mcuxpressoide_11.8.0_1165/ide/plugins/com.nxp.mcuxpresso.tools.win32_11.8.0.202306131047/tools/bin/../lib/gcc/arm-none-eabi/12.2.1/../../../../arm-none-eabi/lib/thumb/v6-m/nofp\libcr_c.a(alloc.o)
 .comment       0x00000045       0x46 c:/nxp/mcuxpressoide_11.8.0_1165/ide/plugins/com.nxp.mcuxpresso.tools.win32_11.8.0.202306131047/tools/bin/../lib/gcc/arm-none-eabi/12.2.1/../../../../arm-none-eabi/lib/thumb/v6-m/nofp\libcr_c.a(errno.o)
 .comment       0x00000045       0x46 c:/nxp/mcuxpressoide_11.8.0_1165/ide/plugins/com.nxp.mcuxpresso.tools.win32_11.8.0.202306131047/tools/bin/../lib/gcc/arm-none-eabi/12.2.1/../../../../arm-none-eabi/lib/thumb/v6-m/nofp\libcr_c.a(_deferredlazyseek.o)
 .comment       0x00000045       0x46 c:/nxp/mcuxpressoide_11.8.0_1165/ide/plugins/com.nxp.mcuxpresso.tools.win32_11.8.0.202306131047/tools/bin/../lib/gcc/arm-none-eabi/12.2.1/thumb/v6-m/nofp\libcr_eabihelpers.a(double.o)
 .comment       0x00000045       0x46 c:/nxp/mcuxpressoide_11.8.0_1165/ide/plugins/com.nxp.mcuxpresso.tools.win32_11.8.0.202306131047/tools/bin/../lib/gcc/arm-none-eabi/12.2.1/thumb/v6-m/nofp\libcr_eabihelpers.a(float.o)
 .comment       0x00000045       0x46 c:/nxp/mcuxpressoide_11.8.0_1165/ide/plugins/com.nxp.mcuxpresso.tools.win32_11.8.0.202306131047/tools/bin/../lib/gcc/arm-none-eabi/12.2.1/../../../../arm-none-eabi/lib/thumb/v6-m/nofp\libcr_nohost_nf.a(__ciob.o)
 .comment       0x00000045       0x46 c:/nxp/mcuxpressoide_11.8.0_1165/ide/plugins/com.nxp.mcuxpresso.tools.win32_11.8.0.202306131047/tools/bin/../lib/gcc/arm-none-eabi/12.2.1/../../../../arm-none-eabi/lib/thumb/v6-m/nofp\libcr_nohost_nf.a(__sys_close.o)
 .comment       0x00000045       0x46 c:/nxp/mcuxpressoide_11.8.0_1165/ide/plugins/com.nxp.mcuxpresso.tools.win32_11.8.0.202306131047/tools/bin/../lib/gcc/arm-none-eabi/12.2.1/../../../../arm-none-eabi/lib/thumb/v6-m/nofp\libcr_nohost_nf.a(__sys_flen.o)
 .comment       0x00000045       0x46 c:/nxp/mcuxpressoide_11.8.0_1165/ide/plugins/com.nxp.mcuxpresso.tools.win32_11.8.0.202306131047/tools/bin/../lib/gcc/arm-none-eabi/12.2.1/../../../../arm-none-eabi/lib/thumb/v6-m/nofp\libcr_nohost_nf.a(__sys_istty.o)
 .comment       0x00000045       0x46 c:/nxp/mcuxpressoide_11.8.0_1165/ide/plugins/com.nxp.mcuxpresso.tools.win32_11.8.0.202306131047/tools/bin/../lib/gcc/arm-none-eabi/12.2.1/../../../../arm-none-eabi/lib/thumb/v6-m/nofp\libcr_nohost_nf.a(__sys_remove.o)
 .comment       0x00000045       0x46 c:/nxp/mcuxpressoide_11.8.0_1165/ide/plugins/com.nxp.mcuxpresso.tools.win32_11.8.0.202306131047/tools/bin/../lib/gcc/arm-none-eabi/12.2.1/../../../../arm-none-eabi/lib/thumb/v6-m/nofp\libcr_nohost_nf.a(__sys_seek.o)
 .comment       0x00000045       0x46 c:/nxp/mcuxpressoide_11.8.0_1165/ide/plugins/com.nxp.mcuxpresso.tools.win32_11.8.0.202306131047/tools/bin/../lib/gcc/arm-none-eabi/12.2.1/../../../../arm-none-eabi/lib/thumb/v6-m/nofp\libcr_nohost_nf.a(__sys_tmpnam.o)

.ARM.attributes
                0x00000000       0x2a
 .ARM.attributes
                0x00000000       0x2c ./utilities/fsl_debug_console.o
 .ARM.attributes
                0x0000002c       0x2c ./startup/startup_mkl25z4.o
 .ARM.attributes
                0x00000058       0x2c ./source/i2c.o
 .ARM.attributes
                0x00000084       0x2c ./source/led.o
 .ARM.attributes
                0x000000b0       0x2c ./source/main.o
 .ARM.attributes
                0x000000dc       0x2c ./source/mtb.o
 .ARM.attributes
                0x00000108       0x2c ./source/semihost_hardfault.o
 .ARM.attributes
                0x00000134       0x2c ./source/task.o
 .ARM.attributes
                0x00000160       0x2c ./source/touch.o
 .ARM.attributes
                0x0000018c       0x2c ./freertos/fsl_tickless_lptmr.o
 .ARM.attributes
                0x000001b8       0x2c ./freertos/heap_4.o
 .ARM.attributes
                0x000001e4       0x2c ./freertos/list.o
 .ARM.attributes
                0x00000210       0x2c ./freertos/port.o
 .ARM.attributes
                0x0000023c       0x2c ./freertos/queue.o
 .ARM.attributes
                0x00000268       0x2c ./freertos/tasks.o
 .ARM.attributes
                0x00000294       0x2c ./freertos/timers.o
 .ARM.attributes
                0x000002c0       0x2c ./drivers/fsl_clock.o
 .ARM.attributes
                0x000002ec       0x2c ./drivers/fsl_lpsci.o
 .ARM.attributes
                0x00000318       0x2c ./drivers/fsl_uart.o
 .ARM.attributes
                0x00000344       0x2c ./board/board.o
 .ARM.attributes
                0x00000370       0x2c ./board/clock_config.o
 .ARM.attributes
                0x0000039c       0x2c ./board/pin_mux.o
 .ARM.attributes
                0x000003c8       0x2c ./CMSIS/system_MKL25Z4.o
 .ARM.attributes
                0x000003f4       0x2c c:/nxp/mcuxpressoide_11.8.0_1165/ide/plugins/com.nxp.mcuxpresso.tools.win32_11.8.0.202306131047/tools/bin/../lib/gcc/arm-none-eabi/12.2.1/../../../../arm-none-eabi/lib/thumb/v6-m/nofp\libcr_nohost_nf.a(_cr__main.o)
 .ARM.attributes
                0x00000420       0x2c c:/nxp/mcuxpressoide_11.8.0_1165/ide/plugins/com.nxp.mcuxpresso.tools.win32_11.8.0.202306131047/tools/bin/../lib/gcc/arm-none-eabi/12.2.1/../../../../arm-none-eabi/lib/thumb/v6-m/nofp\libcr_c.a(memcpy.o)
 .ARM.attributes
                0x0000044c       0x2c c:/nxp/mcuxpressoide_11.8.0_1165/ide/plugins/com.nxp.mcuxpresso.tools.win32_11.8.0.202306131047/tools/bin/../lib/gcc/arm-none-eabi/12.2.1/../../../../arm-none-eabi/lib/thumb/v6-m/nofp\libcr_c.a(memset.o)
 .ARM.attributes
                0x00000478       0x2c c:/nxp/mcuxpressoide_11.8.0_1165/ide/plugins/com.nxp.mcuxpresso.tools.win32_11.8.0.202306131047/tools/bin/../lib/gcc/arm-none-eabi/12.2.1/../../../../arm-none-eabi/lib/thumb/v6-m/nofp\libcr_c.a(initio.o)
 .ARM.attributes
                0x000004a4       0x2c c:/nxp/mcuxpressoide_11.8.0_1165/ide/plugins/com.nxp.mcuxpresso.tools.win32_11.8.0.202306131047/tools/bin/../lib/gcc/arm-none-eabi/12.2.1/../../../../arm-none-eabi/lib/thumb/v6-m/nofp\libcr_c.a(setvbuf.o)
 .ARM.attributes
                0x000004d0       0x2c c:/nxp/mcuxpressoide_11.8.0_1165/ide/plugins/com.nxp.mcuxpresso.tools.win32_11.8.0.202306131047/tools/bin/../lib/gcc/arm-none-eabi/12.2.1/../../../../arm-none-eabi/lib/thumb/v6-m/nofp\libcr_c.a(_fdopen.o)
 .ARM.attributes
                0x000004fc       0x2c c:/nxp/mcuxpressoide_11.8.0_1165/ide/plugins/com.nxp.mcuxpresso.tools.win32_11.8.0.202306131047/tools/bin/../lib/gcc/arm-none-eabi/12.2.1/../../../../arm-none-eabi/lib/thumb/v6-m/nofp\libcr_c.a(fclose.o)
 .ARM.attributes
                0x00000528       0x2c c:/nxp/mcuxpressoide_11.8.0_1165/ide/plugins/com.nxp.mcuxpresso.tools.win32_11.8.0.202306131047/tools/bin/../lib/gcc/arm-none-eabi/12.2.1/../../../../arm-none-eabi/lib/thumb/v6-m/nofp\libcr_c.a(fflush.o)
 .ARM.attributes
                0x00000554       0x2c c:/nxp/mcuxpressoide_11.8.0_1165/ide/plugins/com.nxp.mcuxpresso.tools.win32_11.8.0.202306131047/tools/bin/../lib/gcc/arm-none-eabi/12.2.1/../../../../arm-none-eabi/lib/thumb/v6-m/nofp\libcr_c.a(fseek.o)
 .ARM.attributes
                0x00000580       0x2c c:/nxp/mcuxpressoide_11.8.0_1165/ide/plugins/com.nxp.mcuxpresso.tools.win32_11.8.0.202306131047/tools/bin/../lib/gcc/arm-none-eabi/12.2.1/../../../../arm-none-eabi/lib/thumb/v6-m/nofp\libcr_c.a(ftell.o)
 .ARM.attributes
                0x000005ac       0x2c c:/nxp/mcuxpressoide_11.8.0_1165/ide/plugins/com.nxp.mcuxpresso.tools.win32_11.8.0.202306131047/tools/bin/../lib/gcc/arm-none-eabi/12.2.1/../../../../arm-none-eabi/lib/thumb/v6-m/nofp\libcr_c.a(remove.o)
 .ARM.attributes
                0x000005d8       0x2c c:/nxp/mcuxpressoide_11.8.0_1165/ide/plugins/com.nxp.mcuxpresso.tools.win32_11.8.0.202306131047/tools/bin/../lib/gcc/arm-none-eabi/12.2.1/../../../../arm-none-eabi/lib/thumb/v6-m/nofp\libcr_c.a(strlen.o)
 .ARM.attributes
                0x00000604       0x2c c:/nxp/mcuxpressoide_11.8.0_1165/ide/plugins/com.nxp.mcuxpresso.tools.win32_11.8.0.202306131047/tools/bin/../lib/gcc/arm-none-eabi/12.2.1/../../../../arm-none-eabi/lib/thumb/v6-m/nofp\libcr_c.a(_do_fflush.o)
 .ARM.attributes
                0x00000630       0x2c c:/nxp/mcuxpressoide_11.8.0_1165/ide/plugins/com.nxp.mcuxpresso.tools.win32_11.8.0.202306131047/tools/bin/../lib/gcc/arm-none-eabi/12.2.1/../../../../arm-none-eabi/lib/thumb/v6-m/nofp\libcr_c.a(_fflush.o)
 .ARM.attributes
                0x0000065c       0x2c c:/nxp/mcuxpressoide_11.8.0_1165/ide/plugins/com.nxp.mcuxpresso.tools.win32_11.8.0.202306131047/tools/bin/../lib/gcc/arm-none-eabi/12.2.1/../../../../arm-none-eabi/lib/thumb/v6-m/nofp\libcr_c.a(_writebuf.o)
 .ARM.attributes
                0x00000688       0x2c c:/nxp/mcuxpressoide_11.8.0_1165/ide/plugins/com.nxp.mcuxpresso.tools.win32_11.8.0.202306131047/tools/bin/../lib/gcc/arm-none-eabi/12.2.1/../../../../arm-none-eabi/lib/thumb/v6-m/nofp\libcr_c.a(alloc.o)
 .ARM.attributes
                0x000006b4       0x2c c:/nxp/mcuxpressoide_11.8.0_1165/ide/plugins/com.nxp.mcuxpresso.tools.win32_11.8.0.202306131047/tools/bin/../lib/gcc/arm-none-eabi/12.2.1/../../../../arm-none-eabi/lib/thumb/v6-m/nofp\libcr_c.a(errno.o)
 .ARM.attributes
                0x000006e0       0x2c c:/nxp/mcuxpressoide_11.8.0_1165/ide/plugins/com.nxp.mcuxpresso.tools.win32_11.8.0.202306131047/tools/bin/../lib/gcc/arm-none-eabi/12.2.1/../../../../arm-none-eabi/lib/thumb/v6-m/nofp\libcr_c.a(_deferredlazyseek.o)
 .ARM.attributes
                0x0000070c       0x1c c:/nxp/mcuxpressoide_11.8.0_1165/ide/plugins/com.nxp.mcuxpresso.tools.win32_11.8.0.202306131047/tools/bin/../lib/gcc/arm-none-eabi/12.2.1/thumb/v6-m/nofp\libcr_eabihelpers.a(division_32.o)
 .ARM.attributes
                0x00000728       0x1c c:/nxp/mcuxpressoide_11.8.0_1165/ide/plugins/com.nxp.mcuxpresso.tools.win32_11.8.0.202306131047/tools/bin/../lib/gcc/arm-none-eabi/12.2.1/thumb/v6-m/nofp\libcr_eabihelpers.a(division_idiv0.o)
 .ARM.attributes
                0x00000744       0x2c c:/nxp/mcuxpressoide_11.8.0_1165/ide/plugins/com.nxp.mcuxpresso.tools.win32_11.8.0.202306131047/tools/bin/../lib/gcc/arm-none-eabi/12.2.1/thumb/v6-m/nofp\libcr_eabihelpers.a(double.o)
 .ARM.attributes
                0x00000770       0x2c c:/nxp/mcuxpressoide_11.8.0_1165/ide/plugins/com.nxp.mcuxpresso.tools.win32_11.8.0.202306131047/tools/bin/../lib/gcc/arm-none-eabi/12.2.1/thumb/v6-m/nofp\libcr_eabihelpers.a(float.o)
 .ARM.attributes
                0x0000079c       0x1c c:/nxp/mcuxpressoide_11.8.0_1165/ide/plugins/com.nxp.mcuxpresso.tools.win32_11.8.0.202306131047/tools/bin/../lib/gcc/arm-none-eabi/12.2.1/thumb/v6-m/nofp\libcr_eabihelpers.a(llong.o)
 .ARM.attributes
                0x000007b8       0x1c c:/nxp/mcuxpressoide_11.8.0_1165/ide/plugins/com.nxp.mcuxpresso.tools.win32_11.8.0.202306131047/tools/bin/../lib/gcc/arm-none-eabi/12.2.1/thumb/v6-m/nofp\libcr_eabihelpers.a(memcpy.o)
 .ARM.attributes
                0x000007d4       0x1c c:/nxp/mcuxpressoide_11.8.0_1165/ide/plugins/com.nxp.mcuxpresso.tools.win32_11.8.0.202306131047/tools/bin/../lib/gcc/arm-none-eabi/12.2.1/thumb/v6-m/nofp\libcr_eabihelpers.a(thumb1_switch_helpers.o)
 .ARM.attributes
                0x000007f0       0x2c c:/nxp/mcuxpressoide_11.8.0_1165/ide/plugins/com.nxp.mcuxpresso.tools.win32_11.8.0.202306131047/tools/bin/../lib/gcc/arm-none-eabi/12.2.1/../../../../arm-none-eabi/lib/thumb/v6-m/nofp\libcr_nohost_nf.a(__ciob.o)
 .ARM.attributes
                0x0000081c       0x2c c:/nxp/mcuxpressoide_11.8.0_1165/ide/plugins/com.nxp.mcuxpresso.tools.win32_11.8.0.202306131047/tools/bin/../lib/gcc/arm-none-eabi/12.2.1/../../../../arm-none-eabi/lib/thumb/v6-m/nofp\libcr_nohost_nf.a(__sys_close.o)
 .ARM.attributes
                0x00000848       0x2c c:/nxp/mcuxpressoide_11.8.0_1165/ide/plugins/com.nxp.mcuxpresso.tools.win32_11.8.0.202306131047/tools/bin/../lib/gcc/arm-none-eabi/12.2.1/../../../../arm-none-eabi/lib/thumb/v6-m/nofp\libcr_nohost_nf.a(__sys_flen.o)
 .ARM.attributes
                0x00000874       0x2c c:/nxp/mcuxpressoide_11.8.0_1165/ide/plugins/com.nxp.mcuxpresso.tools.win32_11.8.0.202306131047/tools/bin/../lib/gcc/arm-none-eabi/12.2.1/../../../../arm-none-eabi/lib/thumb/v6-m/nofp\libcr_nohost_nf.a(__sys_istty.o)
 .ARM.attributes
                0x000008a0       0x2c c:/nxp/mcuxpressoide_11.8.0_1165/ide/plugins/com.nxp.mcuxpresso.tools.win32_11.8.0.202306131047/tools/bin/../lib/gcc/arm-none-eabi/12.2.1/../../../../arm-none-eabi/lib/thumb/v6-m/nofp\libcr_nohost_nf.a(__sys_remove.o)
 .ARM.attributes
                0x000008cc       0x2c c:/nxp/mcuxpressoide_11.8.0_1165/ide/plugins/com.nxp.mcuxpresso.tools.win32_11.8.0.202306131047/tools/bin/../lib/gcc/arm-none-eabi/12.2.1/../../../../arm-none-eabi/lib/thumb/v6-m/nofp\libcr_nohost_nf.a(__sys_seek.o)
 .ARM.attributes
                0x000008f8       0x2c c:/nxp/mcuxpressoide_11.8.0_1165/ide/plugins/com.nxp.mcuxpresso.tools.win32_11.8.0.202306131047/tools/bin/../lib/gcc/arm-none-eabi/12.2.1/../../../../arm-none-eabi/lib/thumb/v6-m/nofp\libcr_nohost_nf.a(__sys_tmpnam.o)

.debug_frame    0x00000000     0x1c4c
 .debug_frame   0x00000000       0x84 ./utilities/fsl_debug_console.o
 .debug_frame   0x00000084      0x3bc ./startup/startup_mkl25z4.o
 .debug_frame   0x00000440       0xe0 ./source/i2c.o
 .debug_frame   0x00000520       0x68 ./source/led.o
 .debug_frame   0x00000588       0x30 ./source/main.o
 .debug_frame   0x000005b8       0x20 ./source/semihost_hardfault.o
 .debug_frame   0x000005d8       0x54 ./source/task.o
 .debug_frame   0x0000062c       0x30 ./source/touch.o
 .debug_frame   0x0000065c       0x28 ./freertos/fsl_tickless_lptmr.o
 .debug_frame   0x00000684       0x98 ./freertos/heap_4.o
 .debug_frame   0x0000071c       0x6c ./freertos/list.o
 .debug_frame   0x00000788       0xf8 ./freertos/port.o
 .debug_frame   0x00000880      0x2d8 ./freertos/queue.o
 .debug_frame   0x00000b58      0x524 ./freertos/tasks.o
 .debug_frame   0x0000107c      0x1b0 ./freertos/timers.o
 .debug_frame   0x0000122c      0x450 ./drivers/fsl_clock.o
 .debug_frame   0x0000167c      0x240 ./drivers/fsl_lpsci.o
 .debug_frame   0x000018bc      0x29c ./drivers/fsl_uart.o
 .debug_frame   0x00001b58       0x28 ./board/board.o
 .debug_frame   0x00001b80       0x58 ./board/clock_config.o
 .debug_frame   0x00001bd8       0x38 ./board/pin_mux.o
 .debug_frame   0x00001c10       0x3c ./CMSIS/system_MKL25Z4.o

Cross Reference Table

Symbol                                            File
ADC0_DriverIRQHandler                             ./startup/startup_mkl25z4.o
ADC0_IRQHandler                                   ./startup/startup_mkl25z4.o
BOARD_BootClockRUN                                ./board/clock_config.o
                                                  ./source/main.o
BOARD_BootClockVLPR                               ./board/clock_config.o
BOARD_InitBootClocks                              ./board/clock_config.o
BOARD_InitBootPeripherals                         ./board/peripherals.o
BOARD_InitBootPins                                ./board/pin_mux.o
BOARD_InitDebugConsole                            ./board/board.o
                                                  ./source/main.o
BOARD_InitPins                                    ./board/pin_mux.o
                                                  ./source/main.o
CLOCK_BootToBlpeMode                              ./drivers/fsl_clock.o
CLOCK_BootToBlpiMode                              ./drivers/fsl_clock.o
                                                  ./board/clock_config.o
CLOCK_BootToFeeMode                               ./drivers/fsl_clock.o
CLOCK_BootToFeiMode                               ./drivers/fsl_clock.o
CLOCK_BootToPeeMode                               ./drivers/fsl_clock.o
                                                  ./board/clock_config.o
CLOCK_CalcPllDiv                                  ./drivers/fsl_clock.o
CLOCK_ClearStatusFlags                            ./drivers/fsl_clock.o
CLOCK_DeinitOsc0                                  ./drivers/fsl_clock.o
CLOCK_EnablePll0                                  ./drivers/fsl_clock.o
CLOCK_EnableUsbfs0Clock                           ./drivers/fsl_clock.o
CLOCK_ExternalModeToFbeModeQuick                  ./drivers/fsl_clock.o
CLOCK_FllStableDelay                              ./drivers/fsl_clock.o
CLOCK_GetBusClkFreq                               ./drivers/fsl_clock.o
CLOCK_GetCoreSysClkFreq                           ./drivers/fsl_clock.o
CLOCK_GetEr32kClkFreq                             ./drivers/fsl_clock.o
CLOCK_GetFixedFreqClkFreq                         ./drivers/fsl_clock.o
CLOCK_GetFlashClkFreq                             ./drivers/fsl_clock.o
CLOCK_GetFllFreq                                  ./drivers/fsl_clock.o
CLOCK_GetFreq                                     ./drivers/fsl_clock.o
CLOCK_GetInternalRefClkFreq                       ./drivers/fsl_clock.o
CLOCK_GetMode                                     ./drivers/fsl_clock.o
CLOCK_GetOsc0ErClkFreq                            ./drivers/fsl_clock.o
CLOCK_GetOutClkFreq                               ./drivers/fsl_clock.o
CLOCK_GetPlatClkFreq                              ./drivers/fsl_clock.o
CLOCK_GetPll0Freq                                 ./drivers/fsl_clock.o
CLOCK_GetPllFllSelClkFreq                         ./drivers/fsl_clock.o
                                                  ./board/board.o
CLOCK_GetStatusFlags                              ./drivers/fsl_clock.o
CLOCK_InitOsc0                                    ./drivers/fsl_clock.o
                                                  ./board/clock_config.o
CLOCK_InternalModeToFbiModeQuick                  ./drivers/fsl_clock.o
CLOCK_SetBlpeMode                                 ./drivers/fsl_clock.o
CLOCK_SetBlpiMode                                 ./drivers/fsl_clock.o
CLOCK_SetExternalRefClkConfig                     ./drivers/fsl_clock.o
CLOCK_SetFbeMode                                  ./drivers/fsl_clock.o
CLOCK_SetFbiMode                                  ./drivers/fsl_clock.o
CLOCK_SetFeeMode                                  ./drivers/fsl_clock.o
CLOCK_SetFeiMode                                  ./drivers/fsl_clock.o
CLOCK_SetInternalRefClkConfig                     ./drivers/fsl_clock.o
                                                  ./board/clock_config.o
CLOCK_SetMcgConfig                                ./drivers/fsl_clock.o
CLOCK_SetOsc0MonitorMode                          ./drivers/fsl_clock.o
CLOCK_SetPbeMode                                  ./drivers/fsl_clock.o
CLOCK_SetPeeMode                                  ./drivers/fsl_clock.o
CLOCK_SetPll0MonitorMode                          ./drivers/fsl_clock.o
CLOCK_SetSimConfig                                ./drivers/fsl_clock.o
                                                  ./board/clock_config.o
CLOCK_TrimInternalRefClk                          ./drivers/fsl_clock.o
CMP0_DriverIRQHandler                             ./startup/startup_mkl25z4.o
CMP0_IRQHandler                                   ./startup/startup_mkl25z4.o
DAC0_DriverIRQHandler                             ./startup/startup_mkl25z4.o
DAC0_IRQHandler                                   ./startup/startup_mkl25z4.o
DMA0_DriverIRQHandler                             ./startup/startup_mkl25z4.o
DMA0_IRQHandler                                   ./startup/startup_mkl25z4.o
DMA1_DriverIRQHandler                             ./startup/startup_mkl25z4.o
DMA1_IRQHandler                                   ./startup/startup_mkl25z4.o
DMA2_DriverIRQHandler                             ./startup/startup_mkl25z4.o
DMA2_IRQHandler                                   ./startup/startup_mkl25z4.o
DMA3_DriverIRQHandler                             ./startup/startup_mkl25z4.o
DMA3_IRQHandler                                   ./startup/startup_mkl25z4.o
DbgConsole_Deinit                                 ./utilities/fsl_debug_console.o
DbgConsole_Init                                   ./utilities/fsl_debug_console.o
                                                  ./board/board.o
FLASH_Erase                                       ./drivers/fsl_flash.o
FLASH_EraseAll                                    ./drivers/fsl_flash.o
FLASH_EraseAllExecuteOnlySegments                 ./drivers/fsl_flash.o
FLASH_GetProperty                                 ./drivers/fsl_flash.o
FLASH_GetSecurityState                            ./drivers/fsl_flash.o
FLASH_Init                                        ./drivers/fsl_flash.o
FLASH_IsExecuteOnly                               ./drivers/fsl_flash.o
FLASH_IsProtected                                 ./drivers/fsl_flash.o
FLASH_PflashGetPrefetchSpeculation                ./drivers/fsl_flash.o
FLASH_PflashGetProtection                         ./drivers/fsl_flash.o
FLASH_PflashSetPrefetchSpeculation                ./drivers/fsl_flash.o
                                                  ./drivers/fsl_smc.o
FLASH_PflashSetProtection                         ./drivers/fsl_flash.o
FLASH_PrepareExecuteInRamFunctions                ./drivers/fsl_flash.o
FLASH_Program                                     ./drivers/fsl_flash.o
FLASH_ProgramOnce                                 ./drivers/fsl_flash.o
FLASH_ReadOnce                                    ./drivers/fsl_flash.o
FLASH_ReadResource                                ./drivers/fsl_flash.o
FLASH_SecurityBypass                              ./drivers/fsl_flash.o
FLASH_SetCallback                                 ./drivers/fsl_flash.o
FLASH_SetProperty                                 ./drivers/fsl_flash.o
FLASH_VerifyErase                                 ./drivers/fsl_flash.o
FLASH_VerifyEraseAll                              ./drivers/fsl_flash.o
FLASH_VerifyEraseAllExecuteOnlySegments           ./drivers/fsl_flash.o
FLASH_VerifyProgram                               ./drivers/fsl_flash.o
FTFA_DriverIRQHandler                             ./startup/startup_mkl25z4.o
FTFA_IRQHandler                                   ./startup/startup_mkl25z4.o
Flash_Config                                      ./startup/startup_mkl25z4.o
GPIO_ClearPinsInterruptFlags                      ./drivers/fsl_gpio.o
GPIO_GetPinsInterruptFlags                        ./drivers/fsl_gpio.o
GPIO_PinInit                                      ./drivers/fsl_gpio.o
HardFault_Handler                                 ./source/semihost_hardfault.o
                                                  ./startup/startup_mkl25z4.o
I2C0_DriverIRQHandler                             ./startup/startup_mkl25z4.o
I2C0_IRQHandler                                   ./startup/startup_mkl25z4.o
I2C1_DriverIRQHandler                             ./startup/startup_mkl25z4.o
I2C1_IRQHandler                                   ./startup/startup_mkl25z4.o
Init_RGB_LED_PWM                                  ./source/led.o
                                                  ./source/main.o
InstallIRQHandler                                 ./drivers/fsl_common.o
IntDefaultHandler                                 ./startup/startup_mkl25z4.o
LLWU_DriverIRQHandler                             ./startup/startup_mkl25z4.o
LLWU_IRQHandler                                   ./startup/startup_mkl25z4.o
LPSCI_ClearStatusFlags                            ./drivers/fsl_lpsci.o
                                                  ./drivers/fsl_lpsci_freertos.o
LPSCI_Deinit                                      ./drivers/fsl_lpsci.o
                                                  ./drivers/fsl_lpsci_freertos.o
                                                  ./utilities/fsl_debug_console.o
LPSCI_DisableInterrupts                           ./drivers/fsl_lpsci.o
LPSCI_EnableInterrupts                            ./drivers/fsl_lpsci.o
LPSCI_GetDefaultConfig                            ./drivers/fsl_lpsci.o
                                                  ./drivers/fsl_lpsci_freertos.o
                                                  ./utilities/fsl_debug_console.o
LPSCI_GetEnabledInterrupts                        ./drivers/fsl_lpsci.o
LPSCI_GetInstance                                 ./drivers/fsl_lpsci.o
LPSCI_GetStatusFlags                              ./drivers/fsl_lpsci.o
LPSCI_Init                                        ./drivers/fsl_lpsci.o
                                                  ./drivers/fsl_lpsci_freertos.o
                                                  ./utilities/fsl_debug_console.o
LPSCI_RTOS_Deinit                                 ./drivers/fsl_lpsci_freertos.o
LPSCI_RTOS_Init                                   ./drivers/fsl_lpsci_freertos.o
LPSCI_RTOS_Receive                                ./drivers/fsl_lpsci_freertos.o
LPSCI_RTOS_Send                                   ./drivers/fsl_lpsci_freertos.o
LPSCI_ReadBlocking                                ./drivers/fsl_lpsci.o
                                                  ./utilities/fsl_debug_console.o
LPSCI_SetBaudRate                                 ./drivers/fsl_lpsci.o
LPSCI_TransferAbortReceive                        ./drivers/fsl_lpsci.o
                                                  ./drivers/fsl_lpsci_freertos.o
LPSCI_TransferAbortSend                           ./drivers/fsl_lpsci.o
LPSCI_TransferCreateHandle                        ./drivers/fsl_lpsci.o
                                                  ./drivers/fsl_lpsci_freertos.o
LPSCI_TransferGetReceiveCount                     ./drivers/fsl_lpsci.o
LPSCI_TransferGetSendCount                        ./drivers/fsl_lpsci.o
LPSCI_TransferHandleErrorIRQ                      ./drivers/fsl_lpsci.o
LPSCI_TransferHandleIRQ                           ./drivers/fsl_lpsci.o
LPSCI_TransferReceiveNonBlocking                  ./drivers/fsl_lpsci.o
                                                  ./drivers/fsl_lpsci_freertos.o
LPSCI_TransferSendNonBlocking                     ./drivers/fsl_lpsci.o
                                                  ./drivers/fsl_lpsci_freertos.o
LPSCI_TransferStartRingBuffer                     ./drivers/fsl_lpsci.o
                                                  ./drivers/fsl_lpsci_freertos.o
LPSCI_TransferStopRingBuffer                      ./drivers/fsl_lpsci.o
LPSCI_WriteBlocking                               ./drivers/fsl_lpsci.o
                                                  ./utilities/fsl_debug_console.o
LPTMR0_DriverIRQHandler                           ./startup/startup_mkl25z4.o
LPTMR0_IRQHandler                                 ./startup/startup_mkl25z4.o
LVD_LVW_DriverIRQHandler                          ./startup/startup_mkl25z4.o
LVD_LVW_IRQHandler                                ./startup/startup_mkl25z4.o
MCG_DriverIRQHandler                              ./startup/startup_mkl25z4.o
MCG_IRQHandler                                    ./startup/startup_mkl25z4.o
NMI_Handler                                       ./startup/startup_mkl25z4.o
PIT_DriverIRQHandler                              ./startup/startup_mkl25z4.o
PIT_IRQHandler                                    ./startup/startup_mkl25z4.o
PORTA_DriverIRQHandler                            ./startup/startup_mkl25z4.o
PORTA_IRQHandler                                  ./startup/startup_mkl25z4.o
PORTD_DriverIRQHandler                            ./startup/startup_mkl25z4.o
PORTD_IRQHandler                                  ./startup/startup_mkl25z4.o
PendSV_Handler                                    ./freertos/port.o
                                                  ./startup/startup_mkl25z4.o
RGB_Table                                         ./source/task.o
RTC_DriverIRQHandler                              ./startup/startup_mkl25z4.o
RTC_IRQHandler                                    ./startup/startup_mkl25z4.o
RTC_Seconds_DriverIRQHandler                      ./startup/startup_mkl25z4.o
RTC_Seconds_IRQHandler                            ./startup/startup_mkl25z4.o
Reserved20_DriverIRQHandler                       ./startup/startup_mkl25z4.o
Reserved20_IRQHandler                             ./startup/startup_mkl25z4.o
Reserved39_DriverIRQHandler                       ./startup/startup_mkl25z4.o
Reserved39_IRQHandler                             ./startup/startup_mkl25z4.o
Reserved45_DriverIRQHandler                       ./startup/startup_mkl25z4.o
Reserved45_IRQHandler                             ./startup/startup_mkl25z4.o
ResetISR                                          ./startup/startup_mkl25z4.o
SMC_PostExitStopModes                             ./drivers/fsl_smc.o
SMC_PreEnterStopModes                             ./drivers/fsl_smc.o
SMC_SetPowerModeLls                               ./drivers/fsl_smc.o
SMC_SetPowerModeRun                               ./drivers/fsl_smc.o
SMC_SetPowerModeStop                              ./drivers/fsl_smc.o
SMC_SetPowerModeVlls                              ./drivers/fsl_smc.o
SMC_SetPowerModeVlpr                              ./drivers/fsl_smc.o
                                                  ./board/clock_config.o
SMC_SetPowerModeVlps                              ./drivers/fsl_smc.o
SMC_SetPowerModeVlpw                              ./drivers/fsl_smc.o
SMC_SetPowerModeWait                              ./drivers/fsl_smc.o
SPI0_DriverIRQHandler                             ./startup/startup_mkl25z4.o
SPI0_IRQHandler                                   ./startup/startup_mkl25z4.o
SPI1_DriverIRQHandler                             ./startup/startup_mkl25z4.o
SPI1_IRQHandler                                   ./startup/startup_mkl25z4.o
SVC_Handler                                       ./freertos/port.o
                                                  ./startup/startup_mkl25z4.o
SysTick_Handler                                   ./freertos/port.o
                                                  ./startup/startup_mkl25z4.o
SystemCoreClock                                   ./CMSIS/system_MKL25Z4.o
                                                  ./board/clock_config.o
                                                  ./freertos/fsl_tickless_systick.o
                                                  ./freertos/fsl_tickless_lptmr.o
SystemCoreClockUpdate                             ./CMSIS/system_MKL25Z4.o
SystemInit                                        ./CMSIS/system_MKL25Z4.o
                                                  ./startup/startup_mkl25z4.o
TPM0_DriverIRQHandler                             ./startup/startup_mkl25z4.o
TPM0_IRQHandler                                   ./startup/startup_mkl25z4.o
TPM1_DriverIRQHandler                             ./startup/startup_mkl25z4.o
TPM1_IRQHandler                                   ./startup/startup_mkl25z4.o
TPM2_DriverIRQHandler                             ./startup/startup_mkl25z4.o
TPM2_IRQHandler                                   ./startup/startup_mkl25z4.o
TSI0_DriverIRQHandler                             ./startup/startup_mkl25z4.o
TSI0_IRQHandler                                   ./startup/startup_mkl25z4.o
Touch_Init                                        ./source/touch.o
                                                  ./source/main.o
Touch_Scan_LH                                     ./source/touch.o
                                                  ./source/task.o
UART0_DriverIRQHandler                            ./drivers/fsl_lpsci.o
                                                  ./startup/startup_mkl25z4.o
UART0_IRQHandler                                  ./startup/startup_mkl25z4.o
UART1_DriverIRQHandler                            ./drivers/fsl_uart.o
                                                  ./startup/startup_mkl25z4.o
UART1_IRQHandler                                  ./startup/startup_mkl25z4.o